Archive member included to satisfy reference by file (symbol)

../../DaisySeed/DaisyExamples/libDaisy/build/libdaisy.a(daisy_seed.o)
                              build/ili9341.o (daisy::DaisySeed::DelayMs(unsigned int))
../../DaisySeed/DaisyExamples/libDaisy/build/libdaisy.a(codec_ak4556.o)
                              ../../DaisySeed/DaisyExamples/libDaisy/build/libdaisy.a(daisy_seed.o) (daisy::Ak4556::Init(dsy_gpio_pin))
../../DaisySeed/DaisyExamples/libDaisy/build/libdaisy.a(codec_wm8731.o)
                              ../../DaisySeed/DaisyExamples/libDaisy/build/libdaisy.a(daisy_seed.o) (daisy::Wm8731::Init(daisy::Wm8731::Config const&, daisy::I2CHandle))
../../DaisySeed/DaisyExamples/libDaisy/build/libdaisy.a(sdram.o)
                              ../../DaisySeed/DaisyExamples/libDaisy/build/libdaisy.a(daisy_seed.o) (SdramHandle::Init())
../../DaisySeed/DaisyExamples/libDaisy/build/libdaisy.a(audio.o)
                              ../../DaisySeed/DaisyExamples/libDaisy/build/libdaisy.a(daisy_seed.o) (daisy::AudioHandle::Init(daisy::AudioHandle::Config const&, daisy::SaiHandle))
../../DaisySeed/DaisyExamples/libDaisy/build/libdaisy.a(logger.o)
                              build/main.o (daisy::Logger<(daisy::LoggerDestination)1>::PrintLine(char const*, ...))
../../DaisySeed/DaisyExamples/libDaisy/build/libdaisy.a(usb.o)
                              ../../DaisySeed/DaisyExamples/libDaisy/build/libdaisy.a(logger.o) (daisy::UsbHandle::Init(daisy::UsbHandle::UsbPeriph))
../../DaisySeed/DaisyExamples/libDaisy/build/libdaisy.a(gpio.o)
                              build/main.o (daisy::GPIO::Init(daisy::Pin, daisy::GPIO::Mode, daisy::GPIO::Pull, daisy::GPIO::Speed))
../../DaisySeed/DaisyExamples/libDaisy/build/libdaisy.a(i2c.o)
                              build/main.o (daisy::I2CHandle::Init(daisy::I2CHandle::Config const&))
../../DaisySeed/DaisyExamples/libDaisy/build/libdaisy.a(qspi.o)
                              ../../DaisySeed/DaisyExamples/libDaisy/build/libdaisy.a(daisy_seed.o) (daisy::QSPIHandle::Init(daisy::QSPIHandle::Config const&))
../../DaisySeed/DaisyExamples/libDaisy/build/libdaisy.a(sai.o)
                              ../../DaisySeed/DaisyExamples/libDaisy/build/libdaisy.a(daisy_seed.o) (daisy::SaiHandle::Init(daisy::SaiHandle::Config const&))
../../DaisySeed/DaisyExamples/libDaisy/build/libdaisy.a(spi.o)
                              build/main.o (daisy::SpiHandle::Init(daisy::SpiHandle::Config const&))
../../DaisySeed/DaisyExamples/libDaisy/build/libdaisy.a(system.o)
                              ../../DaisySeed/DaisyExamples/libDaisy/build/libdaisy.a(daisy_seed.o) (daisy::System::DeInit())
../../DaisySeed/DaisyExamples/libDaisy/build/libdaisy.a(system_stm32h7xx.o)
                              build/startup_stm32h750xx.o (SystemInit)
../../DaisySeed/DaisyExamples/libDaisy/build/libdaisy.a(usbd_cdc_if.o)
                              ../../DaisySeed/DaisyExamples/libDaisy/build/libdaisy.a(usb.o) (CDC_Transmit_FS)
../../DaisySeed/DaisyExamples/libDaisy/build/libdaisy.a(usbd_conf.o)
                              ../../DaisySeed/DaisyExamples/libDaisy/build/libdaisy.a(system.o) (hpcd_USB_OTG_HS)
../../DaisySeed/DaisyExamples/libDaisy/build/libdaisy.a(usbd_desc.o)
                              ../../DaisySeed/DaisyExamples/libDaisy/build/libdaisy.a(usb.o) (HS_Desc)
../../DaisySeed/DaisyExamples/libDaisy/build/libdaisy.a(usbh_conf.o)
                              ../../DaisySeed/DaisyExamples/libDaisy/build/libdaisy.a(system.o) (hhcd_USB_OTG_HS)
../../DaisySeed/DaisyExamples/libDaisy/build/libdaisy.a(hal_map.o)
                              ../../DaisySeed/DaisyExamples/libDaisy/build/libdaisy.a(gpio.o) (dsy_hal_map_get_port)
../../DaisySeed/DaisyExamples/libDaisy/build/libdaisy.a(stm32h7xx_hal.o)
                              ../../DaisySeed/DaisyExamples/libDaisy/build/libdaisy.a(system.o) (HAL_Init)
../../DaisySeed/DaisyExamples/libDaisy/build/libdaisy.a(stm32h7xx_hal_cortex.o)
                              ../../DaisySeed/DaisyExamples/libDaisy/build/libdaisy.a(stm32h7xx_hal.o) (HAL_NVIC_SetPriorityGrouping)
../../DaisySeed/DaisyExamples/libDaisy/build/libdaisy.a(stm32h7xx_hal_dma.o)
                              ../../DaisySeed/DaisyExamples/libDaisy/build/libdaisy.a(i2c.o) (HAL_DMA_Init)
../../DaisySeed/DaisyExamples/libDaisy/build/libdaisy.a(stm32h7xx_hal_gpio.o)
                              ../../DaisySeed/DaisyExamples/libDaisy/build/libdaisy.a(sdram.o) (HAL_GPIO_Init)
../../DaisySeed/DaisyExamples/libDaisy/build/libdaisy.a(stm32h7xx_hal_hcd.o)
                              ../../DaisySeed/DaisyExamples/libDaisy/build/libdaisy.a(usbh_conf.o) (HAL_HCD_HC_Init)
../../DaisySeed/DaisyExamples/libDaisy/build/libdaisy.a(stm32h7xx_hal_i2c.o)
                              ../../DaisySeed/DaisyExamples/libDaisy/build/libdaisy.a(i2c.o) (HAL_I2C_Init)
../../DaisySeed/DaisyExamples/libDaisy/build/libdaisy.a(stm32h7xx_hal_i2c_ex.o)
[...]
Memory Configuration

Name             Origin             Length             Attributes
FLASH            0x0000000008000000 0x0000000000020000 xr
DTCMRAM          0x0000000020000000 0x0000000000020000 xrw
SRAM             0x0000000024000000 0x0000000000080000 xrw
RAM_D2           0x0000000030000000 0x0000000000048000 xrw
RAM_D3           0x0000000038000000 0x0000000000010000 xrw
BACKUP_SRAM      0x0000000038800000 0x0000000000001000 xrw
ITCMRAM          0x0000000000000000 0x0000000000010000 xrw
SDRAM            0x00000000c0000000 0x0000000004000000 xrw
QSPIFLASH        0x0000000090000000 0x0000000000800000 xr
*default*        0x0000000000000000 0xffffffffffffffff

Linker script and memory map

LOAD /Library/DaisyToolchain/0.2.0/arm/bin/../lib/gcc/arm-none-eabi/10.3.1/thumb/v7e-m+dp/hard/crti.o
LOAD /Library/DaisyToolchain/0.2.0/arm/bin/../lib/gcc/arm-none-eabi/10.3.1/thumb/v7e-m+dp/hard/crtbegin.o
LOAD /Library/DaisyToolchain/0.2.0/arm/bin/../lib/gcc/arm-none-eabi/10.3.1/../../../../arm-none-eabi/lib/thumb/v7e-m+dp/hard/crt0.o
LOAD build/fonts.o
LOAD build/startup_stm32h750xx.o
LOAD build/main.o
LOAD build/ili9341.o
LOAD ../../DaisySeed/DaisyExamples/libDaisy/build/libdaisy.a
LOAD /Library/DaisyToolchain/0.2.0/arm/bin/../lib/gcc/arm-none-eabi/10.3.1/../../../../arm-none-eabi/lib/thumb/v7e-m+dp/hard/libnosys.a
LOAD ../../DaisySeed/DaisyExamples/DaisySP/build/libdaisysp.a
LOAD /Library/DaisyToolchain/0.2.0/arm/bin/../lib/gcc/arm-none-eabi/10.3.1/../../../../arm-none-eabi/lib/thumb/v7e-m+dp/hard/libstdc++_nano.a
LOAD /Library/DaisyToolchain/0.2.0/arm/bin/../lib/gcc/arm-none-eabi/10.3.1/../../../../arm-none-eabi/lib/thumb/v7e-m+dp/hard/libm.a
LOAD /Library/DaisyToolchain/0.2.0/arm/bin/../lib/gcc/arm-none-eabi/10.3.1/../../../../arm-none-eabi/lib/thumb/v7e-m+dp/hard/libc_nano.a
START GROUP
LOAD /Library/DaisyToolchain/0.2.0/arm/bin/../lib/gcc/arm-none-eabi/10.3.1/thumb/v7e-m+dp/hard/libgcc.a
LOAD /Library/DaisyToolchain/0.2.0/arm/bin/../lib/gcc/arm-none-eabi/10.3.1/../../../../arm-none-eabi/lib/thumb/v7e-m+dp/hard/libc_nano.a
END GROUP
START GROUP
LOAD /Library/DaisyToolchain/0.2.0/arm/bin/../lib/gcc/arm-none-eabi/10.3.1/thumb/v7e-m+dp/hard/libgcc.a
LOAD /Library/DaisyToolchain/0.2.0/arm/bin/../lib/gcc/arm-none-eabi/10.3.1/../../../../arm-none-eabi/lib/thumb/v7e-m+dp/hard/libc_nano.a
LOAD /Library/DaisyToolchain/0.2.0/arm/bin/../lib/gcc/arm-none-eabi/10.3.1/../../../../arm-none-eabi/lib/thumb/v7e-m+dp/hard/libnosys.a
END GROUP
START GROUP
LOAD /Library/DaisyToolchain/0.2.0/arm/bin/../lib/gcc/arm-none-eabi/10.3.1/thumb/v7e-m+dp/hard/libgcc.a
LOAD /Library/DaisyToolchain/0.2.0/arm/bin/../lib/gcc/arm-none-eabi/10.3.1/../../../../arm-none-eabi/lib/thumb/v7e-m+dp/hard/libc_nano.a
LOAD /Library/DaisyToolchain/0.2.0/arm/bin/../lib/gcc/arm-none-eabi/10.3.1/../../../../arm-none-eabi/lib/thumb/v7e-m+dp/hard/libnosys.a
END GROUP
LOAD /Library/DaisyToolchain/0.2.0/arm/bin/../lib/gcc/arm-none-eabi/10.3.1/thumb/v7e-m+dp/hard/crtend.o
LOAD /Library/DaisyToolchain/0.2.0/arm/bin/../lib/gcc/arm-none-eabi/10.3.1/thumb/v7e-m+dp/hard/crtn.o
                0x0000000020020000                _estack = 0x20020000

.isr_vector     0x0000000008000000      0x298
                0x0000000008000000                . = ALIGN (0x4)
 *(.isr_vector)
 .isr_vector    0x0000000008000000      0x298 build/startup_stm32h750xx.o
                0x0000000008000000                g_pfnVectors
                0x0000000008000298                . = ALIGN (0x4)

.text           0x00000000080002a0    0x12948
                0x00000000080002a0                . = ALIGN (0x4)
                0x00000000080002a0                _stext = .
 *(.text)
 .text          0x00000000080002a0       0x40 /Library/DaisyToolchain/0.2.0/arm/bin/../lib/gcc/arm-none-eabi/10.3.1/thumb/v7e-m+dp/hard/crtbegin.o
 .text          0x00000000080002e0       0xa0 /Library/DaisyToolchain/0.2.0/arm/bin/../lib/gcc/arm-none-eabi/10.3.1/../../../../arm-none-eabi/lib/thumb/v7e-m+dp/hard/libc_nano.a(lib_a-memchr.o)
                0x00000000080002e0                memchr
 .text          0x0000000008000380       0x30 /Library/DaisyToolchain/0.2.0/arm/bin/../lib/gcc/arm-none-eabi/10.3.1/thumb/v7e-m+dp/hard/libgcc.a(_aeabi_uldivmod.o)
                0x0000000008000380                __aeabi_uldivmod
 .text          0x00000000080003b0      0x2d0 /Library/DaisyToolchain/0.2.0/arm/bin/../lib/gcc/arm-none-eabi/10.3.1/thumb/v7e-m+dp/hard/libgcc.a(_udivmoddi4.o)
                0x00000000080003b0                __udivmoddi4
 .text          0x0000000008000680        0x4 /Library/DaisyToolchain/0.2.0/arm/bin/../lib/gcc/arm-none-eabi/10.3.1/thumb/v7e-m+dp/hard/libgcc.a(_dvmd_tls.o)
                0x0000000008000680                __aeabi_ldiv0
                0x0000000008000680                __aeabi_idiv0
 *(.text*)
 .text.Default_Handler
                0x0000000008000684        0x4 build/startup_stm32h750xx.o
                0x0000000008000684                SAI1_IRQHandler
                0x0000000008000684                HASH_RNG_IRQHandler
                0x0000000008000684                EXTI2_IRQHandler
                0x0000000008000684                TIM8_CC_IRQHandler
                0x0000000008000684                HRTIM1_Master_IRQHandler
                0x0000000008000684                DebugMon_Handler
                0x0000000008000684                TIM1_CC_IRQHandler
                0x0000000008000684                BDMA_Channel6_IRQHandler
                0x0000000008000684                DMA2_Stream5_IRQHandler
                0x0000000008000684                HRTIM1_FLT_IRQHandler
                0x0000000008000684                JPEG_IRQHandler
                0x0000000008000684                BDMA_Channel1_IRQHandler
                0x0000000008000684                HRTIM1_TIMD_IRQHandler
                0x0000000008000684                TAMP_STAMP_IRQHandler
                0x0000000008000684                PendSV_Handler
                0x0000000008000684                NMI_Handler
                0x0000000008000684                EXTI3_IRQHandler
                0x0000000008000684                LPTIM4_IRQHandler
                0x0000000008000684                TIM8_TRG_COM_TIM14_IRQHandler
                0x0000000008000684                LPTIM2_IRQHandler
                0x0000000008000684                DFSDM1_FLT1_IRQHandler
                0x0000000008000684                DMAMUX2_OVR_IRQHandler
                0x0000000008000684                TIM8_UP_TIM13_IRQHandler
                0x0000000008000684                I2C3_ER_IRQHandler
                0x0000000008000684                DFSDM1_FLT2_IRQHandler
                0x0000000008000684                MDMA_IRQHandler
                0x0000000008000684                LPTIM3_IRQHandler
                0x0000000008000684                HSEM1_IRQHandler
                0x0000000008000684                EXTI0_IRQHandler
                0x0000000008000684                DMA1_Stream2_IRQHandler
                0x0000000008000684                FPU_IRQHandler
                0x0000000008000684                OTG_HS_WKUP_IRQHandler
                0x0000000008000684                FDCAN1_IT1_IRQHandler
                0x0000000008000684                UsageFault_Handler
                0x0000000008000684                LTDC_ER_IRQHandler
                0x0000000008000684                HRTIM1_TIME_IRQHandler
                0x0000000008000684                TIM6_DAC_IRQHandler
                0x0000000008000684                DCMI_IRQHandler
                0x0000000008000684                HRTIM1_TIMC_IRQHandler
                0x0000000008000684                SAI2_IRQHandler
                0x0000000008000684                DFSDM1_FLT3_IRQHandler
                0x0000000008000684                TIM17_IRQHandler
                0x0000000008000684                CRYP_IRQHandler
                0x0000000008000684                BDMA_Channel7_IRQHandler
                0x0000000008000684                LPTIM5_IRQHandler
                0x0000000008000684                ADC3_IRQHandler
                0x0000000008000684                DMA2_Stream0_IRQHandler
                0x0000000008000684                BDMA_Channel2_IRQHandler
                0x0000000008000684                DMAMUX1_OVR_IRQHandler
                0x0000000008000684                TIM16_IRQHandler
                0x0000000008000684                BDMA_Channel5_IRQHandler
                0x0000000008000684                RCC_IRQHandler
                0x0000000008000684                TIM8_BRK_TIM12_IRQHandler
                0x0000000008000684                TIM1_TRG_COM_IRQHandler
                0x0000000008000684                Default_Handler
                0x0000000008000684                ECC_IRQHandler
                0x0000000008000684                CEC_IRQHandler
                0x0000000008000684                EXTI15_10_IRQHandler
                0x0000000008000684                BDMA_Channel0_IRQHandler
                0x0000000008000684                ADC_IRQHandler
                0x0000000008000684                DMA1_Stream7_IRQHandler
                0x0000000008000684                HRTIM1_TIMA_IRQHandler
                0x0000000008000684                TIM7_IRQHandler
                0x0000000008000684                SDMMC1_IRQHandler
                0x0000000008000684                DMA2_Stream7_IRQHandler
                0x0000000008000684                TIM15_IRQHandler
                0x0000000008000684                PVD_AVD_IRQHandler
                0x0000000008000684                EXTI9_5_IRQHandler
                0x0000000008000684                RTC_WKUP_IRQHandler
                0x0000000008000684                LTDC_IRQHandler
                0x0000000008000684                SAI3_IRQHandler
                0x0000000008000684                ETH_WKUP_IRQHandler
                0x0000000008000684                SPDIF_RX_IRQHandler
                0x0000000008000684                MemManage_Handler
                0x0000000008000684                SVC_Handler
                0x0000000008000684                CRS_IRQHandler
                0x0000000008000684                EXTI4_IRQHandler
                0x0000000008000684                HRTIM1_TIMB_IRQHandler
                0x0000000008000684                FDCAN2_IT1_IRQHandler
                0x0000000008000684                ETH_IRQHandler
                0x0000000008000684                TIM1_UP_IRQHandler
                0x0000000008000684                BDMA_Channel4_IRQHandler
                0x0000000008000684                WWDG_IRQHandler
                0x0000000008000684                SPI6_IRQHandler
                0x0000000008000684                I2C4_EV_IRQHandler
                0x0000000008000684                MDIOS_IRQHandler
                0x0000000008000684                FDCAN2_IT0_IRQHandler
                0x0000000008000684                FDCAN1_IT0_IRQHandler
                0x0000000008000684                OTG_FS_WKUP_IRQHandler
                0x0000000008000684                DMA2D_IRQHandler
                0x0000000008000684                TIM1_BRK_IRQHandler
                0x0000000008000684                EXTI1_IRQHandler
                0x0000000008000684                SDMMC2_IRQHandler
                0x0000000008000684                BDMA_Channel3_IRQHandler
                0x0000000008000684                MDIOS_WKUP_IRQHandler
                0x0000000008000684                DFSDM1_FLT0_IRQHandler
                0x0000000008000684                SAI4_IRQHandler
                0x0000000008000684                I2C2_ER_IRQHandler
                0x0000000008000684                DMA2_Stream1_IRQHandler
                0x0000000008000684                FLASH_IRQHandler
                0x0000000008000684                BusFault_Handler
                0x0000000008000684                WAKEUP_PIN_IRQHandler
                0x0000000008000684                I2C1_ER_IRQHandler
                0x0000000008000684                FMC_IRQHandler
                0x0000000008000684                FDCAN_CAL_IRQHandler
                0x0000000008000684                SWPMI1_IRQHandler
                0x0000000008000684                COMP1_IRQHandler
                0x0000000008000684                LPTIM1_IRQHandler
                0x0000000008000684                I2C4_ER_IRQHandler
                0x0000000008000684                DMA2_Stream6_IRQHandler
                0x0000000008000684                RTC_Alarm_IRQHandler
 .text.Reset_Handler
                0x0000000008000688       0x44 build/startup_stm32h750xx.o
                0x0000000008000688                Reset_Handler
 .text._ZN5daisy9DaisySeedD2Ev
                0x00000000080006cc        0x4 build/main.o
                0x00000000080006cc                daisy::DaisySeed::~DaisySeed()
                0x00000000080006cc                daisy::DaisySeed::~DaisySeed()
 .text._Z9GPIO_Initv
                0x00000000080006d0       0x6c build/main.o
                0x00000000080006d0                GPIO_Init()
 .text._Z8SPI_Initv
                0x000000000800073c       0x44 build/main.o
                0x000000000800073c                SPI_Init()
 .text.startup.main
                0x0000000008000780       0x84 build/main.o
                0x0000000008000780                main
 .text.startup._GLOBAL__sub_I_hw
                0x0000000008000804       0x8c build/main.o
 .text._ZL24ILI9341_SetAddressWindowtttt
                0x0000000008000890       0xe4 build/ili9341.o
 .text._Z21ILI9341_FillRectanglettttt.part.0
                0x0000000008000974       0xf0 build/ili9341.o
 .text._Z16ILI9341_Unselectv
                0x0000000008000a64        0xc build/ili9341.o
                0x0000000008000a64                ILI9341_Unselect()
 .text._Z12ILI9341_Initv
                0x0000000008000a70      0x5a0 build/ili9341.o
                0x0000000008000a70                ILI9341_Init()
 .text._Z19ILI9341_WriteStringttPKc20Adafruit_TFT_FontDeftt
                0x0000000008001010      0x15c build/ili9341.o
                0x0000000008001010                ILI9341_WriteString(unsigned short, unsigned short, char const*, Adafruit_TFT_FontDef, unsigned short, unsigned short)
 .text._Z18ILI9341_FillScreent
                0x000000000800116c       0x1c build/ili9341.o
                0x000000000800116c                ILI9341_FillScreen(unsigned short)
 .text._ZN5daisy9DaisySeed7DelayMsEj
                0x0000000008001188        0x8 ../../DaisySeed/DaisyExamples/libDaisy/build/libdaisy.a(daisy_seed.o)
                0x0000000008001188                daisy::DaisySeed::DelayMs(unsigned int)
 .text._ZN5daisy9DaisySeed17CheckBoardVersionEv
                0x0000000008001190       0x6c ../../DaisySeed/DaisyExamples/libDaisy/build/libdaisy.a(daisy_seed.o)
                0x0000000008001190                daisy::DaisySeed::CheckBoardVersion()
 .text._ZN5daisy9DaisySeed14ConfigureAudioEv
                0x00000000080011fc      0x10c ../../DaisySeed/DaisyExamples/libDaisy/build/libdaisy.a(daisy_seed.o)
                0x00000000080011fc                daisy::DaisySeed::ConfigureAudio()
 .text._ZN5daisy9DaisySeed4InitEb
                0x0000000008001308      0x108 ../../DaisySeed/DaisyExamples/libDaisy/build/libdaisy.a(daisy_seed.o)
                0x0000000008001308                daisy::DaisySeed::Init(bool)
 .text._ZN5daisy6Ak45564InitE12dsy_gpio_pin
                0x0000000008001410       0x44 ../../DaisySeed/DaisyExamples/libDaisy/build/libdaisy.a(codec_ak4556.o)
                0x0000000008001410                daisy::Ak4556::Init(dsy_gpio_pin)
 .text._ZN5daisy6Wm873120WriteControlRegisterEht
                0x0000000008001454       0x3c ../../DaisySeed/DaisyExamples/libDaisy/build/libdaisy.a(codec_wm8731.o)
                0x0000000008001454                daisy::Wm8731::WriteControlRegister(unsigned char, unsigned short)
 .text._ZN5daisy6Wm87314InitERKNS0_6ConfigENS_9I2CHandleE
                0x0000000008001490      0x1bc ../../DaisySeed/DaisyExamples/libDaisy/build/libdaisy.a(codec_wm8731.o)
                0x0000000008001490                daisy::Wm8731::Init(daisy::Wm8731::Config const&, daisy::I2CHandle)
 .text._ZN11SdramHandle10DeviceInitEv
                0x000000000800164c       0x98 ../../DaisySeed/DaisyExamples/libDaisy/build/libdaisy.a(sdram.o)
                0x000000000800164c                SdramHandle::DeviceInit()
 .text._ZN11SdramHandle4InitEv
                0x00000000080016e4       0x7c ../../DaisySeed/DaisyExamples/libDaisy/build/libdaisy.a(sdram.o)
                0x00000000080016e4                SdramHandle::Init()
 .text.HAL_SDRAM_MspInit
                0x0000000008001760      0x1a8 ../../DaisySeed/DaisyExamples/libDaisy/build/libdaisy.a(sdram.o)
                0x0000000008001760                HAL_SDRAM_MspInit
 .text._ZN5daisy11AudioHandle4InitERKNS0_6ConfigENS_9SaiHandleE
                0x0000000008001908       0x70 ../../DaisySeed/DaisyExamples/libDaisy/build/libdaisy.a(audio.o)
                0x0000000008001908                daisy::AudioHandle::Init(daisy::AudioHandle::Config const&, daisy::SaiHandle)
 .text._ZNK5daisy11AudioHandle9GetConfigEv
                0x0000000008001978        0x8 ../../DaisySeed/DaisyExamples/libDaisy/build/libdaisy.a(audio.o)
                0x0000000008001978                daisy::AudioHandle::GetConfig() const
 .text._ZN5daisy11AudioHandle13GetSampleRateEv
                0x0000000008001980        0x8 ../../DaisySeed/DaisyExamples/libDaisy/build/libdaisy.a(audio.o)
                0x0000000008001980                daisy::AudioHandle::GetSampleRate()
 .text.startup._GLOBAL__sub_I__ZN5daisy11AudioHandle4Impl4InitENS0_6ConfigENS_9SaiHandleE
                0x0000000008001988       0x24 ../../DaisySeed/DaisyExamples/libDaisy/build/libdaisy.a(audio.o)
 .text._ZN5daisy9UsbHandleD2Ev
                0x00000000080019ac        0x4 ../../DaisySeed/DaisyExamples/libDaisy/build/libdaisy.a(logger.o)
                0x00000000080019ac                daisy::UsbHandle::~UsbHandle()
                0x00000000080019ac                daisy::UsbHandle::~UsbHandle()
 .text._ZN5daisy6LoggerILNS_17LoggerDestinationE1EE11TransmitBufEv
                0x00000000080019b0       0x60 ../../DaisySeed/DaisyExamples/libDaisy/build/libdaisy.a(logger.o)
                0x00000000080019b0                daisy::Logger<(daisy::LoggerDestination)1>::TransmitBuf()
 .text._ZN5daisy6LoggerILNS_17LoggerDestinationE1EE13AppendNewLineEv
                0x0000000008001a10       0x60 ../../DaisySeed/DaisyExamples/libDaisy/build/libdaisy.a(logger.o)
                0x0000000008001a10                daisy::Logger<(daisy::LoggerDestination)1>::AppendNewLine()
 .text._ZN5daisy6LoggerILNS_17LoggerDestinationE1EE10PrintLineVEPKcSt9__va_list
                0x0000000008001a70       0x30 ../../DaisySeed/DaisyExamples/libDaisy/build/libdaisy.a(logger.o)
                0x0000000008001a70                daisy::Logger<(daisy::LoggerDestination)1>::PrintLineV(char const*, std::__va_list)
 .text._ZN5daisy6LoggerILNS_17LoggerDestinationE1EE9PrintLineEPKcz
                0x0000000008001aa0       0x1c ../../DaisySeed/DaisyExamples/libDaisy/build/libdaisy.a(logger.o)
                0x0000000008001aa0                daisy::Logger<(daisy::LoggerDestination)1>::PrintLine(char const*, ...)
 .text._ZN5daisy6LoggerILNS_17LoggerDestinationE1EE8StartLogEb
                0x0000000008001abc       0x40 ../../DaisySeed/DaisyExamples/libDaisy/build/libdaisy.a(logger.o)
                0x0000000008001abc                daisy::Logger<(daisy::LoggerDestination)1>::StartLog(bool)
 .text.startup._GLOBAL__sub_I__ZN5daisy10LoggerImplILNS_17LoggerDestinationE1EE11usb_handle_E
                0x0000000008001afc       0x2c ../../DaisySeed/DaisyExamples/libDaisy/build/libdaisy.a(logger.o)
 .text.DummyRxCallback
                0x0000000008001b28        0x4 ../../DaisySeed/DaisyExamples/libDaisy/build/libdaisy.a(usb.o)
                0x0000000008001b28                DummyRxCallback
 .text._ZN5daisy9UsbHandle4InitENS0_9UsbPeriphE
                0x0000000008001b2c      0x10c ../../DaisySeed/DaisyExamples/libDaisy/build/libdaisy.a(usb.o)
                0x0000000008001b2c                daisy::UsbHandle::Init(daisy::UsbHandle::UsbPeriph)
 .text._ZN5daisy9UsbHandle16TransmitInternalEPhj
                0x0000000008001c38       0x14 ../../DaisySeed/DaisyExamples/libDaisy/build/libdaisy.a(usb.o)
                0x0000000008001c38                daisy::UsbHandle::TransmitInternal(unsigned char*, unsigned int)
 .text.OTG_FS_EP1_OUT_IRQHandler
                0x0000000008001c4c        0xc ../../DaisySeed/DaisyExamples/libDaisy/build/libdaisy.a(usb.o)
                0x0000000008001c4c                OTG_FS_EP1_OUT_IRQHandler
 .text.OTG_FS_EP1_IN_IRQHandler
                0x0000000008001c58        0xc ../../DaisySeed/DaisyExamples/libDaisy/build/libdaisy.a(usb.o)
                0x0000000008001c58                OTG_FS_EP1_IN_IRQHandler
 .text.OTG_FS_IRQHandler
                0x0000000008001c64        0xc ../../DaisySeed/DaisyExamples/libDaisy/build/libdaisy.a(usb.o)
                0x0000000008001c64                OTG_FS_IRQHandler
 .text._ZN5daisy4GPIO4InitENS_3PinENS0_4ModeENS0_4PullENS0_5SpeedE
                0x0000000008001c70      0x1cc ../../DaisySeed/DaisyExamples/libDaisy/build/libdaisy.a(gpio.o)
                0x0000000008001c70                daisy::GPIO::Init(daisy::Pin, daisy::GPIO::Mode, daisy::GPIO::Pull, daisy::GPIO::Speed)
 .text._ZN5daisy4GPIO4ReadEv
                0x0000000008001e3c       0x18 ../../DaisySeed/DaisyExamples/libDaisy/build/libdaisy.a(gpio.o)
                0x0000000008001e3c                daisy::GPIO::Read()
 .text._ZN5daisy4GPIO5WriteEb
                0x0000000008001e54       0x14 ../../DaisySeed/DaisyExamples/libDaisy/build/libdaisy.a(gpio.o)
                0x0000000008001e54                daisy::GPIO::Write(bool)
 .text.dsy_gpio_init
                0x0000000008001e68      0x1b8 ../../DaisySeed/DaisyExamples/libDaisy/build/libdaisy.a(gpio.o)
                0x0000000008001e68                dsy_gpio_init
 .text.dsy_gpio_write
                0x0000000008002020       0x24 ../../DaisySeed/DaisyExamples/libDaisy/build/libdaisy.a(gpio.o)
                0x0000000008002020                dsy_gpio_write
 .text._ZN5daisy9I2CHandle4Impl8InitPinsEv
                0x0000000008002044       0x58 ../../DaisySeed/DaisyExamples/libDaisy/build/libdaisy.a(i2c.o)
                0x0000000008002044                daisy::I2CHandle::Impl::InitPins()
 .text.HAL_I2C_MspInit
                0x000000000800209c      0x1b4 ../../DaisySeed/DaisyExamples/libDaisy/build/libdaisy.a(i2c.o)
                0x000000000800209c                HAL_I2C_MspInit
 .text.dsy_i2c_global_init
                0x0000000008002250       0x78 ../../DaisySeed/DaisyExamples/libDaisy/build/libdaisy.a(i2c.o)
                0x0000000008002250                dsy_i2c_global_init
 .text.DMA1_Stream6_IRQHandler
                0x00000000080022c8       0x34 ../../DaisySeed/DaisyExamples/libDaisy/build/libdaisy.a(i2c.o)
                0x00000000080022c8                DMA1_Stream6_IRQHandler
 .text.I2C1_EV_IRQHandler
                0x00000000080022fc        0xc ../../DaisySeed/DaisyExamples/libDaisy/build/libdaisy.a(i2c.o)
                0x00000000080022fc                I2C1_EV_IRQHandler
 .text.I2C2_EV_IRQHandler
                0x0000000008002308        0xc ../../DaisySeed/DaisyExamples/libDaisy/build/libdaisy.a(i2c.o)
                0x0000000008002308                I2C2_EV_IRQHandler
 .text.I2C3_EV_IRQHandler
                0x0000000008002314        0xc ../../DaisySeed/DaisyExamples/libDaisy/build/libdaisy.a(i2c.o)
                0x0000000008002314                I2C3_EV_IRQHandler
 .text._ZN5daisy9I2CHandle4InitERKNS0_6ConfigE
                0x0000000008002320      0x12c ../../DaisySeed/DaisyExamples/libDaisy/build/libdaisy.a(i2c.o)
                0x0000000008002320                daisy::I2CHandle::Init(daisy::I2CHandle::Config const&)
 .text._ZN5daisy9I2CHandle16TransmitBlockingEtPhtm
                0x000000000800244c       0x50 ../../DaisySeed/DaisyExamples/libDaisy/build/libdaisy.a(i2c.o)
                0x000000000800244c                daisy::I2CHandle::TransmitBlocking(unsigned short, unsigned char*, unsigned short, unsigned long)
 .text.startup._GLOBAL__sub_I__ZN5daisy9I2CHandle4Impl10GlobalInitEv
                0x000000000800249c       0x18 ../../DaisySeed/DaisyExamples/libDaisy/build/libdaisy.a(i2c.o)
 .text._ZN5daisy10QSPIHandle4Impl11WriteEnableEv
                0x00000000080024b4       0x8c ../../DaisySeed/DaisyExamples/libDaisy/build/libdaisy.a(qspi.o)
                0x00000000080024b4                daisy::QSPIHandle::Impl::WriteEnable()
 .text._ZN5daisy10QSPIHandle4Impl17DummyCyclesConfigENS0_6Config6DeviceE
                0x0000000008002540      0x118 ../../DaisySeed/DaisyExamples/libDaisy/build/libdaisy.a(qspi.o)
                0x0000000008002540                daisy::QSPIHandle::Impl::DummyCyclesConfig(daisy::QSPIHandle::Config::Device)
 .text._ZN5daisy10QSPIHandle4Impl10QuadEnableEv
                0x0000000008002658      0x158 ../../DaisySeed/DaisyExamples/libDaisy/build/libdaisy.a(qspi.o)
                0x0000000008002658                daisy::QSPIHandle::Impl::QuadEnable()
 .text._ZN5daisy10QSPIHandle4InitERKNS0_6ConfigE
                0x00000000080027b0      0x198 ../../DaisySeed/DaisyExamples/libDaisy/build/libdaisy.a(qspi.o)
                0x00000000080027b0                daisy::QSPIHandle::Init(daisy::QSPIHandle::Config const&)
 .text.HAL_QSPI_MspInit
                0x0000000008002948      0x11c ../../DaisySeed/DaisyExamples/libDaisy/build/libdaisy.a(qspi.o)
                0x0000000008002948                HAL_QSPI_MspInit
 .text.HAL_QSPI_MspDeInit
                0x0000000008002a64       0x54 ../../DaisySeed/DaisyExamples/libDaisy/build/libdaisy.a(qspi.o)
                0x0000000008002a64                HAL_QSPI_MspDeInit
 .text.QUADSPI_IRQHandler
                0x0000000008002ab8        0xc ../../DaisySeed/DaisyExamples/libDaisy/build/libdaisy.a(qspi.o)
                0x0000000008002ab8                QUADSPI_IRQHandler
 .text.startup._GLOBAL__sub_I__ZN5daisy10QSPIHandle4Impl4InitERKNS0_6ConfigE
                0x0000000008002ac4       0x28 ../../DaisySeed/DaisyExamples/libDaisy/build/libdaisy.a(qspi.o)
 .text._ZN5daisy9SaiHandle4Impl7InitDmaENS1_15PeripheralBlockE
                0x0000000008002aec       0xa0 ../../DaisySeed/DaisyExamples/libDaisy/build/libdaisy.a(sai.o)
                0x0000000008002aec                daisy::SaiHandle::Impl::InitDma(daisy::SaiHandle::Impl::PeripheralBlock)
 .text._ZN5daisy9SaiHandle4Impl8InitPinsEv
                0x0000000008002b8c       0xa8 ../../DaisySeed/DaisyExamples/libDaisy/build/libdaisy.a(sai.o)
                0x0000000008002b8c                daisy::SaiHandle::Impl::InitPins()
 .text.HAL_SAI_MspInit
                0x0000000008002c34      0x164 ../../DaisySeed/DaisyExamples/libDaisy/build/libdaisy.a(sai.o)
                0x0000000008002c34                HAL_SAI_MspInit
 .text.DMA1_Stream0_IRQHandler
                0x0000000008002d98        0xc ../../DaisySeed/DaisyExamples/libDaisy/build/libdaisy.a(sai.o)
                0x0000000008002d98                DMA1_Stream0_IRQHandler
 .text.DMA1_Stream1_IRQHandler
                0x0000000008002da4        0xc ../../DaisySeed/DaisyExamples/libDaisy/build/libdaisy.a(sai.o)
                0x0000000008002da4                DMA1_Stream1_IRQHandler
 .text.DMA1_Stream3_IRQHandler
                0x0000000008002db0        0xc ../../DaisySeed/DaisyExamples/libDaisy/build/libdaisy.a(sai.o)
                0x0000000008002db0                DMA1_Stream3_IRQHandler
 .text.DMA1_Stream4_IRQHandler
                0x0000000008002dbc        0xc ../../DaisySeed/DaisyExamples/libDaisy/build/libdaisy.a(sai.o)
                0x0000000008002dbc                DMA1_Stream4_IRQHandler
 .text._ZN5daisy9SaiHandle4InitERKNS0_6ConfigE
                0x0000000008002dc8      0x1f0 ../../DaisySeed/DaisyExamples/libDaisy/build/libdaisy.a(sai.o)
                0x0000000008002dc8                daisy::SaiHandle::Init(daisy::SaiHandle::Config const&)
 .text._ZNK5daisy9SaiHandle9GetConfigEv
                0x0000000008002fb8        0x4 ../../DaisySeed/DaisyExamples/libDaisy/build/libdaisy.a(sai.o)
                0x0000000008002fb8                daisy::SaiHandle::GetConfig() const
 .text._ZN5daisy9SaiHandle13GetSampleRateEv
                0x0000000008002fbc       0x24 ../../DaisySeed/DaisyExamples/libDaisy/build/libdaisy.a(sai.o)
                0x0000000008002fbc                daisy::SaiHandle::GetSampleRate()
 .text._ZN5daisy9SpiHandle4Impl7InitDmaEv
                0x0000000008002fe0       0xec ../../DaisySeed/DaisyExamples/libDaisy/build/libdaisy.a(spi.o)
                0x0000000008002fe0                daisy::SpiHandle::Impl::InitDma()
 .text._ZN5daisy9SpiHandle4Impl10StartDmaTxEPhjPFvPvEPFvS3_NS0_6ResultEES3_
                0x00000000080030cc       0xc8 ../../DaisySeed/DaisyExamples/libDaisy/build/libdaisy.a(spi.o)
                0x00000000080030cc                daisy::SpiHandle::Impl::StartDmaTx(unsigned char*, unsigned int, void (*)(void*), void (*)(void*, daisy::SpiHandle::Result), void*)
 .text._ZN5daisy9SpiHandle4Impl10StartDmaRxEPhjPFvPvEPFvS3_NS0_6ResultEES3_
                0x0000000008003194       0xc8 ../../DaisySeed/DaisyExamples/libDaisy/build/libdaisy.a(spi.o)
                0x0000000008003194                daisy::SpiHandle::Impl::StartDmaRx(unsigned char*, unsigned int, void (*)(void*), void (*)(void*, daisy::SpiHandle::Result), void*)
 .text._ZN5daisy9SpiHandle4Impl12StartDmaRxTxEPhS2_jPFvPvEPFvS3_NS0_6ResultEES3_
                0x000000000800325c       0xcc ../../DaisySeed/DaisyExamples/libDaisy/build/libdaisy.a(spi.o)
                0x000000000800325c                daisy::SpiHandle::Impl::StartDmaRxTx(unsigned char*, unsigned char*, unsigned int, void (*)(void*), void (*)(void*, daisy::SpiHandle::Result), void*)
 .text._ZN5daisy9SpiHandle4Impl8InitPinsEv
                0x0000000008003328      0x274 ../../DaisySeed/DaisyExamples/libDaisy/build/libdaisy.a(spi.o)
                0x0000000008003328                daisy::SpiHandle::Impl::InitPins()
 .text.HAL_SPI_MspInit
                0x000000000800359c      0x1a8 ../../DaisySeed/DaisyExamples/libDaisy/build/libdaisy.a(spi.o)
                0x000000000800359c                HAL_SPI_MspInit
 .text.dsy_spi_global_init
                0x0000000008003744       0x80 ../../DaisySeed/DaisyExamples/libDaisy/build/libdaisy.a(spi.o)
                0x0000000008003744                dsy_spi_global_init
 .text.SPI1_IRQHandler
                0x00000000080037c4        0xc ../../DaisySeed/DaisyExamples/libDaisy/build/libdaisy.a(spi.o)
                0x00000000080037c4                SPI1_IRQHandler
 .text.SPI2_IRQHandler
                0x00000000080037d0        0xc ../../DaisySeed/DaisyExamples/libDaisy/build/libdaisy.a(spi.o)
                0x00000000080037d0                SPI2_IRQHandler
 .text.SPI3_IRQHandler
                0x00000000080037dc        0xc ../../DaisySeed/DaisyExamples/libDaisy/build/libdaisy.a(spi.o)
                0x00000000080037dc                SPI3_IRQHandler
 .text.SPI4_IRQHandler
                0x00000000080037e8        0xc ../../DaisySeed/DaisyExamples/libDaisy/build/libdaisy.a(spi.o)
                0x00000000080037e8                SPI4_IRQHandler
 .text.SPI5_IRQHandler
                0x00000000080037f4        0xc ../../DaisySeed/DaisyExamples/libDaisy/build/libdaisy.a(spi.o)
                0x00000000080037f4                SPI5_IRQHandler
 .text.DMA2_Stream2_IRQHandler
                0x0000000008003800       0x34 ../../DaisySeed/DaisyExamples/libDaisy/build/libdaisy.a(spi.o)
                0x0000000008003800                DMA2_Stream2_IRQHandler
 .text.DMA2_Stream3_IRQHandler
                0x0000000008003834       0x38 ../../DaisySeed/DaisyExamples/libDaisy/build/libdaisy.a(spi.o)
                0x0000000008003834                DMA2_Stream3_IRQHandler
 .text.HAL_SPI_TxCpltCallback
                0x000000000800386c       0xc4 ../../DaisySeed/DaisyExamples/libDaisy/build/libdaisy.a(spi.o)
                0x000000000800386c                HAL_SPI_TxCpltCallback
 .text.HAL_SPI_RxCpltCallback
                0x0000000008003930       0xc4 ../../DaisySeed/DaisyExamples/libDaisy/build/libdaisy.a(spi.o)
                0x0000000008003930                HAL_SPI_RxCpltCallback
 .text.HAL_SPI_TxRxCpltCallback
                0x00000000080039f4       0xc4 ../../DaisySeed/DaisyExamples/libDaisy/build/libdaisy.a(spi.o)
                0x00000000080039f4                HAL_SPI_TxRxCpltCallback
 .text.HAL_SPI_ErrorCallback
                0x0000000008003ab8       0xc8 ../../DaisySeed/DaisyExamples/libDaisy/build/libdaisy.a(spi.o)
                0x0000000008003ab8                HAL_SPI_ErrorCallback
 .text._ZN5daisy9SpiHandle4InitERKNS0_6ConfigE
                0x0000000008003b80      0x110 ../../DaisySeed/DaisyExamples/libDaisy/build/libdaisy.a(spi.o)
                0x0000000008003b80                daisy::SpiHandle::Init(daisy::SpiHandle::Config const&)
 .text._ZN5daisy9SpiHandle11DmaTransmitEPhjPFvPvEPFvS2_NS0_6ResultEES2_
                0x0000000008003c90       0x6c ../../DaisySeed/DaisyExamples/libDaisy/build/libdaisy.a(spi.o)
                0x0000000008003c90                daisy::SpiHandle::DmaTransmit(unsigned char*, unsigned int, void (*)(void*), void (*)(void*, daisy::SpiHandle::Result), void*)
 .text.startup._GLOBAL__sub_I__Z19MapInstanceToHandleP11SPI_TypeDef
                0x0000000008003cfc      0x1b0 ../../DaisySeed/DaisyExamples/libDaisy/build/libdaisy.a(spi.o)
 .text._ZN5daisy11TimerHandleD2Ev
                0x0000000008003eac        0x4 ../../DaisySeed/DaisyExamples/libDaisy/build/libdaisy.a(system.o)
                0x0000000008003eac                daisy::TimerHandle::~TimerHandle()
                0x0000000008003eac                daisy::TimerHandle::~TimerHandle()
 .text.SysTick_Handler
                0x0000000008003eb0       0x10 ../../DaisySeed/DaisyExamples/libDaisy/build/libdaisy.a(system.o)
                0x0000000008003eb0                SysTick_Handler
 .text.OTG_HS_EP1_OUT_IRQHandler
                0x0000000008003ec0       0x24 ../../DaisySeed/DaisyExamples/libDaisy/build/libdaisy.a(system.o)
                0x0000000008003ec0                OTG_HS_EP1_OUT_IRQHandler
 .text.OTG_HS_EP1_IN_IRQHandler
                0x0000000008003ee4       0x24 ../../DaisySeed/DaisyExamples/libDaisy/build/libdaisy.a(system.o)
                0x0000000008003ee4                OTG_HS_EP1_IN_IRQHandler
 .text.OTG_HS_IRQHandler
                0x0000000008003f08       0x24 ../../DaisySeed/DaisyExamples/libDaisy/build/libdaisy.a(system.o)
                0x0000000008003f08                OTG_HS_IRQHandler
 .text.HardFault_Handler
                0x0000000008003f2c       0xe0 ../../DaisySeed/DaisyExamples/libDaisy/build/libdaisy.a(system.o)
                0x0000000008003f2c                HardFault_Handler
 .text._ZN5daisy6System5DelayEm
                0x000000000800400c        0x4 ../../DaisySeed/DaisyExamples/libDaisy/build/libdaisy.a(system.o)
                0x000000000800400c                daisy::System::Delay(unsigned long)
 .text._ZN5daisy6System20GetBootloaderVersionEv
                0x0000000008004010       0x34 ../../DaisySeed/DaisyExamples/libDaisy/build/libdaisy.a(system.o)
                0x0000000008004010                daisy::System::GetBootloaderVersion()
 .text._ZN5daisy6System15ConfigureClocksEv
                0x0000000008004044      0x194 ../../DaisySeed/DaisyExamples/libDaisy/build/libdaisy.a(system.o)
                0x0000000008004044                daisy::System::ConfigureClocks()
 .text._ZN5daisy6System12ConfigureMpuEv
                0x00000000080041d8       0x7c ../../DaisySeed/DaisyExamples/libDaisy/build/libdaisy.a(system.o)
                0x00000000080041d8                daisy::System::ConfigureMpu()
 .text._ZN5daisy6System4InitERKNS0_6ConfigE
                0x0000000008004254       0xec ../../DaisySeed/DaisyExamples/libDaisy/build/libdaisy.a(system.o)
                0x0000000008004254                daisy::System::Init(daisy::System::Config const&)
 .text._ZN5daisy6System12GetPClk1FreqEv
                0x0000000008004340        0x4 ../../DaisySeed/DaisyExamples/libDaisy/build/libdaisy.a(system.o)
                0x0000000008004340                daisy::System::GetPClk1Freq()
 .text._ZN5daisy6System22GetProgramMemoryRegionEv
                0x0000000008004344       0x78 ../../DaisySeed/DaisyExamples/libDaisy/build/libdaisy.a(system.o)
                0x0000000008004344                daisy::System::GetProgramMemoryRegion()
 .text.startup._GLOBAL__sub_I__ZN5daisy9boot_infoE
                0x00000000080043bc       0x1c ../../DaisySeed/DaisyExamples/libDaisy/build/libdaisy.a(system.o)
 .text.SystemInit
                0x00000000080043d8       0x9c ../../DaisySeed/DaisyExamples/libDaisy/build/libdaisy.a(system_stm32h7xx.o)
                0x00000000080043d8                SystemInit
 .text.dummy_rx_callback
                0x0000000008004474        0x4 ../../DaisySeed/DaisyExamples/libDaisy/build/libdaisy.a(usbd_cdc_if.o)
                0x0000000008004474                dummy_rx_callback
 .text.CDC_DeInit_FS
                0x0000000008004478        0x4 ../../DaisySeed/DaisyExamples/libDaisy/build/libdaisy.a(usbd_cdc_if.o)
 .text.CDC_Receive_FS
                0x000000000800447c       0x2c ../../DaisySeed/DaisyExamples/libDaisy/build/libdaisy.a(usbd_cdc_if.o)
 .text.CDC_Receive_HS
                0x00000000080044a8       0x2c ../../DaisySeed/DaisyExamples/libDaisy/build/libdaisy.a(usbd_cdc_if.o)
 .text.CDC_Init_FS
                0x00000000080044d4       0x3c ../../DaisySeed/DaisyExamples/libDaisy/build/libdaisy.a(usbd_cdc_if.o)
 .text.CDC_Init_HS
                0x0000000008004510       0x3c ../../DaisySeed/DaisyExamples/libDaisy/build/libdaisy.a(usbd_cdc_if.o)
 .text.CDC_Control_FS
                0x000000000800454c       0x34 ../../DaisySeed/DaisyExamples/libDaisy/build/libdaisy.a(usbd_cdc_if.o)
 .text.CDC_Control_HS
                0x0000000008004580       0x34 ../../DaisySeed/DaisyExamples/libDaisy/build/libdaisy.a(usbd_cdc_if.o)
 .text.CDC_DeInit_HS
                0x00000000080045b4        0x4 ../../DaisySeed/DaisyExamples/libDaisy/build/libdaisy.a(usbd_cdc_if.o)
 .text.CDC_Transmit_FS
                0x00000000080045b8       0x2c ../../DaisySeed/DaisyExamples/libDaisy/build/libdaisy.a(usbd_cdc_if.o)
                0x00000000080045b8                CDC_Transmit_FS
 .text.HAL_PCD_MspInit
                0x00000000080045e4      0x144 ../../DaisySeed/DaisyExamples/libDaisy/build/libdaisy.a(usbd_conf.o)
                0x00000000080045e4                HAL_PCD_MspInit
 .text.HAL_PCD_SetupStageCallback
                0x0000000008004728        0xc ../../DaisySeed/DaisyExamples/libDaisy/build/libdaisy.a(usbd_conf.o)
                0x0000000008004728                HAL_PCD_SetupStageCallback
 .text.HAL_PCD_DataOutStageCallback
                0x0000000008004734       0x14 ../../DaisySeed/DaisyExamples/libDaisy/build/libdaisy.a(usbd_conf.o)
                0x0000000008004734                HAL_PCD_DataOutStageCallback
 .text.HAL_PCD_DataInStageCallback
                0x0000000008004748       0x14 ../../DaisySeed/DaisyExamples/libDaisy/build/libdaisy.a(usbd_conf.o)
                0x0000000008004748                HAL_PCD_DataInStageCallback
 .text.HAL_PCD_SOFCallback
                0x000000000800475c        0x8 ../../DaisySeed/DaisyExamples/libDaisy/build/libdaisy.a(usbd_conf.o)
                0x000000000800475c                HAL_PCD_SOFCallback
 .text.HAL_PCD_ResetCallback
                0x0000000008004764       0x24 ../../DaisySeed/DaisyExamples/libDaisy/build/libdaisy.a(usbd_conf.o)
                0x0000000008004764                HAL_PCD_ResetCallback
 .text.HAL_PCD_SuspendCallback
                0x0000000008004788       0x30 ../../DaisySeed/DaisyExamples/libDaisy/build/libdaisy.a(usbd_conf.o)
                0x0000000008004788                HAL_PCD_SuspendCallback
 .text.HAL_PCD_ResumeCallback
                0x00000000080047b8        0x8 ../../DaisySeed/DaisyExamples/libDaisy/build/libdaisy.a(usbd_conf.o)
                0x00000000080047b8                HAL_PCD_ResumeCallback
 .text.HAL_PCD_ISOOUTIncompleteCallback
                0x00000000080047c0        0x8 ../../DaisySeed/DaisyExamples/libDaisy/build/libdaisy.a(usbd_conf.o)
                0x00000000080047c0                HAL_PCD_ISOOUTIncompleteCallback
 .text.HAL_PCD_ISOINIncompleteCallback
                0x00000000080047c8        0x8 ../../DaisySeed/DaisyExamples/libDaisy/build/libdaisy.a(usbd_conf.o)
                0x00000000080047c8                HAL_PCD_ISOINIncompleteCallback
 .text.HAL_PCD_ConnectCallback
                0x00000000080047d0        0x8 ../../DaisySeed/DaisyExamples/libDaisy/build/libdaisy.a(usbd_conf.o)
                0x00000000080047d0                HAL_PCD_ConnectCallback
 .text.HAL_PCD_DisconnectCallback
                0x00000000080047d8        0x8 ../../DaisySeed/DaisyExamples/libDaisy/build/libdaisy.a(usbd_conf.o)
                0x00000000080047d8                HAL_PCD_DisconnectCallback
 .text.USBD_LL_Init
                0x00000000080047e0       0xe4 ../../DaisySeed/DaisyExamples/libDaisy/build/libdaisy.a(usbd_conf.o)
                0x00000000080047e0                USBD_LL_Init
 .text.USBD_LL_Start
                0x00000000080048c4       0x1c ../../DaisySeed/DaisyExamples/libDaisy/build/libdaisy.a(usbd_conf.o)
                0x00000000080048c4                USBD_LL_Start
 .text.USBD_LL_OpenEP
                0x00000000080048e0       0x24 ../../DaisySeed/DaisyExamples/libDaisy/build/libdaisy.a(usbd_conf.o)
                0x00000000080048e0                USBD_LL_OpenEP
 .text.USBD_LL_CloseEP
                0x0000000008004904       0x1c ../../DaisySeed/DaisyExamples/libDaisy/build/libdaisy.a(usbd_conf.o)
                0x0000000008004904                USBD_LL_CloseEP
 .text.USBD_LL_StallEP
                0x0000000008004920       0x1c ../../DaisySeed/DaisyExamples/libDaisy/build/libdaisy.a(usbd_conf.o)
                0x0000000008004920                USBD_LL_StallEP
 .text.USBD_LL_ClearStallEP
                0x000000000800493c       0x1c ../../DaisySeed/DaisyExamples/libDaisy/build/libdaisy.a(usbd_conf.o)
                0x000000000800493c                USBD_LL_ClearStallEP
 .text.USBD_LL_IsStallEP
                0x0000000008004958       0x28 ../../DaisySeed/DaisyExamples/libDaisy/build/libdaisy.a(usbd_conf.o)
                0x0000000008004958                USBD_LL_IsStallEP
 .text.USBD_LL_SetUSBAddress
                0x0000000008004980       0x1c ../../DaisySeed/DaisyExamples/libDaisy/build/libdaisy.a(usbd_conf.o)
                0x0000000008004980                USBD_LL_SetUSBAddress
 .text.USBD_LL_Transmit
                0x000000000800499c       0x1c ../../DaisySeed/DaisyExamples/libDaisy/build/libdaisy.a(usbd_conf.o)
                0x000000000800499c                USBD_LL_Transmit
 .text.USBD_LL_PrepareReceive
                0x00000000080049b8       0x1c ../../DaisySeed/DaisyExamples/libDaisy/build/libdaisy.a(usbd_conf.o)
                0x00000000080049b8                USBD_LL_PrepareReceive
 .text.USBD_LL_GetRxDataSize
                0x00000000080049d4        0x8 ../../DaisySeed/DaisyExamples/libDaisy/build/libdaisy.a(usbd_conf.o)
                0x00000000080049d4                USBD_LL_GetRxDataSize
 .text.USBD_HS_DeviceDescriptor
                0x00000000080049dc        0xc ../../DaisySeed/DaisyExamples/libDaisy/build/libdaisy.a(usbd_desc.o)
                0x00000000080049dc                USBD_HS_DeviceDescriptor
 .text.USBD_FS_DeviceDescriptor
                0x00000000080049e8        0xc ../../DaisySeed/DaisyExamples/libDaisy/build/libdaisy.a(usbd_desc.o)
                0x00000000080049e8                USBD_FS_DeviceDescriptor
 .text.USBD_FS_LangIDStrDescriptor
                0x00000000080049f4        0xc ../../DaisySeed/DaisyExamples/libDaisy/build/libdaisy.a(usbd_desc.o)
                0x00000000080049f4                USBD_FS_LangIDStrDescriptor
 .text.USBD_FS_ManufacturerStrDescriptor
                0x0000000008004a00       0x1c ../../DaisySeed/DaisyExamples/libDaisy/build/libdaisy.a(usbd_desc.o)
                0x0000000008004a00                USBD_FS_ManufacturerStrDescriptor
 .text.USBD_HS_ProductStrDescriptor
                0x0000000008004a1c       0x1c ../../DaisySeed/DaisyExamples/libDaisy/build/libdaisy.a(usbd_desc.o)
                0x0000000008004a1c                USBD_HS_ProductStrDescriptor
 .text.USBD_FS_ConfigStrDescriptor
                0x0000000008004a38       0x1c ../../DaisySeed/DaisyExamples/libDaisy/build/libdaisy.a(usbd_desc.o)
                0x0000000008004a38                USBD_FS_ConfigStrDescriptor
 .text.USBD_FS_InterfaceStrDescriptor
                0x0000000008004a54       0x1c ../../DaisySeed/DaisyExamples/libDaisy/build/libdaisy.a(usbd_desc.o)
                0x0000000008004a54                USBD_FS_InterfaceStrDescriptor
 .text.USBD_FS_ProductStrDescriptor
                0x0000000008004a70       0x1c ../../DaisySeed/DaisyExamples/libDaisy/build/libdaisy.a(usbd_desc.o)
                0x0000000008004a70                USBD_FS_ProductStrDescriptor
 .text.USBD_HS_LangIDStrDescriptor
                0x0000000008004a8c        0xc ../../DaisySeed/DaisyExamples/libDaisy/build/libdaisy.a(usbd_desc.o)
                0x0000000008004a8c                USBD_HS_LangIDStrDescriptor
 .text.USBD_HS_ManufacturerStrDescriptor
                0x0000000008004a98       0x1c ../../DaisySeed/DaisyExamples/libDaisy/build/libdaisy.a(usbd_desc.o)
                0x0000000008004a98                USBD_HS_ManufacturerStrDescriptor
 .text.USBD_FS_SerialStrDescriptor
                0x0000000008004ab4      0x124 ../../DaisySeed/DaisyExamples/libDaisy/build/libdaisy.a(usbd_desc.o)
                0x0000000008004ab4                USBD_FS_SerialStrDescriptor
 .text.USBD_HS_SerialStrDescriptor
                0x0000000008004bd8      0x124 ../../DaisySeed/DaisyExamples/libDaisy/build/libdaisy.a(usbd_desc.o)
                0x0000000008004bd8                USBD_HS_SerialStrDescriptor
 .text.USBD_HS_InterfaceStrDescriptor
                0x0000000008004cfc       0x1c ../../DaisySeed/DaisyExamples/libDaisy/build/libdaisy.a(usbd_desc.o)
                0x0000000008004cfc                USBD_HS_InterfaceStrDescriptor
 .text.USBD_HS_ConfigStrDescriptor
                0x0000000008004d18       0x1c ../../DaisySeed/DaisyExamples/libDaisy/build/libdaisy.a(usbd_desc.o)
                0x0000000008004d18                USBD_HS_ConfigStrDescriptor
 .text.HAL_HCD_SOF_Callback
                0x0000000008004d34        0x8 ../../DaisySeed/DaisyExamples/libDaisy/build/libdaisy.a(usbh_conf.o)
                0x0000000008004d34                HAL_HCD_SOF_Callback
 .text.HAL_HCD_Connect_Callback
                0x0000000008004d3c        0x8 ../../DaisySeed/DaisyExamples/libDaisy/build/libdaisy.a(usbh_conf.o)
                0x0000000008004d3c                HAL_HCD_Connect_Callback
 .text.HAL_HCD_Disconnect_Callback
                0x0000000008004d44        0x8 ../../DaisySeed/DaisyExamples/libDaisy/build/libdaisy.a(usbh_conf.o)
                0x0000000008004d44                HAL_HCD_Disconnect_Callback
 .text.HAL_HCD_HC_NotifyURBChange_Callback
                0x0000000008004d4c        0x4 ../../DaisySeed/DaisyExamples/libDaisy/build/libdaisy.a(usbh_conf.o)
                0x0000000008004d4c                HAL_HCD_HC_NotifyURBChange_Callback
 .text.HAL_HCD_PortEnabled_Callback
                0x0000000008004d50        0x8 ../../DaisySeed/DaisyExamples/libDaisy/build/libdaisy.a(usbh_conf.o)
                0x0000000008004d50                HAL_HCD_PortEnabled_Callback
 .text.HAL_HCD_PortDisabled_Callback
                0x0000000008004d58        0x8 ../../DaisySeed/DaisyExamples/libDaisy/build/libdaisy.a(usbh_conf.o)
                0x0000000008004d58                HAL_HCD_PortDisabled_Callback
 .text.USBH_LL_Stop
                0x0000000008004d60       0x1c ../../DaisySeed/DaisyExamples/libDaisy/build/libdaisy.a(usbh_conf.o)
                0x0000000008004d60                USBH_LL_Stop
 .text.dsy_hal_map_get_port
                0x0000000008004d7c       0x10 ../../DaisySeed/DaisyExamples/libDaisy/build/libdaisy.a(hal_map.o)
                0x0000000008004d7c                dsy_hal_map_get_port
 .text.dsy_hal_map_get_pin
                0x0000000008004d8c       0x10 ../../DaisySeed/DaisyExamples/libDaisy/build/libdaisy.a(hal_map.o)
                0x0000000008004d8c                dsy_hal_map_get_pin
 .text.dsy_hal_map_gpio_clk_enable
                0x0000000008004d9c      0x150 ../../DaisySeed/DaisyExamples/libDaisy/build/libdaisy.a(hal_map.o)
                0x0000000008004d9c                dsy_hal_map_gpio_clk_enable
 .text.HAL_MspInit
                0x0000000008004eec        0x4 ../../DaisySeed/DaisyExamples/libDaisy/build/libdaisy.a(stm32h7xx_hal.o)
                0x0000000008004eec                HAL_MspInit
 .text.HAL_InitTick
                0x0000000008004ef0       0x4c ../../DaisySeed/DaisyExamples/libDaisy/build/libdaisy.a(stm32h7xx_hal.o)
                0x0000000008004ef0                HAL_InitTick
 .text.HAL_Init
                0x0000000008004f3c       0x60 ../../DaisySeed/DaisyExamples/libDaisy/build/libdaisy.a(stm32h7xx_hal.o)
                0x0000000008004f3c                HAL_Init
 .text.HAL_IncTick
                0x0000000008004f9c       0x18 ../../DaisySeed/DaisyExamples/libDaisy/build/libdaisy.a(stm32h7xx_hal.o)
                0x0000000008004f9c                HAL_IncTick
 .text.HAL_GetTick
                0x0000000008004fb4        0xc ../../DaisySeed/DaisyExamples/libDaisy/build/libdaisy.a(stm32h7xx_hal.o)
                0x0000000008004fb4                HAL_GetTick
 .text.HAL_Delay
                0x0000000008004fc0       0x24 ../../DaisySeed/DaisyExamples/libDaisy/build/libdaisy.a(stm32h7xx_hal.o)
                0x0000000008004fc0                HAL_Delay
 .text.HAL_GetREVID
                0x0000000008004fe4        0xc ../../DaisySeed/DaisyExamples/libDaisy/build/libdaisy.a(stm32h7xx_hal.o)
                0x0000000008004fe4                HAL_GetREVID
 .text.HAL_NVIC_SetPriorityGrouping
                0x0000000008004ff0       0x24 ../../DaisySeed/DaisyExamples/libDaisy/build/libdaisy.a(stm32h7xx_hal_cortex.o)
                0x0000000008004ff0                HAL_NVIC_SetPriorityGrouping
 .text.HAL_NVIC_SetPriority
                0x0000000008005014       0x7c ../../DaisySeed/DaisyExamples/libDaisy/build/libdaisy.a(stm32h7xx_hal_cortex.o)
                0x0000000008005014                HAL_NVIC_SetPriority
 .text.HAL_NVIC_EnableIRQ
                0x0000000008005090       0x1c ../../DaisySeed/DaisyExamples/libDaisy/build/libdaisy.a(stm32h7xx_hal_cortex.o)
                0x0000000008005090                HAL_NVIC_EnableIRQ
 .text.HAL_NVIC_DisableIRQ
                0x00000000080050ac       0x28 ../../DaisySeed/DaisyExamples/libDaisy/build/libdaisy.a(stm32h7xx_hal_cortex.o)
                0x00000000080050ac                HAL_NVIC_DisableIRQ
 .text.HAL_SYSTICK_Config
                0x00000000080050d4       0x2c ../../DaisySeed/DaisyExamples/libDaisy/build/libdaisy.a(stm32h7xx_hal_cortex.o)
                0x00000000080050d4                HAL_SYSTICK_Config
 .text.HAL_MPU_Disable
                0x0000000008005100       0x1c ../../DaisySeed/DaisyExamples/libDaisy/build/libdaisy.a(stm32h7xx_hal_cortex.o)
                0x0000000008005100                HAL_MPU_Disable
 .text.HAL_MPU_Enable
                0x000000000800511c       0x20 ../../DaisySeed/DaisyExamples/libDaisy/build/libdaisy.a(stm32h7xx_hal_cortex.o)
                0x000000000800511c                HAL_MPU_Enable
 .text.HAL_MPU_ConfigRegion
                0x000000000800513c       0x64 ../../DaisySeed/DaisyExamples/libDaisy/build/libdaisy.a(stm32h7xx_hal_cortex.o)
                0x000000000800513c                HAL_MPU_ConfigRegion
 .text.HAL_SYSTICK_Callback
                0x00000000080051a0        0x4 ../../DaisySeed/DaisyExamples/libDaisy/build/libdaisy.a(stm32h7xx_hal_cortex.o)
                0x00000000080051a0                HAL_SYSTICK_Callback
 .text.HAL_SYSTICK_IRQHandler
                0x00000000080051a4        0x8 ../../DaisySeed/DaisyExamples/libDaisy/build/libdaisy.a(stm32h7xx_hal_cortex.o)
                0x00000000080051a4                HAL_SYSTICK_IRQHandler
 .text.DMA_CalcBaseAndBitshift
                0x00000000080051ac       0xf4 ../../DaisySeed/DaisyExamples/libDaisy/build/libdaisy.a(stm32h7xx_hal_dma.o)
 .text.DMA_CalcDMAMUXChannelBaseAndMask
                0x00000000080052a0       0xd8 ../../DaisySeed/DaisyExamples/libDaisy/build/libdaisy.a(stm32h7xx_hal_dma.o)
 .text.HAL_DMA_Init
                0x0000000008005378      0x37c ../../DaisySeed/DaisyExamples/libDaisy/build/libdaisy.a(stm32h7xx_hal_dma.o)
                0x0000000008005378                HAL_DMA_Init
 .text.HAL_DMA_Start_IT
                0x00000000080056f4      0x240 ../../DaisySeed/DaisyExamples/libDaisy/build/libdaisy.a(stm32h7xx_hal_dma.o)
                0x00000000080056f4                HAL_DMA_Start_IT
 .text.HAL_DMA_Abort_IT
                0x0000000008005934      0x134 ../../DaisySeed/DaisyExamples/libDaisy/build/libdaisy.a(stm32h7xx_hal_dma.o)
                0x0000000008005934                HAL_DMA_Abort_IT
 .text.HAL_DMA_IRQHandler
                0x0000000008005a68      0x6a0 ../../DaisySeed/DaisyExamples/libDaisy/build/libdaisy.a(stm32h7xx_hal_dma.o)
                0x0000000008005a68                HAL_DMA_IRQHandler
 .text.HAL_DMA_GetError
                0x0000000008006108        0x4 ../../DaisySeed/DaisyExamples/libDaisy/build/libdaisy.a(stm32h7xx_hal_dma.o)
                0x0000000008006108                HAL_DMA_GetError
 .text.HAL_GPIO_Init
                0x000000000800610c      0x280 ../../DaisySeed/DaisyExamples/libDaisy/build/libdaisy.a(stm32h7xx_hal_gpio.o)
                0x000000000800610c                HAL_GPIO_Init
 .text.HAL_GPIO_DeInit
                0x000000000800638c      0x190 ../../DaisySeed/DaisyExamples/libDaisy/build/libdaisy.a(stm32h7xx_hal_gpio.o)
                0x000000000800638c                HAL_GPIO_DeInit
 .text.HAL_GPIO_ReadPin
                0x000000000800651c        0xc ../../DaisySeed/DaisyExamples/libDaisy/build/libdaisy.a(stm32h7xx_hal_gpio.o)
                0x000000000800651c                HAL_GPIO_ReadPin
 .text.HAL_GPIO_WritePin
                0x0000000008006528        0x8 ../../DaisySeed/DaisyExamples/libDaisy/build/libdaisy.a(stm32h7xx_hal_gpio.o)
                0x0000000008006528                HAL_GPIO_WritePin
 .text.HAL_HCD_IRQHandler
                0x0000000008006530      0x780 ../../DaisySeed/DaisyExamples/libDaisy/build/libdaisy.a(stm32h7xx_hal_hcd.o)
                0x0000000008006530                HAL_HCD_IRQHandler
 .text.HAL_HCD_Stop
                0x0000000008006cb0       0x28 ../../DaisySeed/DaisyExamples/libDaisy/build/libdaisy.a(stm32h7xx_hal_hcd.o)
                0x0000000008006cb0                HAL_HCD_Stop
 .text.I2C_WaitOnTXISFlagUntilTimeout
                0x0000000008006cd8       0xb8 ../../DaisySeed/DaisyExamples/libDaisy/build/libdaisy.a(stm32h7xx_hal_i2c.o)
 .text.I2C_WaitOnSTOPFlagUntilTimeout
                0x0000000008006d90       0xac ../../DaisySeed/DaisyExamples/libDaisy/build/libdaisy.a(stm32h7xx_hal_i2c.o)
 .text.HAL_I2C_Init
                0x0000000008006e3c       0xac ../../DaisySeed/DaisyExamples/libDaisy/build/libdaisy.a(stm32h7xx_hal_i2c.o)
                0x0000000008006e3c                HAL_I2C_Init
 .text.HAL_I2C_Master_Transmit
                0x0000000008006ee8      0x1a8 ../../DaisySeed/DaisyExamples/libDaisy/build/libdaisy.a(stm32h7xx_hal_i2c.o)
                0x0000000008006ee8                HAL_I2C_Master_Transmit
 .text.HAL_I2C_Slave_Transmit
                0x0000000008007090      0x1c8 ../../DaisySeed/DaisyExamples/libDaisy/build/libdaisy.a(stm32h7xx_hal_i2c.o)
                0x0000000008007090                HAL_I2C_Slave_Transmit
 .text.HAL_I2C_EV_IRQHandler
                0x0000000008007258       0x10 ../../DaisySeed/DaisyExamples/libDaisy/build/libdaisy.a(stm32h7xx_hal_i2c.o)
                0x0000000008007258                HAL_I2C_EV_IRQHandler
 .text.HAL_I2C_GetState
                0x0000000008007268        0x8 ../../DaisySeed/DaisyExamples/libDaisy/build/libdaisy.a(stm32h7xx_hal_i2c.o)
                0x0000000008007268                HAL_I2C_GetState
 .text.HAL_I2CEx_ConfigAnalogFilter
                0x0000000008007270       0x54 ../../DaisySeed/DaisyExamples/libDaisy/build/libdaisy.a(stm32h7xx_hal_i2c_ex.o)
                0x0000000008007270                HAL_I2CEx_ConfigAnalogFilter
 .text.HAL_I2CEx_ConfigDigitalFilter
                0x00000000080072c4       0x58 ../../DaisySeed/DaisyExamples/libDaisy/build/libdaisy.a(stm32h7xx_hal_i2c_ex.o)
                0x00000000080072c4                HAL_I2CEx_ConfigDigitalFilter
 .text.HAL_PCD_Init
                0x000000000800731c      0x12c ../../DaisySeed/DaisyExamples/libDaisy/build/libdaisy.a(stm32h7xx_hal_pcd.o)
                0x000000000800731c                HAL_PCD_Init
 .text.HAL_PCD_Start
                0x0000000008007448       0x44 ../../DaisySeed/DaisyExamples/libDaisy/build/libdaisy.a(stm32h7xx_hal_pcd.o)
                0x0000000008007448                HAL_PCD_Start
 .text.HAL_PCD_IRQHandler
                0x000000000800748c      0x69c ../../DaisySeed/DaisyExamples/libDaisy/build/libdaisy.a(stm32h7xx_hal_pcd.o)
                0x000000000800748c                HAL_PCD_IRQHandler
 .text.HAL_PCD_SetAddress
                0x0000000008007b28       0x2c ../../DaisySeed/DaisyExamples/libDaisy/build/libdaisy.a(stm32h7xx_hal_pcd.o)
                0x0000000008007b28                HAL_PCD_SetAddress
 .text.HAL_PCD_EP_Open
                0x0000000008007b54       0x7c ../../DaisySeed/DaisyExamples/libDaisy/build/libdaisy.a(stm32h7xx_hal_pcd.o)
                0x0000000008007b54                HAL_PCD_EP_Open
 .text.HAL_PCD_EP_Close
                0x0000000008007bd0       0x6c ../../DaisySeed/DaisyExamples/libDaisy/build/libdaisy.a(stm32h7xx_hal_pcd.o)
                0x0000000008007bd0                HAL_PCD_EP_Close
 .text.HAL_PCD_EP_Receive
                0x0000000008007c3c       0x50 ../../DaisySeed/DaisyExamples/libDaisy/build/libdaisy.a(stm32h7xx_hal_pcd.o)
                0x0000000008007c3c                HAL_PCD_EP_Receive
 .text.HAL_PCD_EP_GetRxCount
                0x0000000008007c8c       0x14 ../../DaisySeed/DaisyExamples/libDaisy/build/libdaisy.a(stm32h7xx_hal_pcd.o)
                0x0000000008007c8c                HAL_PCD_EP_GetRxCount
 .text.HAL_PCD_EP_Transmit
                0x0000000008007ca0       0x50 ../../DaisySeed/DaisyExamples/libDaisy/build/libdaisy.a(stm32h7xx_hal_pcd.o)
                0x0000000008007ca0                HAL_PCD_EP_Transmit
 .text.HAL_PCD_EP_SetStall
                0x0000000008007cf0       0x88 ../../DaisySeed/DaisyExamples/libDaisy/build/libdaisy.a(stm32h7xx_hal_pcd.o)
                0x0000000008007cf0                HAL_PCD_EP_SetStall
 .text.HAL_PCD_EP_ClrStall
                0x0000000008007d78       0x78 ../../DaisySeed/DaisyExamples/libDaisy/build/libdaisy.a(stm32h7xx_hal_pcd.o)
                0x0000000008007d78                HAL_PCD_EP_ClrStall
 .text.HAL_PCDEx_SetTxFiFo
                0x0000000008007df0       0x54 ../../DaisySeed/DaisyExamples/libDaisy/build/libdaisy.a(stm32h7xx_hal_pcd_ex.o)
                0x0000000008007df0                HAL_PCDEx_SetTxFiFo
 .text.HAL_PCDEx_SetRxFiFo
                0x0000000008007e44        0xc ../../DaisySeed/DaisyExamples/libDaisy/build/libdaisy.a(stm32h7xx_hal_pcd_ex.o)
                0x0000000008007e44                HAL_PCDEx_SetRxFiFo
 .text.HAL_PCDEx_ActivateLPM
                0x0000000008007e50       0x30 ../../DaisySeed/DaisyExamples/libDaisy/build/libdaisy.a(stm32h7xx_hal_pcd_ex.o)
                0x0000000008007e50                HAL_PCDEx_ActivateLPM
 .text.HAL_PCDEx_LPM_Callback
                0x0000000008007e80        0x4 ../../DaisySeed/DaisyExamples/libDaisy/build/libdaisy.a(stm32h7xx_hal_pcd_ex.o)
                0x0000000008007e80                HAL_PCDEx_LPM_Callback
 .text.HAL_PWREx_ConfigSupply
                0x0000000008007e84       0x4c ../../DaisySeed/DaisyExamples/libDaisy/build/libdaisy.a(stm32h7xx_hal_pwr_ex.o)
                0x0000000008007e84                HAL_PWREx_ConfigSupply
 .text.HAL_PWREx_EnableUSBVoltageDetector
                0x0000000008007ed0       0x10 ../../DaisySeed/DaisyExamples/libDaisy/build/libdaisy.a(stm32h7xx_hal_pwr_ex.o)
                0x0000000008007ed0                HAL_PWREx_EnableUSBVoltageDetector
 .text.QSPI_Config
                0x0000000008007ee0      0x174 ../../DaisySeed/DaisyExamples/libDaisy/build/libdaisy.a(stm32h7xx_hal_qspi.o)
 .text.HAL_QSPI_Init
                0x0000000008008054       0xd8 ../../DaisySeed/DaisyExamples/libDaisy/build/libdaisy.a(stm32h7xx_hal_qspi.o)
                0x0000000008008054                HAL_QSPI_Init
 .text.HAL_QSPI_DeInit
                0x000000000800812c       0x3c ../../DaisySeed/DaisyExamples/libDaisy/build/libdaisy.a(stm32h7xx_hal_qspi.o)
                0x000000000800812c                HAL_QSPI_DeInit
 .text.HAL_QSPI_Command
                0x0000000008008168       0xd4 ../../DaisySeed/DaisyExamples/libDaisy/build/libdaisy.a(stm32h7xx_hal_qspi.o)
                0x0000000008008168                HAL_QSPI_Command
 .text.HAL_QSPI_Transmit
                0x000000000800823c       0xfc ../../DaisySeed/DaisyExamples/libDaisy/build/libdaisy.a(stm32h7xx_hal_qspi.o)
                0x000000000800823c                HAL_QSPI_Transmit
 .text.HAL_QSPI_Receive
                0x0000000008008338      0x108 ../../DaisySeed/DaisyExamples/libDaisy/build/libdaisy.a(stm32h7xx_hal_qspi.o)
                0x0000000008008338                HAL_QSPI_Receive
 .text.HAL_QSPI_AutoPolling
                0x0000000008008440       0xf0 ../../DaisySeed/DaisyExamples/libDaisy/build/libdaisy.a(stm32h7xx_hal_qspi.o)
                0x0000000008008440                HAL_QSPI_AutoPolling
 .text.HAL_QSPI_MemoryMapped
                0x0000000008008530       0xc0 ../../DaisySeed/DaisyExamples/libDaisy/build/libdaisy.a(stm32h7xx_hal_qspi.o)
                0x0000000008008530                HAL_QSPI_MemoryMapped
 .text.HAL_QSPI_ErrorCallback
                0x00000000080085f0        0x4 ../../DaisySeed/DaisyExamples/libDaisy/build/libdaisy.a(stm32h7xx_hal_qspi.o)
                0x00000000080085f0                HAL_QSPI_ErrorCallback
 .text.QSPI_DMAAbortCplt
                0x00000000080085f4       0x38 ../../DaisySeed/DaisyExamples/libDaisy/build/libdaisy.a(stm32h7xx_hal_qspi.o)
 .text.HAL_QSPI_AbortCpltCallback
                0x000000000800862c        0x4 ../../DaisySeed/DaisyExamples/libDaisy/build/libdaisy.a(stm32h7xx_hal_qspi.o)
                0x000000000800862c                HAL_QSPI_AbortCpltCallback
 .text.HAL_QSPI_CmdCpltCallback
                0x0000000008008630        0x4 ../../DaisySeed/DaisyExamples/libDaisy/build/libdaisy.a(stm32h7xx_hal_qspi.o)
                0x0000000008008630                HAL_QSPI_CmdCpltCallback
 .text.HAL_QSPI_RxCpltCallback
                0x0000000008008634        0x4 ../../DaisySeed/DaisyExamples/libDaisy/build/libdaisy.a(stm32h7xx_hal_qspi.o)
                0x0000000008008634                HAL_QSPI_RxCpltCallback
 .text.HAL_QSPI_TxCpltCallback
                0x0000000008008638        0x4 ../../DaisySeed/DaisyExamples/libDaisy/build/libdaisy.a(stm32h7xx_hal_qspi.o)
                0x0000000008008638                HAL_QSPI_TxCpltCallback
 .text.HAL_QSPI_FifoThresholdCallback
                0x000000000800863c        0x4 ../../DaisySeed/DaisyExamples/libDaisy/build/libdaisy.a(stm32h7xx_hal_qspi.o)
                0x000000000800863c                HAL_QSPI_FifoThresholdCallback
 .text.HAL_QSPI_StatusMatchCallback
                0x0000000008008640        0x4 ../../DaisySeed/DaisyExamples/libDaisy/build/libdaisy.a(stm32h7xx_hal_qspi.o)
                0x0000000008008640                HAL_QSPI_StatusMatchCallback
 .text.HAL_QSPI_TimeOutCallback
                0x0000000008008644        0x4 ../../DaisySeed/DaisyExamples/libDaisy/build/libdaisy.a(stm32h7xx_hal_qspi.o)
                0x0000000008008644                HAL_QSPI_TimeOutCallback
 .text.HAL_QSPI_IRQHandler
                0x0000000008008648      0x210 ../../DaisySeed/DaisyExamples/libDaisy/build/libdaisy.a(stm32h7xx_hal_qspi.o)
                0x0000000008008648                HAL_QSPI_IRQHandler
 .text.HAL_RCC_OscConfig
                0x0000000008008858      0x51c ../../DaisySeed/DaisyExamples/libDaisy/build/libdaisy.a(stm32h7xx_hal_rcc.o)
                0x0000000008008858                HAL_RCC_OscConfig
 .text.HAL_RCC_GetSysClockFreq
                0x0000000008008d74      0x140 ../../DaisySeed/DaisyExamples/libDaisy/build/libdaisy.a(stm32h7xx_hal_rcc.o)
                0x0000000008008d74                HAL_RCC_GetSysClockFreq
 .text.HAL_RCC_ClockConfig
                0x0000000008008eb4      0x234 ../../DaisySeed/DaisyExamples/libDaisy/build/libdaisy.a(stm32h7xx_hal_rcc.o)
                0x0000000008008eb4                HAL_RCC_ClockConfig
 .text.HAL_RCC_GetHCLKFreq
                0x00000000080090e8       0x2c ../../DaisySeed/DaisyExamples/libDaisy/build/libdaisy.a(stm32h7xx_hal_rcc.o)
                0x00000000080090e8                HAL_RCC_GetHCLKFreq
 .text.HAL_RCC_GetPCLK1Freq
                0x0000000008009114       0x38 ../../DaisySeed/DaisyExamples/libDaisy/build/libdaisy.a(stm32h7xx_hal_rcc.o)
                0x0000000008009114                HAL_RCC_GetPCLK1Freq
 .text.HAL_RCC_GetPCLK2Freq
                0x000000000800914c       0x38 ../../DaisySeed/DaisyExamples/libDaisy/build/libdaisy.a(stm32h7xx_hal_rcc.o)
                0x000000000800914c                HAL_RCC_GetPCLK2Freq
 .text.RCCEx_PLL2_Config
                0x0000000008009184       0xf4 ../../DaisySeed/DaisyExamples/libDaisy/build/libdaisy.a(stm32h7xx_hal_rcc_ex.o)
 .text.RCCEx_PLL3_Config
                0x0000000008009278       0xf4 ../../DaisySeed/DaisyExamples/libDaisy/build/libdaisy.a(stm32h7xx_hal_rcc_ex.o)
 .text.HAL_RCCEx_PeriphCLKConfig
                0x000000000800936c      0xa7c ../../DaisySeed/DaisyExamples/libDaisy/build/libdaisy.a(stm32h7xx_hal_rcc_ex.o)
                0x000000000800936c                HAL_RCCEx_PeriphCLKConfig
 .text.HAL_RCCEx_GetD3PCLK1Freq
                0x0000000008009de8       0x24 ../../DaisySeed/DaisyExamples/libDaisy/build/libdaisy.a(stm32h7xx_hal_rcc_ex.o)
                0x0000000008009de8                HAL_RCCEx_GetD3PCLK1Freq
 .text.HAL_RCCEx_GetPLL2ClockFreq
                0x0000000008009e0c      0x17c ../../DaisySeed/DaisyExamples/libDaisy/build/libdaisy.a(stm32h7xx_hal_rcc_ex.o)
                0x0000000008009e0c                HAL_RCCEx_GetPLL2ClockFreq
 .text.HAL_RCCEx_GetPLL3ClockFreq
                0x0000000008009f88      0x17c ../../DaisySeed/DaisyExamples/libDaisy/build/libdaisy.a(stm32h7xx_hal_rcc_ex.o)
                0x0000000008009f88                HAL_RCCEx_GetPLL3ClockFreq
 .text.HAL_RCCEx_GetPLL1ClockFreq
                0x000000000800a104      0x17c ../../DaisySeed/DaisyExamples/libDaisy/build/libdaisy.a(stm32h7xx_hal_rcc_ex.o)
                0x000000000800a104                HAL_RCCEx_GetPLL1ClockFreq
 .text.HAL_RCCEx_GetPeriphCLKFreq
                0x000000000800a280      0x198 ../../DaisySeed/DaisyExamples/libDaisy/build/libdaisy.a(stm32h7xx_hal_rcc_ex.o)
                0x000000000800a280                HAL_RCCEx_GetPeriphCLKFreq
 .text.HAL_RCCEx_GetD1SysClockFreq
                0x000000000800a418       0x2c ../../DaisySeed/DaisyExamples/libDaisy/build/libdaisy.a(stm32h7xx_hal_rcc_ex.o)
                0x000000000800a418                HAL_RCCEx_GetD1SysClockFreq
 .text.HAL_SAI_Init.part.0
                0x000000000800a444      0x348 ../../DaisySeed/DaisyExamples/libDaisy/build/libdaisy.a(stm32h7xx_hal_sai.o)
 .text.HAL_SAI_InitProtocol
                0x000000000800a78c      0x178 ../../DaisySeed/DaisyExamples/libDaisy/build/libdaisy.a(stm32h7xx_hal_sai.o)
                0x000000000800a78c                HAL_SAI_InitProtocol
 .text.HAL_SDRAM_Init
                0x000000000800a904       0x54 ../../DaisySeed/DaisyExamples/libDaisy/build/libdaisy.a(stm32h7xx_hal_sdram.o)
                0x000000000800a904                HAL_SDRAM_Init
 .text.HAL_SDRAM_SendCommand
                0x000000000800a958       0x40 ../../DaisySeed/DaisyExamples/libDaisy/build/libdaisy.a(stm32h7xx_hal_sdram.o)
                0x000000000800a958                HAL_SDRAM_SendCommand
 .text.HAL_SDRAM_ProgramRefreshRate
                0x000000000800a998       0x30 ../../DaisySeed/DaisyExamples/libDaisy/build/libdaisy.a(stm32h7xx_hal_sdram.o)
                0x000000000800a998                HAL_SDRAM_ProgramRefreshRate
 .text.SPI_CloseTransfer
                0x000000000800a9c8       0xb8 ../../DaisySeed/DaisyExamples/libDaisy/build/libdaisy.a(stm32h7xx_hal_spi.o)
 .text.HAL_SPI_Init
                0x000000000800aa80      0x15c ../../DaisySeed/DaisyExamples/libDaisy/build/libdaisy.a(stm32h7xx_hal_spi.o)
                0x000000000800aa80                HAL_SPI_Init
 .text.HAL_SPI_Transmit_DMA
                0x000000000800abdc      0x170 ../../DaisySeed/DaisyExamples/libDaisy/build/libdaisy.a(stm32h7xx_hal_spi.o)
                0x000000000800abdc                HAL_SPI_Transmit_DMA
 .text.HAL_SPI_TransmitReceive_DMA
                0x000000000800ad4c      0x218 ../../DaisySeed/DaisyExamples/libDaisy/build/libdaisy.a(stm32h7xx_hal_spi.o)
                0x000000000800ad4c                HAL_SPI_TransmitReceive_DMA
 .text.HAL_SPI_Receive_DMA
                0x000000000800af64      0x1b4 ../../DaisySeed/DaisyExamples/libDaisy/build/libdaisy.a(stm32h7xx_hal_spi.o)
                0x000000000800af64                HAL_SPI_Receive_DMA
 .text.SPI_DMATransmitCplt
                0x000000000800b118       0x28 ../../DaisySeed/DaisyExamples/libDaisy/build/libdaisy.a(stm32h7xx_hal_spi.o)
 .text.SPI_DMAReceiveCplt
                0x000000000800b140       0x28 ../../DaisySeed/DaisyExamples/libDaisy/build/libdaisy.a(stm32h7xx_hal_spi.o)
 .text.SPI_DMATransmitReceiveCplt
                0x000000000800b168       0x28 ../../DaisySeed/DaisyExamples/libDaisy/build/libdaisy.a(stm32h7xx_hal_spi.o)
 .text.HAL_SPI_TxHalfCpltCallback
                0x000000000800b190        0x4 ../../DaisySeed/DaisyExamples/libDaisy/build/libdaisy.a(stm32h7xx_hal_spi.o)
                0x000000000800b190                HAL_SPI_TxHalfCpltCallback
 .text.SPI_DMAHalfTransmitCplt
                0x000000000800b194        0xc ../../DaisySeed/DaisyExamples/libDaisy/build/libdaisy.a(stm32h7xx_hal_spi.o)
 .text.HAL_SPI_RxHalfCpltCallback
                0x000000000800b1a0        0x4 ../../DaisySeed/DaisyExamples/libDaisy/build/libdaisy.a(stm32h7xx_hal_spi.o)
                0x000000000800b1a0                HAL_SPI_RxHalfCpltCallback
 .text.SPI_DMAHalfReceiveCplt
                0x000000000800b1a4        0xc ../../DaisySeed/DaisyExamples/libDaisy/build/libdaisy.a(stm32h7xx_hal_spi.o)
 .text.HAL_SPI_TxRxHalfCpltCallback
                0x000000000800b1b0        0x4 ../../DaisySeed/DaisyExamples/libDaisy/build/libdaisy.a(stm32h7xx_hal_spi.o)
                0x000000000800b1b0                HAL_SPI_TxRxHalfCpltCallback
 .text.SPI_DMAHalfTransmitReceiveCplt
                0x000000000800b1b4        0xc ../../DaisySeed/DaisyExamples/libDaisy/build/libdaisy.a(stm32h7xx_hal_spi.o)
 .text.SPI_DMAError
                0x000000000800b1c0       0xd8 ../../DaisySeed/DaisyExamples/libDaisy/build/libdaisy.a(stm32h7xx_hal_spi.o)
 .text.HAL_SPI_IRQHandler
                0x000000000800b298      0x23c ../../DaisySeed/DaisyExamples/libDaisy/build/libdaisy.a(stm32h7xx_hal_spi.o)
                0x000000000800b298                HAL_SPI_IRQHandler
 .text.SPI_DMAAbortOnError
                0x000000000800b4d4       0x1c ../../DaisySeed/DaisyExamples/libDaisy/build/libdaisy.a(stm32h7xx_hal_spi.o)
 .text.HAL_SPI_GetState
                0x000000000800b4f0        0x8 ../../DaisySeed/DaisyExamples/libDaisy/build/libdaisy.a(stm32h7xx_hal_spi.o)
                0x000000000800b4f0                HAL_SPI_GetState
 .text.FMC_SDRAM_Init
                0x000000000800b4f8       0x7c ../../DaisySeed/DaisyExamples/libDaisy/build/libdaisy.a(stm32h7xx_ll_fmc.o)
                0x000000000800b4f8                FMC_SDRAM_Init
 .text.FMC_SDRAM_Timing_Init
                0x000000000800b574       0x98 ../../DaisySeed/DaisyExamples/libDaisy/build/libdaisy.a(stm32h7xx_ll_fmc.o)
                0x000000000800b574                FMC_SDRAM_Timing_Init
 .text.FMC_SDRAM_SendCommand
                0x000000000800b60c       0x28 ../../DaisySeed/DaisyExamples/libDaisy/build/libdaisy.a(stm32h7xx_ll_fmc.o)
                0x000000000800b60c                FMC_SDRAM_SendCommand
 .text.FMC_SDRAM_ProgramRefreshRate
                0x000000000800b634       0x1c ../../DaisySeed/DaisyExamples/libDaisy/build/libdaisy.a(stm32h7xx_ll_fmc.o)
                0x000000000800b634                FMC_SDRAM_ProgramRefreshRate
 .text.USB_CoreInit
                0x000000000800b650      0x124 ../../DaisySeed/DaisyExamples/libDaisy/build/libdaisy.a(stm32h7xx_ll_usb.o)
                0x000000000800b650                USB_CoreInit
 .text.USB_SetTurnaroundTime
                0x000000000800b774      0x104 ../../DaisySeed/DaisyExamples/libDaisy/build/libdaisy.a(stm32h7xx_ll_usb.o)
                0x000000000800b774                USB_SetTurnaroundTime
 .text.USB_EnableGlobalInt
                0x000000000800b878       0x10 ../../DaisySeed/DaisyExamples/libDaisy/build/libdaisy.a(stm32h7xx_ll_usb.o)
                0x000000000800b878                USB_EnableGlobalInt
 .text.USB_DisableGlobalInt
                0x000000000800b888       0x10 ../../DaisySeed/DaisyExamples/libDaisy/build/libdaisy.a(stm32h7xx_ll_usb.o)
                0x000000000800b888                USB_DisableGlobalInt
 .text.USB_SetCurrentMode
                0x000000000800b898       0x30 ../../DaisySeed/DaisyExamples/libDaisy/build/libdaisy.a(stm32h7xx_ll_usb.o)
                0x000000000800b898                USB_SetCurrentMode
 .text.USB_DevInit
                0x000000000800b8c8      0x20c ../../DaisySeed/DaisyExamples/libDaisy/build/libdaisy.a(stm32h7xx_ll_usb.o)
                0x000000000800b8c8                USB_DevInit
 .text.USB_FlushTxFifo
                0x000000000800bad4       0x34 ../../DaisySeed/DaisyExamples/libDaisy/build/libdaisy.a(stm32h7xx_ll_usb.o)
                0x000000000800bad4                USB_FlushTxFifo
 .text.USB_GetDevSpeed
                0x000000000800bb08       0x24 ../../DaisySeed/DaisyExamples/libDaisy/build/libdaisy.a(stm32h7xx_ll_usb.o)
                0x000000000800bb08                USB_GetDevSpeed
 .text.USB_ActivateEndpoint
                0x000000000800bb2c       0x90 ../../DaisySeed/DaisyExamples/libDaisy/build/libdaisy.a(stm32h7xx_ll_usb.o)
                0x000000000800bb2c                USB_ActivateEndpoint
 .text.USB_DeactivateEndpoint
                0x000000000800bbbc       0x84 ../../DaisySeed/DaisyExamples/libDaisy/build/libdaisy.a(stm32h7xx_ll_usb.o)
                0x000000000800bbbc                USB_DeactivateEndpoint
 .text.USB_EPStartXfer
                0x000000000800bc40      0x230 ../../DaisySeed/DaisyExamples/libDaisy/build/libdaisy.a(stm32h7xx_ll_usb.o)
                0x000000000800bc40                USB_EPStartXfer
 .text.USB_EP0StartXfer
                0x000000000800be70      0x174 ../../DaisySeed/DaisyExamples/libDaisy/build/libdaisy.a(stm32h7xx_ll_usb.o)
                0x000000000800be70                USB_EP0StartXfer
 .text.USB_WritePacket
                0x000000000800bfe4       0x2c ../../DaisySeed/DaisyExamples/libDaisy/build/libdaisy.a(stm32h7xx_ll_usb.o)
                0x000000000800bfe4                USB_WritePacket
 .text.USB_ReadPacket
                0x000000000800c010       0x20 ../../DaisySeed/DaisyExamples/libDaisy/build/libdaisy.a(stm32h7xx_ll_usb.o)
                0x000000000800c010                USB_ReadPacket
 .text.USB_EPSetStall
                0x000000000800c030       0x68 ../../DaisySeed/DaisyExamples/libDaisy/build/libdaisy.a(stm32h7xx_ll_usb.o)
                0x000000000800c030                USB_EPSetStall
 .text.USB_EPClearStall
                0x000000000800c098       0x58 ../../DaisySeed/DaisyExamples/libDaisy/build/libdaisy.a(stm32h7xx_ll_usb.o)
                0x000000000800c098                USB_EPClearStall
 .text.USB_SetDevAddress
                0x000000000800c0f0       0x24 ../../DaisySeed/DaisyExamples/libDaisy/build/libdaisy.a(stm32h7xx_ll_usb.o)
                0x000000000800c0f0                USB_SetDevAddress
 .text.USB_DevConnect
                0x000000000800c114       0x1c ../../DaisySeed/DaisyExamples/libDaisy/build/libdaisy.a(stm32h7xx_ll_usb.o)
                0x000000000800c114                USB_DevConnect
 .text.USB_DevDisconnect
                0x000000000800c130       0x1c ../../DaisySeed/DaisyExamples/libDaisy/build/libdaisy.a(stm32h7xx_ll_usb.o)
                0x000000000800c130                USB_DevDisconnect
 .text.USB_ReadInterrupts
                0x000000000800c14c       0x14 ../../DaisySeed/DaisyExamples/libDaisy/build/libdaisy.a(stm32h7xx_ll_usb.o)
                0x000000000800c14c                USB_ReadInterrupts
 .text.USB_ReadDevAllOutEpInterrupt
                0x000000000800c160       0x1c ../../DaisySeed/DaisyExamples/libDaisy/build/libdaisy.a(stm32h7xx_ll_usb.o)
                0x000000000800c160                USB_ReadDevAllOutEpInterrupt
 .text.USB_ReadDevAllInEpInterrupt
                0x000000000800c17c       0x1c ../../DaisySeed/DaisyExamples/libDaisy/build/libdaisy.a(stm32h7xx_ll_usb.o)
                0x000000000800c17c                USB_ReadDevAllInEpInterrupt
 .text.USB_ReadDevOutEPInterrupt
                0x000000000800c198       0x1c ../../DaisySeed/DaisyExamples/libDaisy/build/libdaisy.a(stm32h7xx_ll_usb.o)
                0x000000000800c198                USB_ReadDevOutEPInterrupt
 .text.USB_ReadDevInEPInterrupt
                0x000000000800c1b4       0x38 ../../DaisySeed/DaisyExamples/libDaisy/build/libdaisy.a(stm32h7xx_ll_usb.o)
                0x000000000800c1b4                USB_ReadDevInEPInterrupt
 .text.USB_GetMode
                0x000000000800c1ec        0x8 ../../DaisySeed/DaisyExamples/libDaisy/build/libdaisy.a(stm32h7xx_ll_usb.o)
                0x000000000800c1ec                USB_GetMode
 .text.USB_ActivateSetup
                0x000000000800c1f4       0x38 ../../DaisySeed/DaisyExamples/libDaisy/build/libdaisy.a(stm32h7xx_ll_usb.o)
                0x000000000800c1f4                USB_ActivateSetup
 .text.USB_EP0_OutStart
                0x000000000800c22c       0x58 ../../DaisySeed/DaisyExamples/libDaisy/build/libdaisy.a(stm32h7xx_ll_usb.o)
                0x000000000800c22c                USB_EP0_OutStart
 .text.USB_InitFSLSPClkSel
                0x000000000800c284       0x44 ../../DaisySeed/DaisyExamples/libDaisy/build/libdaisy.a(stm32h7xx_ll_usb.o)
                0x000000000800c284                USB_InitFSLSPClkSel
 .text.USB_HC_ReadInterrupt
                0x000000000800c2c8        0x8 ../../DaisySeed/DaisyExamples/libDaisy/build/libdaisy.a(stm32h7xx_ll_usb.o)
                0x000000000800c2c8                USB_HC_ReadInterrupt
 .text.USB_HC_Halt
                0x000000000800c2d0       0xc0 ../../DaisySeed/DaisyExamples/libDaisy/build/libdaisy.a(stm32h7xx_ll_usb.o)
                0x000000000800c2d0                USB_HC_Halt
 .text.USB_StopHost
                0x000000000800c390      0x2ec ../../DaisySeed/DaisyExamples/libDaisy/build/libdaisy.a(stm32h7xx_ll_usb.o)
                0x000000000800c390                USB_StopHost
 .text.USBD_CDC_EP0_RxReady
                0x000000000800c67c       0x2c ../../DaisySeed/DaisyExamples/libDaisy/build/libdaisy.a(usbd_cdc.o)
 .text.USBD_CDC_GetFSCfgDesc
                0x000000000800c6a8       0x24 ../../DaisySeed/DaisyExamples/libDaisy/build/libdaisy.a(usbd_cdc.o)
 .text.USBD_CDC_GetHSCfgDesc
                0x000000000800c6cc       0x24 ../../DaisySeed/DaisyExamples/libDaisy/build/libdaisy.a(usbd_cdc.o)
 .text.USBD_CDC_GetOtherSpeedCfgDesc
                0x000000000800c6f0       0x24 ../../DaisySeed/DaisyExamples/libDaisy/build/libdaisy.a(usbd_cdc.o)
 .text.USBD_CDC_GetDeviceQualifierDescriptor
                0x000000000800c714       0x10 ../../DaisySeed/DaisyExamples/libDaisy/build/libdaisy.a(usbd_cdc.o)
                0x000000000800c714                USBD_CDC_GetDeviceQualifierDescriptor
 .text.USBD_CDC_DataOut
                0x000000000800c724       0x30 ../../DaisySeed/DaisyExamples/libDaisy/build/libdaisy.a(usbd_cdc.o)
 .text.USBD_CDC_DataIn
                0x000000000800c754       0x50 ../../DaisySeed/DaisyExamples/libDaisy/build/libdaisy.a(usbd_cdc.o)
 .text.USBD_CDC_Setup
                0x000000000800c7a4       0xcc ../../DaisySeed/DaisyExamples/libDaisy/build/libdaisy.a(usbd_cdc.o)
 .text.USBD_CDC_DeInit
                0x000000000800c870       0x44 ../../DaisySeed/DaisyExamples/libDaisy/build/libdaisy.a(usbd_cdc.o)
 .text.USBD_CDC_Init
                0x000000000800c8b4       0x94 ../../DaisySeed/DaisyExamples/libDaisy/build/libdaisy.a(usbd_cdc.o)
 .text.USBD_CDC_RegisterInterface
                0x000000000800c948       0x10 ../../DaisySeed/DaisyExamples/libDaisy/build/libdaisy.a(usbd_cdc.o)
                0x000000000800c948                USBD_CDC_RegisterInterface
 .text.USBD_CDC_SetTxBuffer
                0x000000000800c958       0x14 ../../DaisySeed/DaisyExamples/libDaisy/build/libdaisy.a(usbd_cdc.o)
                0x000000000800c958                USBD_CDC_SetTxBuffer
 .text.USBD_CDC_SetRxBuffer
                0x000000000800c96c       0x10 ../../DaisySeed/DaisyExamples/libDaisy/build/libdaisy.a(usbd_cdc.o)
                0x000000000800c96c                USBD_CDC_SetRxBuffer
 .text.USBD_CDC_TransmitPacket
                0x000000000800c97c       0x34 ../../DaisySeed/DaisyExamples/libDaisy/build/libdaisy.a(usbd_cdc.o)
                0x000000000800c97c                USBD_CDC_TransmitPacket
 .text.USBD_CDC_ReceivePacket
                0x000000000800c9b0       0x38 ../../DaisySeed/DaisyExamples/libDaisy/build/libdaisy.a(usbd_cdc.o)
                0x000000000800c9b0                USBD_CDC_ReceivePacket
 .text.USBD_Init
                0x000000000800c9e8       0x44 ../../DaisySeed/DaisyExamples/libDaisy/build/libdaisy.a(usbd_core.o)
                0x000000000800c9e8                USBD_Init
 .text.USBD_RegisterClass
                0x000000000800ca2c       0x2c ../../DaisySeed/DaisyExamples/libDaisy/build/libdaisy.a(usbd_core.o)
                0x000000000800ca2c                USBD_RegisterClass
 .text.USBD_Start
                0x000000000800ca58        0xc ../../DaisySeed/DaisyExamples/libDaisy/build/libdaisy.a(usbd_core.o)
                0x000000000800ca58                USBD_Start
 .text.USBD_SetClassConfig
                0x000000000800ca64       0x14 ../../DaisySeed/DaisyExamples/libDaisy/build/libdaisy.a(usbd_core.o)
                0x000000000800ca64                USBD_SetClassConfig
 .text.USBD_ClrClassConfig
                0x000000000800ca78       0x10 ../../DaisySeed/DaisyExamples/libDaisy/build/libdaisy.a(usbd_core.o)
                0x000000000800ca78                USBD_ClrClassConfig
 .text.USBD_LL_SetupStage
                0x000000000800ca88       0x5c ../../DaisySeed/DaisyExamples/libDaisy/build/libdaisy.a(usbd_core.o)
                0x000000000800ca88                USBD_LL_SetupStage
 .text.USBD_LL_DataOutStage
                0x000000000800cae4       0x7c ../../DaisySeed/DaisyExamples/libDaisy/build/libdaisy.a(usbd_core.o)
                0x000000000800cae4                USBD_LL_DataOutStage
 .text.USBD_LL_DataInStage
                0x000000000800cb60       0xcc ../../DaisySeed/DaisyExamples/libDaisy/build/libdaisy.a(usbd_core.o)
                0x000000000800cb60                USBD_LL_DataInStage
 .text.USBD_LL_Reset
                0x000000000800cc2c       0x50 ../../DaisySeed/DaisyExamples/libDaisy/build/libdaisy.a(usbd_core.o)
                0x000000000800cc2c                USBD_LL_Reset
 .text.USBD_LL_SetSpeed
                0x000000000800cc7c        0x8 ../../DaisySeed/DaisyExamples/libDaisy/build/libdaisy.a(usbd_core.o)
                0x000000000800cc7c                USBD_LL_SetSpeed
 .text.USBD_LL_Suspend
                0x000000000800cc84       0x14 ../../DaisySeed/DaisyExamples/libDaisy/build/libdaisy.a(usbd_core.o)
                0x000000000800cc84                USBD_LL_Suspend
 .text.USBD_LL_Resume
                0x000000000800cc98       0x10 ../../DaisySeed/DaisyExamples/libDaisy/build/libdaisy.a(usbd_core.o)
                0x000000000800cc98                USBD_LL_Resume
 .text.USBD_LL_SOF
                0x000000000800cca8       0x1c ../../DaisySeed/DaisyExamples/libDaisy/build/libdaisy.a(usbd_core.o)
                0x000000000800cca8                USBD_LL_SOF
 .text.USBD_LL_IsoINIncomplete
                0x000000000800ccc4        0x4 ../../DaisySeed/DaisyExamples/libDaisy/build/libdaisy.a(usbd_core.o)
                0x000000000800ccc4                USBD_LL_IsoINIncomplete
 .text.USBD_LL_IsoOUTIncomplete
                0x000000000800ccc8        0x4 ../../DaisySeed/DaisyExamples/libDaisy/build/libdaisy.a(usbd_core.o)
                0x000000000800ccc8                USBD_LL_IsoOUTIncomplete
 .text.USBD_LL_DevConnected
                0x000000000800cccc        0x4 ../../DaisySeed/DaisyExamples/libDaisy/build/libdaisy.a(usbd_core.o)
                0x000000000800cccc                USBD_LL_DevConnected
 .text.USBD_LL_DevDisconnected
                0x000000000800ccd0       0x18 ../../DaisySeed/DaisyExamples/libDaisy/build/libdaisy.a(usbd_core.o)
                0x000000000800ccd0                USBD_LL_DevDisconnected
 .text.USBD_StdDevReq
                0x000000000800cce8      0x304 ../../DaisySeed/DaisyExamples/libDaisy/build/libdaisy.a(usbd_ctlreq.o)
                0x000000000800cce8                USBD_StdDevReq
 .text.USBD_StdItfReq
                0x000000000800cfec       0x68 ../../DaisySeed/DaisyExamples/libDaisy/build/libdaisy.a(usbd_ctlreq.o)
                0x000000000800cfec                USBD_StdItfReq
 .text.USBD_StdEPReq
                0x000000000800d054      0x13c ../../DaisySeed/DaisyExamples/libDaisy/build/libdaisy.a(usbd_ctlreq.o)
                0x000000000800d054                USBD_StdEPReq
 .text.USBD_ParseSetupRequest
                0x000000000800d190       0x28 ../../DaisySeed/DaisyExamples/libDaisy/build/libdaisy.a(usbd_ctlreq.o)
                0x000000000800d190                USBD_ParseSetupRequest
 .text.USBD_CtlError
                0x000000000800d1b8       0x18 ../../DaisySeed/DaisyExamples/libDaisy/build/libdaisy.a(usbd_ctlreq.o)
                0x000000000800d1b8                USBD_CtlError
 .text.USBD_GetString
                0x000000000800d1d0       0x54 ../../DaisySeed/DaisyExamples/libDaisy/build/libdaisy.a(usbd_ctlreq.o)
                0x000000000800d1d0                USBD_GetString
 .text.USBD_CtlSendData
                0x000000000800d224       0x1c ../../DaisySeed/DaisyExamples/libDaisy/build/libdaisy.a(usbd_ioreq.o)
                0x000000000800d224                USBD_CtlSendData
 .text.USBD_CtlContinueSendData
                0x000000000800d240       0x14 ../../DaisySeed/DaisyExamples/libDaisy/build/libdaisy.a(usbd_ioreq.o)
                0x000000000800d240                USBD_CtlContinueSendData
 .text.USBD_CtlPrepareRx
                0x000000000800d254       0x1c ../../DaisySeed/DaisyExamples/libDaisy/build/libdaisy.a(usbd_ioreq.o)
                0x000000000800d254                USBD_CtlPrepareRx
 .text.USBD_CtlContinueRx
                0x000000000800d270       0x14 ../../DaisySeed/DaisyExamples/libDaisy/build/libdaisy.a(usbd_ioreq.o)
                0x000000000800d270                USBD_CtlContinueRx
 .text.USBD_CtlSendStatus
                0x000000000800d284       0x18 ../../DaisySeed/DaisyExamples/libDaisy/build/libdaisy.a(usbd_ioreq.o)
                0x000000000800d284                USBD_CtlSendStatus
 .text.USBD_CtlReceiveStatus
                0x000000000800d29c       0x18 ../../DaisySeed/DaisyExamples/libDaisy/build/libdaisy.a(usbd_ioreq.o)
                0x000000000800d29c                USBD_CtlReceiveStatus
 .text.USBH_LL_IncTimer
                0x000000000800d2b4       0x20 ../../DaisySeed/DaisyExamples/libDaisy/build/libdaisy.a(usbh_core.o)
                0x000000000800d2b4                USBH_LL_IncTimer
 .text.USBH_LL_PortEnabled
                0x000000000800d2d4        0x8 ../../DaisySeed/DaisyExamples/libDaisy/build/libdaisy.a(usbh_core.o)
                0x000000000800d2d4                USBH_LL_PortEnabled
 .text.USBH_LL_PortDisabled
                0x000000000800d2dc        0x8 ../../DaisySeed/DaisyExamples/libDaisy/build/libdaisy.a(usbh_core.o)
                0x000000000800d2dc                USBH_LL_PortDisabled
 .text.USBH_LL_Connect
                0x000000000800d2e4       0x18 ../../DaisySeed/DaisyExamples/libDaisy/build/libdaisy.a(usbh_core.o)
                0x000000000800d2e4                USBH_LL_Connect
 .text.USBH_LL_Disconnect
                0x000000000800d2fc       0x2c ../../DaisySeed/DaisyExamples/libDaisy/build/libdaisy.a(usbh_core.o)
                0x000000000800d2fc                USBH_LL_Disconnect
 .text.USBH_FreePipe
                0x000000000800d328       0x18 ../../DaisySeed/DaisyExamples/libDaisy/build/libdaisy.a(usbh_pipes.o)
                0x000000000800d328                USBH_FreePipe
 .text._ZN5daisy6Random4InitEv
                0x000000000800d340       0x3c ../../DaisySeed/DaisyExamples/libDaisy/build/libdaisy.a(rng.o)
                0x000000000800d340                daisy::Random::Init()
 .text.HAL_TIM_Base_MspInit
                0x000000000800d37c      0x1e0 ../../DaisySeed/DaisyExamples/libDaisy/build/libdaisy.a(tim.o)
                0x000000000800d37c                HAL_TIM_Base_MspInit
 .text.HAL_TIM_PeriodElapsedCallback
                0x000000000800d55c       0x44 ../../DaisySeed/DaisyExamples/libDaisy/build/libdaisy.a(tim.o)
                0x000000000800d55c                HAL_TIM_PeriodElapsedCallback
 .text.TIM2_IRQHandler
                0x000000000800d5a0        0xc ../../DaisySeed/DaisyExamples/libDaisy/build/libdaisy.a(tim.o)
                0x000000000800d5a0                TIM2_IRQHandler
 .text.TIM3_IRQHandler
                0x000000000800d5ac        0xc ../../DaisySeed/DaisyExamples/libDaisy/build/libdaisy.a(tim.o)
                0x000000000800d5ac                TIM3_IRQHandler
 .text.TIM4_IRQHandler
                0x000000000800d5b8        0xc ../../DaisySeed/DaisyExamples/libDaisy/build/libdaisy.a(tim.o)
                0x000000000800d5b8                TIM4_IRQHandler
 .text.TIM5_IRQHandler
                0x000000000800d5c4        0xc ../../DaisySeed/DaisyExamples/libDaisy/build/libdaisy.a(tim.o)
                0x000000000800d5c4                TIM5_IRQHandler
 .text._ZN5daisy11TimerHandle4InitERKNS0_6ConfigE
                0x000000000800d5d0       0xd0 ../../DaisySeed/DaisyExamples/libDaisy/build/libdaisy.a(tim.o)
                0x000000000800d5d0                daisy::TimerHandle::Init(daisy::TimerHandle::Config const&)
 .text._ZN5daisy11TimerHandle5StartEv
                0x000000000800d6a0       0x24 ../../DaisySeed/DaisyExamples/libDaisy/build/libdaisy.a(tim.o)
                0x000000000800d6a0                daisy::TimerHandle::Start()
 .text.startup._GLOBAL__sub_I__ZN5daisy11TimerHandle4Impl4InitERKNS0_6ConfigE
                0x000000000800d6c4       0x38 ../../DaisySeed/DaisyExamples/libDaisy/build/libdaisy.a(tim.o)
 .text._ZL20UART_CheckRxListenerPN5daisy11UartHandler4ImplE
                0x000000000800d6fc       0x84 ../../DaisySeed/DaisyExamples/libDaisy/build/libdaisy.a(uart.o)
 .text._ZN5daisy11UartHandler4Impl10StartDmaTxEPhjPFvPvEPFvS3_NS0_6ResultEES3_
                0x000000000800d780      0x184 ../../DaisySeed/DaisyExamples/libDaisy/build/libdaisy.a(uart.o)
                0x000000000800d780                daisy::UartHandler::Impl::StartDmaTx(unsigned char*, unsigned int, void (*)(void*), void (*)(void*, daisy::UartHandler::Result), void*)
 .text._ZN5daisy11UartHandler4Impl10StartDmaRxEPhjPFvPvEPFvS3_NS0_6ResultEES3_
                0x000000000800d904      0x184 ../../DaisySeed/DaisyExamples/libDaisy/build/libdaisy.a(uart.o)
                0x000000000800d904                daisy::UartHandler::Impl::StartDmaRx(unsigned char*, unsigned int, void (*)(void*), void (*)(void*, daisy::UartHandler::Result), void*)
 .text._ZN5daisy11UartHandler4Impl19DmaTransferFinishedEP20__UART_HandleTypeDefNS0_6ResultE
                0x000000000800da88       0xc0 ../../DaisySeed/DaisyExamples/libDaisy/build/libdaisy.a(uart.o)
                0x000000000800da88                daisy::UartHandler::Impl::DmaTransferFinished(__UART_HandleTypeDef*, daisy::UartHandler::Result)
 .text._ZN5daisy11UartHandler4Impl8InitPinsEv
                0x000000000800db48      0x154 ../../DaisySeed/DaisyExamples/libDaisy/build/libdaisy.a(uart.o)
                0x000000000800db48                daisy::UartHandler::Impl::InitPins()
 .text.HAL_UART_MspInit
                0x000000000800dc9c      0x210 ../../DaisySeed/DaisyExamples/libDaisy/build/libdaisy.a(uart.o)
                0x000000000800dc9c                HAL_UART_MspInit
 .text.dsy_uart_global_init
                0x000000000800deac       0xfc ../../DaisySeed/DaisyExamples/libDaisy/build/libdaisy.a(uart.o)
                0x000000000800deac                dsy_uart_global_init
 .text.USART1_IRQHandler
                0x000000000800dfa8       0x2c ../../DaisySeed/DaisyExamples/libDaisy/build/libdaisy.a(uart.o)
                0x000000000800dfa8                USART1_IRQHandler
 .text.USART2_IRQHandler
                0x000000000800dfd4       0x34 ../../DaisySeed/DaisyExamples/libDaisy/build/libdaisy.a(uart.o)
                0x000000000800dfd4                USART2_IRQHandler
 .text.USART3_IRQHandler
                0x000000000800e008       0x34 ../../DaisySeed/DaisyExamples/libDaisy/build/libdaisy.a(uart.o)
                0x000000000800e008                USART3_IRQHandler