Archive member included to satisfy reference by file (symbol)

../../DaisySeed/DaisyExamples/libDaisy/build/libdaisy.a(daisy_seed.o)
                              build/main.o (daisy::DaisySeed::DelayMs(unsigned int))
../../DaisySeed/DaisyExamples/libDaisy/build/libdaisy.a(codec_ak4556.o)
                              ../../DaisySeed/DaisyExamples/libDaisy/build/libdaisy.a(daisy_seed.o) (daisy::Ak4556::Init(dsy_gpio_pin))
../../DaisySeed/DaisyExamples/libDaisy/build/libdaisy.a(codec_wm8731.o)
                              ../../DaisySeed/DaisyExamples/libDaisy/build/libdaisy.a(daisy_seed.o) (daisy::Wm8731::Init(daisy::Wm8731::Config const&, daisy::I2CHandle))
../../DaisySeed/DaisyExamples/libDaisy/build/libdaisy.a(sdram.o)
                              ../../DaisySeed/DaisyExamples/libDaisy/build/libdaisy.a(daisy_seed.o) (SdramHandle::Init())
../../DaisySeed/DaisyExamples/libDaisy/build/libdaisy.a(audio.o)
                              ../../DaisySeed/DaisyExamples/libDaisy/build/libdaisy.a(daisy_seed.o) (daisy::AudioHandle::Init(daisy::AudioHandle::Config const&, daisy::SaiHandle))
../../DaisySeed/DaisyExamples/libDaisy/build/libdaisy.a(gpio.o)
                              build/main.o (daisy::GPIO::Init(daisy::Pin, daisy::GPIO::Mode, daisy::GPIO::Pull, daisy::GPIO::Speed))
../../DaisySeed/DaisyExamples/libDaisy/build/libdaisy.a(i2c.o)
                              build/main.o (daisy::I2CHandle::Init(daisy::I2CHandle::Config const&))
../../DaisySeed/DaisyExamples/libDaisy/build/libdaisy.a(qspi.o)
                              ../../DaisySeed/DaisyExamples/libDaisy/build/libdaisy.a(daisy_seed.o) (daisy::QSPIHandle::Init(daisy::QSPIHandle::Config const&))
../../DaisySeed/DaisyExamples/libDaisy/build/libdaisy.a(sai.o)
                              ../../DaisySeed/DaisyExamples/libDaisy/build/libdaisy.a(daisy_seed.o) (daisy::SaiHandle::Init(daisy::SaiHandle::Config const&))
../../DaisySeed/DaisyExamples/libDaisy/build/libdaisy.a(spi.o)
                              build/main.o (daisy::SpiHandle::Init(daisy::SpiHandle::Config const&))
../../DaisySeed/DaisyExamples/libDaisy/build/libdaisy.a(system.o)
                              ../../DaisySeed/DaisyExamples/libDaisy/build/libdaisy.a(daisy_seed.o) (daisy::System::DeInit())
../../DaisySeed/DaisyExamples/libDaisy/build/libdaisy.a(system_stm32h7xx.o)
                              build/startup_stm32h750xx.o (SystemInit)
../../DaisySeed/DaisyExamples/libDaisy/build/libdaisy.a(usbd_conf.o)
                              ../../DaisySeed/DaisyExamples/libDaisy/build/libdaisy.a(system.o) (hpcd_USB_OTG_HS)
../../DaisySeed/DaisyExamples/libDaisy/build/libdaisy.a(usbh_conf.o)
                              ../../DaisySeed/DaisyExamples/libDaisy/build/libdaisy.a(system.o) (hhcd_USB_OTG_HS)
../../DaisySeed/DaisyExamples/libDaisy/build/libdaisy.a(hal_map.o)
                              ../../DaisySeed/DaisyExamples/libDaisy/build/libdaisy.a(gpio.o) (dsy_hal_map_get_port)
../../DaisySeed/DaisyExamples/libDaisy/build/libdaisy.a(stm32h7xx_hal.o)
                              ../../DaisySeed/DaisyExamples/libDaisy/build/libdaisy.a(system.o) (HAL_Init)
../../DaisySeed/DaisyExamples/libDaisy/build/libdaisy.a(stm32h7xx_hal_cortex.o)
                              ../../DaisySeed/DaisyExamples/libDaisy/build/libdaisy.a(stm32h7xx_hal.o) (HAL_NVIC_SetPriorityGrouping)
../../DaisySeed/DaisyExamples/libDaisy/build/libdaisy.a(stm32h7xx_hal_dma.o)
                              ../../DaisySeed/DaisyExamples/libDaisy/build/libdaisy.a(i2c.o) (HAL_DMA_Init)
../../DaisySeed/DaisyExamples/libDaisy/build/libdaisy.a(stm32h7xx_hal_gpio.o)
                              ../../DaisySeed/DaisyExamples/libDaisy/build/libdaisy.a(sdram.o) (HAL_GPIO_Init)
../../DaisySeed/DaisyExamples/libDaisy/build/libdaisy.a(stm32h7xx_hal_hcd.o)
                              ../../DaisySeed/DaisyExamples/libDaisy/build/libdaisy.a(usbh_conf.o) (HAL_HCD_HC_Init)
../../DaisySeed/DaisyExamples/libDaisy/build/libdaisy.a(stm32h7xx_hal_i2c.o)
                              ../../DaisySeed/DaisyExamples/libDaisy/build/libdaisy.a(i2c.o) (HAL_I2C_Init)
../../DaisySeed/DaisyExamples/libDaisy/build/libdaisy.a(stm32h7xx_hal_i2c_ex.o)
                              ../../DaisySeed/DaisyExamples/libDaisy/build/libdaisy.a(i2c.o) (HAL_I2CEx_ConfigAnalogFilter)
../../DaisySeed/DaisyExamples/libDaisy/build/libdaisy.a(stm32h7xx_hal_pcd.o)
                              ../../DaisySeed/DaisyExamples/libDaisy/build/libdaisy.a(usbd_conf.o) (HAL_PCD_Init)
../../DaisySeed/DaisyExamples/libDaisy/build/libdaisy.a(stm32h7xx_hal_pcd_ex.o)
                              ../../DaisySeed/DaisyExamples/libDaisy/build/libdaisy.a(usbd_conf.o) (HAL_PCDEx_SetTxFiFo)
../../DaisySeed/DaisyExamples/libDaisy/build/libdaisy.a(stm32h7xx_hal_pwr_ex.o)
                              ../../DaisySeed/DaisyExamples/libDaisy/build/libdaisy.a(system.o) (HAL_PWREx_ConfigSupply)
../../DaisySeed/DaisyExamples/libDaisy/build/libdaisy.a(stm32h7xx_hal_qspi.o)
[...]
Memory Configuration

Name             Origin             Length             Attributes
FLASH            0x0000000008000000 0x0000000000020000 xr
DTCMRAM          0x0000000020000000 0x0000000000020000 xrw
SRAM             0x0000000024000000 0x0000000000080000 xrw
RAM_D2           0x0000000030000000 0x0000000000048000 xrw
RAM_D3           0x0000000038000000 0x0000000000010000 xrw
BACKUP_SRAM      0x0000000038800000 0x0000000000001000 xrw
ITCMRAM          0x0000000000000000 0x0000000000010000 xrw
SDRAM            0x00000000c0000000 0x0000000004000000 xrw
QSPIFLASH        0x0000000090000000 0x0000000000800000 xr
*default*        0x0000000000000000 0xffffffffffffffff

Linker script and memory map

LOAD /Library/DaisyToolchain/0.2.0/arm/bin/../lib/gcc/arm-none-eabi/10.3.1/thumb/v7e-m+dp/hard/crti.o
LOAD /Library/DaisyToolchain/0.2.0/arm/bin/../lib/gcc/arm-none-eabi/10.3.1/thumb/v7e-m+dp/hard/crtbegin.o
LOAD /Library/DaisyToolchain/0.2.0/arm/bin/../lib/gcc/arm-none-eabi/10.3.1/../../../../arm-none-eabi/lib/thumb/v7e-m+dp/hard/crt0.o
LOAD build/fonts.o
LOAD build/startup_stm32h750xx.o
LOAD build/main.o
LOAD build/ili9341.o
LOAD build/ft6206.o
LOAD ../../DaisySeed/DaisyExamples/libDaisy/build/libdaisy.a
LOAD /Library/DaisyToolchain/0.2.0/arm/bin/../lib/gcc/arm-none-eabi/10.3.1/../../../../arm-none-eabi/lib/thumb/v7e-m+dp/hard/libnosys.a
LOAD ../../DaisySeed/DaisyExamples/DaisySP/build/libdaisysp.a
LOAD /Library/DaisyToolchain/0.2.0/arm/bin/../lib/gcc/arm-none-eabi/10.3.1/../../../../arm-none-eabi/lib/thumb/v7e-m+dp/hard/libstdc++_nano.a
LOAD /Library/DaisyToolchain/0.2.0/arm/bin/../lib/gcc/arm-none-eabi/10.3.1/../../../../arm-none-eabi/lib/thumb/v7e-m+dp/hard/libm.a
LOAD /Library/DaisyToolchain/0.2.0/arm/bin/../lib/gcc/arm-none-eabi/10.3.1/../../../../arm-none-eabi/lib/thumb/v7e-m+dp/hard/libc_nano.a
START GROUP
LOAD /Library/DaisyToolchain/0.2.0/arm/bin/../lib/gcc/arm-none-eabi/10.3.1/thumb/v7e-m+dp/hard/libgcc.a
LOAD /Library/DaisyToolchain/0.2.0/arm/bin/../lib/gcc/arm-none-eabi/10.3.1/../../../../arm-none-eabi/lib/thumb/v7e-m+dp/hard/libc_nano.a
END GROUP
START GROUP
LOAD /Library/DaisyToolchain/0.2.0/arm/bin/../lib/gcc/arm-none-eabi/10.3.1/thumb/v7e-m+dp/hard/libgcc.a
LOAD /Library/DaisyToolchain/0.2.0/arm/bin/../lib/gcc/arm-none-eabi/10.3.1/../../../../arm-none-eabi/lib/thumb/v7e-m+dp/hard/libc_nano.a
LOAD /Library/DaisyToolchain/0.2.0/arm/bin/../lib/gcc/arm-none-eabi/10.3.1/../../../../arm-none-eabi/lib/thumb/v7e-m+dp/hard/libnosys.a
END GROUP
START GROUP
LOAD /Library/DaisyToolchain/0.2.0/arm/bin/../lib/gcc/arm-none-eabi/10.3.1/thumb/v7e-m+dp/hard/libgcc.a
LOAD /Library/DaisyToolchain/0.2.0/arm/bin/../lib/gcc/arm-none-eabi/10.3.1/../../../../arm-none-eabi/lib/thumb/v7e-m+dp/hard/libc_nano.a
LOAD /Library/DaisyToolchain/0.2.0/arm/bin/../lib/gcc/arm-none-eabi/10.3.1/../../../../arm-none-eabi/lib/thumb/v7e-m+dp/hard/libnosys.a
END GROUP
LOAD /Library/DaisyToolchain/0.2.0/arm/bin/../lib/gcc/arm-none-eabi/10.3.1/thumb/v7e-m+dp/hard/crtend.o
LOAD /Library/DaisyToolchain/0.2.0/arm/bin/../lib/gcc/arm-none-eabi/10.3.1/thumb/v7e-m+dp/hard/crtn.o
                0x0000000020020000                _estack = 0x20020000

.isr_vector     0x0000000008000000      0x298
                0x0000000008000000                . = ALIGN (0x4)
 *(.isr_vector)
 .isr_vector    0x0000000008000000      0x298 build/startup_stm32h750xx.o
                0x0000000008000000                g_pfnVectors
                0x0000000008000298                . = ALIGN (0x4)

.text           0x0000000008000298     0xf05c
                0x0000000008000298                . = ALIGN (0x4)
                0x0000000008000298                _stext = .
 *(.text)
 .text          0x0000000008000298       0x40 /Library/DaisyToolchain/0.2.0/arm/bin/../lib/gcc/arm-none-eabi/10.3.1/thumb/v7e-m+dp/hard/crtbegin.o
 .text          0x00000000080002d8       0x30 /Library/DaisyToolchain/0.2.0/arm/bin/../lib/gcc/arm-none-eabi/10.3.1/thumb/v7e-m+dp/hard/libgcc.a(_aeabi_uldivmod.o)
                0x00000000080002d8                __aeabi_uldivmod
 .text          0x0000000008000308      0x2d0 /Library/DaisyToolchain/0.2.0/arm/bin/../lib/gcc/arm-none-eabi/10.3.1/thumb/v7e-m+dp/hard/libgcc.a(_udivmoddi4.o)
                0x0000000008000308                __udivmoddi4
 .text          0x00000000080005d8        0x4 /Library/DaisyToolchain/0.2.0/arm/bin/../lib/gcc/arm-none-eabi/10.3.1/thumb/v7e-m+dp/hard/libgcc.a(_dvmd_tls.o)
                0x00000000080005d8                __aeabi_ldiv0
                0x00000000080005d8                __aeabi_idiv0
 *(.text*)
 .text.Default_Handler
                0x00000000080005dc        0x4 build/startup_stm32h750xx.o
                0x00000000080005dc                SAI1_IRQHandler
                0x00000000080005dc                HASH_RNG_IRQHandler
                0x00000000080005dc                EXTI2_IRQHandler
                0x00000000080005dc                TIM8_CC_IRQHandler
                0x00000000080005dc                HRTIM1_Master_IRQHandler
                0x00000000080005dc                DebugMon_Handler
                0x00000000080005dc                TIM1_CC_IRQHandler
                0x00000000080005dc                BDMA_Channel6_IRQHandler
                0x00000000080005dc                DMA2_Stream5_IRQHandler
                0x00000000080005dc                HRTIM1_FLT_IRQHandler
                0x00000000080005dc                JPEG_IRQHandler
                0x00000000080005dc                BDMA_Channel1_IRQHandler
                0x00000000080005dc                HRTIM1_TIMD_IRQHandler
                0x00000000080005dc                TAMP_STAMP_IRQHandler
                0x00000000080005dc                PendSV_Handler
                0x00000000080005dc                NMI_Handler
                0x00000000080005dc                EXTI3_IRQHandler
                0x00000000080005dc                LPTIM4_IRQHandler
                0x00000000080005dc                TIM8_TRG_COM_TIM14_IRQHandler
                0x00000000080005dc                LPTIM2_IRQHandler
                0x00000000080005dc                DFSDM1_FLT1_IRQHandler
                0x00000000080005dc                DMAMUX2_OVR_IRQHandler
                0x00000000080005dc                TIM8_UP_TIM13_IRQHandler
                0x00000000080005dc                I2C3_ER_IRQHandler
                0x00000000080005dc                DFSDM1_FLT2_IRQHandler
                0x00000000080005dc                MDMA_IRQHandler
                0x00000000080005dc                LPTIM3_IRQHandler
                0x00000000080005dc                HSEM1_IRQHandler
                0x00000000080005dc                EXTI0_IRQHandler
                0x00000000080005dc                DMA1_Stream2_IRQHandler
                0x00000000080005dc                FPU_IRQHandler
                0x00000000080005dc                OTG_HS_WKUP_IRQHandler
                0x00000000080005dc                FDCAN1_IT1_IRQHandler
                0x00000000080005dc                UsageFault_Handler
                0x00000000080005dc                LTDC_ER_IRQHandler
                0x00000000080005dc                HRTIM1_TIME_IRQHandler
                0x00000000080005dc                TIM6_DAC_IRQHandler
                0x00000000080005dc                DCMI_IRQHandler
                0x00000000080005dc                HRTIM1_TIMC_IRQHandler
                0x00000000080005dc                SAI2_IRQHandler
                0x00000000080005dc                DFSDM1_FLT3_IRQHandler
                0x00000000080005dc                TIM17_IRQHandler
                0x00000000080005dc                CRYP_IRQHandler
                0x00000000080005dc                BDMA_Channel7_IRQHandler
                0x00000000080005dc                LPTIM5_IRQHandler
                0x00000000080005dc                ADC3_IRQHandler
                0x00000000080005dc                DMA2_Stream0_IRQHandler
                0x00000000080005dc                BDMA_Channel2_IRQHandler
                0x00000000080005dc                DMAMUX1_OVR_IRQHandler
                0x00000000080005dc                TIM16_IRQHandler
                0x00000000080005dc                BDMA_Channel5_IRQHandler
                0x00000000080005dc                RCC_IRQHandler
                0x00000000080005dc                TIM8_BRK_TIM12_IRQHandler
                0x00000000080005dc                TIM1_TRG_COM_IRQHandler
                0x00000000080005dc                Default_Handler
                0x00000000080005dc                ECC_IRQHandler
                0x00000000080005dc                CEC_IRQHandler
                0x00000000080005dc                EXTI15_10_IRQHandler
                0x00000000080005dc                BDMA_Channel0_IRQHandler
                0x00000000080005dc                ADC_IRQHandler
                0x00000000080005dc                DMA1_Stream7_IRQHandler
                0x00000000080005dc                HRTIM1_TIMA_IRQHandler
                0x00000000080005dc                TIM7_IRQHandler
                0x00000000080005dc                SDMMC1_IRQHandler
                0x00000000080005dc                DMA2_Stream7_IRQHandler
                0x00000000080005dc                TIM15_IRQHandler
                0x00000000080005dc                PVD_AVD_IRQHandler
                0x00000000080005dc                EXTI9_5_IRQHandler
                0x00000000080005dc                RTC_WKUP_IRQHandler
                0x00000000080005dc                LTDC_IRQHandler
                0x00000000080005dc                SAI3_IRQHandler
                0x00000000080005dc                ETH_WKUP_IRQHandler
                0x00000000080005dc                SPDIF_RX_IRQHandler
                0x00000000080005dc                MemManage_Handler
                0x00000000080005dc                SVC_Handler
                0x00000000080005dc                CRS_IRQHandler
                0x00000000080005dc                EXTI4_IRQHandler
                0x00000000080005dc                HRTIM1_TIMB_IRQHandler
                0x00000000080005dc                FDCAN2_IT1_IRQHandler
                0x00000000080005dc                ETH_IRQHandler
                0x00000000080005dc                TIM1_UP_IRQHandler
                0x00000000080005dc                BDMA_Channel4_IRQHandler
                0x00000000080005dc                WWDG_IRQHandler
                0x00000000080005dc                SPI6_IRQHandler
                0x00000000080005dc                I2C4_EV_IRQHandler
                0x00000000080005dc                MDIOS_IRQHandler
                0x00000000080005dc                FDCAN2_IT0_IRQHandler
                0x00000000080005dc                FDCAN1_IT0_IRQHandler
                0x00000000080005dc                OTG_FS_WKUP_IRQHandler
                0x00000000080005dc                DMA2D_IRQHandler
                0x00000000080005dc                TIM1_BRK_IRQHandler
                0x00000000080005dc                EXTI1_IRQHandler
                0x00000000080005dc                SDMMC2_IRQHandler
                0x00000000080005dc                OTG_FS_EP1_OUT_IRQHandler
                0x00000000080005dc                BDMA_Channel3_IRQHandler
                0x00000000080005dc                MDIOS_WKUP_IRQHandler
                0x00000000080005dc                DFSDM1_FLT0_IRQHandler
                0x00000000080005dc                SAI4_IRQHandler
                0x00000000080005dc                I2C2_ER_IRQHandler
                0x00000000080005dc                DMA2_Stream1_IRQHandler
                0x00000000080005dc                FLASH_IRQHandler
                0x00000000080005dc                BusFault_Handler
                0x00000000080005dc                OTG_FS_IRQHandler
                0x00000000080005dc                WAKEUP_PIN_IRQHandler
                0x00000000080005dc                OTG_FS_EP1_IN_IRQHandler
                0x00000000080005dc                I2C1_ER_IRQHandler
                0x00000000080005dc                FMC_IRQHandler
                0x00000000080005dc                FDCAN_CAL_IRQHandler
                0x00000000080005dc                SWPMI1_IRQHandler
                0x00000000080005dc                COMP1_IRQHandler
                0x00000000080005dc                LPTIM1_IRQHandler
                0x00000000080005dc                I2C4_ER_IRQHandler
                0x00000000080005dc                DMA2_Stream6_IRQHandler
                0x00000000080005dc                RTC_Alarm_IRQHandler
 .text.Reset_Handler
                0x00000000080005e0       0x44 build/startup_stm32h750xx.o
                0x00000000080005e0                Reset_Handler
 .text._ZN5daisy9DaisySeedD2Ev
                0x0000000008000624        0x4 build/main.o
                0x0000000008000624                daisy::DaisySeed::~DaisySeed()
                0x0000000008000624                daisy::DaisySeed::~DaisySeed()
 .text._Z9GPIO_Initv
                0x0000000008000628       0x6c build/main.o
                0x0000000008000628                GPIO_Init()
 .text._Z8SPI_Initv
                0x0000000008000694       0x3c build/main.o
                0x0000000008000694                SPI_Init()
 .text._Z8I2C_Initv
                0x00000000080006d0       0x30 build/main.o
                0x00000000080006d0                I2C_Init()
 .text.startup.main
                0x0000000008000700       0x88 build/main.o
                0x0000000008000700                main
 .text.startup._GLOBAL__sub_I_hw
                0x0000000008000788       0x8c build/main.o
 .text._ZL24ILI9341_SetAddressWindowtttt
                0x0000000008000814       0xc8 build/ili9341.o
 .text._Z25ILI9341_FillRectangle_Rawttttt.part.0
                0x00000000080008dc       0x94 build/ili9341.o
 .text._Z14ILI9341_Selectv
                0x0000000008000970        0xc build/ili9341.o
                0x0000000008000970                ILI9341_Select()
 .text._Z16ILI9341_Unselectv
                0x000000000800097c        0xc build/ili9341.o
                0x000000000800097c                ILI9341_Unselect()
 .text._Z12ILI9341_Initv
                0x0000000008000988      0x4e8 build/ili9341.o
                0x0000000008000988                ILI9341_Init()
 .text._Z22ILI9341_FillScreen_Rawt
                0x0000000008000e70       0x1c build/ili9341.o
                0x0000000008000e70                ILI9341_FillScreen_Raw(unsigned short)
 .text._Z17FT6206_Is_Pressedv
                0x0000000008000e8c       0x14 build/ft6206.o
                0x0000000008000e8c                FT6206_Is_Pressed()
 .text._ZN5daisy9DaisySeed7DelayMsEj
                0x0000000008000ea0        0x8 ../../DaisySeed/DaisyExamples/libDaisy/build/libdaisy.a(daisy_seed.o)
                0x0000000008000ea0                daisy::DaisySeed::DelayMs(unsigned int)
 .text._ZN5daisy9DaisySeed17CheckBoardVersionEv
                0x0000000008000ea8       0x6c ../../DaisySeed/DaisyExamples/libDaisy/build/libdaisy.a(daisy_seed.o)
                0x0000000008000ea8                daisy::DaisySeed::CheckBoardVersion()
 .text._ZN5daisy9DaisySeed14ConfigureAudioEv
                0x0000000008000f14      0x10c ../../DaisySeed/DaisyExamples/libDaisy/build/libdaisy.a(daisy_seed.o)
                0x0000000008000f14                daisy::DaisySeed::ConfigureAudio()
 .text._ZN5daisy9DaisySeed4InitEb
                0x0000000008001020      0x108 ../../DaisySeed/DaisyExamples/libDaisy/build/libdaisy.a(daisy_seed.o)
                0x0000000008001020                daisy::DaisySeed::Init(bool)
 .text._ZN5daisy6Ak45564InitE12dsy_gpio_pin
                0x0000000008001128       0x44 ../../DaisySeed/DaisyExamples/libDaisy/build/libdaisy.a(codec_ak4556.o)
                0x0000000008001128                daisy::Ak4556::Init(dsy_gpio_pin)
 .text._ZN5daisy6Wm873120WriteControlRegisterEht
                0x000000000800116c       0x3c ../../DaisySeed/DaisyExamples/libDaisy/build/libdaisy.a(codec_wm8731.o)
                0x000000000800116c                daisy::Wm8731::WriteControlRegister(unsigned char, unsigned short)
 .text._ZN5daisy6Wm87314InitERKNS0_6ConfigENS_9I2CHandleE
                0x00000000080011a8      0x1bc ../../DaisySeed/DaisyExamples/libDaisy/build/libdaisy.a(codec_wm8731.o)
                0x00000000080011a8                daisy::Wm8731::Init(daisy::Wm8731::Config const&, daisy::I2CHandle)
 .text._ZN11SdramHandle10DeviceInitEv
                0x0000000008001364       0x98 ../../DaisySeed/DaisyExamples/libDaisy/build/libdaisy.a(sdram.o)
                0x0000000008001364                SdramHandle::DeviceInit()
 .text._ZN11SdramHandle4InitEv
                0x00000000080013fc       0x7c ../../DaisySeed/DaisyExamples/libDaisy/build/libdaisy.a(sdram.o)
                0x00000000080013fc                SdramHandle::Init()
 .text.HAL_SDRAM_MspInit
                0x0000000008001478      0x1a8 ../../DaisySeed/DaisyExamples/libDaisy/build/libdaisy.a(sdram.o)
                0x0000000008001478                HAL_SDRAM_MspInit
 .text._ZN5daisy11AudioHandle4InitERKNS0_6ConfigENS_9SaiHandleE
                0x0000000008001620       0x70 ../../DaisySeed/DaisyExamples/libDaisy/build/libdaisy.a(audio.o)
                0x0000000008001620                daisy::AudioHandle::Init(daisy::AudioHandle::Config const&, daisy::SaiHandle)
 .text._ZNK5daisy11AudioHandle9GetConfigEv
                0x0000000008001690        0x8 ../../DaisySeed/DaisyExamples/libDaisy/build/libdaisy.a(audio.o)
                0x0000000008001690                daisy::AudioHandle::GetConfig() const
 .text._ZN5daisy11AudioHandle13GetSampleRateEv
                0x0000000008001698        0x8 ../../DaisySeed/DaisyExamples/libDaisy/build/libdaisy.a(audio.o)
                0x0000000008001698                daisy::AudioHandle::GetSampleRate()
 .text.startup._GLOBAL__sub_I__ZN5daisy11AudioHandle4Impl4InitENS0_6ConfigENS_9SaiHandleE
                0x00000000080016a0       0x24 ../../DaisySeed/DaisyExamples/libDaisy/build/libdaisy.a(audio.o)
 .text._ZN5daisy4GPIO4InitENS_3PinENS0_4ModeENS0_4PullENS0_5SpeedE
                0x00000000080016c4      0x1cc ../../DaisySeed/DaisyExamples/libDaisy/build/libdaisy.a(gpio.o)
                0x00000000080016c4                daisy::GPIO::Init(daisy::Pin, daisy::GPIO::Mode, daisy::GPIO::Pull, daisy::GPIO::Speed)
 .text._ZN5daisy4GPIO4ReadEv
                0x0000000008001890       0x18 ../../DaisySeed/DaisyExamples/libDaisy/build/libdaisy.a(gpio.o)
                0x0000000008001890                daisy::GPIO::Read()
 .text._ZN5daisy4GPIO5WriteEb
                0x00000000080018a8       0x14 ../../DaisySeed/DaisyExamples/libDaisy/build/libdaisy.a(gpio.o)
                0x00000000080018a8                daisy::GPIO::Write(bool)
 .text.dsy_gpio_init
                0x00000000080018bc      0x1b8 ../../DaisySeed/DaisyExamples/libDaisy/build/libdaisy.a(gpio.o)
                0x00000000080018bc                dsy_gpio_init
 .text.dsy_gpio_write
                0x0000000008001a74       0x24 ../../DaisySeed/DaisyExamples/libDaisy/build/libdaisy.a(gpio.o)
                0x0000000008001a74                dsy_gpio_write
 .text._ZN5daisy9I2CHandle4Impl8InitPinsEv
                0x0000000008001a98       0x58 ../../DaisySeed/DaisyExamples/libDaisy/build/libdaisy.a(i2c.o)
                0x0000000008001a98                daisy::I2CHandle::Impl::InitPins()
 .text.HAL_I2C_MspInit
                0x0000000008001af0      0x1b4 ../../DaisySeed/DaisyExamples/libDaisy/build/libdaisy.a(i2c.o)
                0x0000000008001af0                HAL_I2C_MspInit
 .text.dsy_i2c_global_init
                0x0000000008001ca4       0x78 ../../DaisySeed/DaisyExamples/libDaisy/build/libdaisy.a(i2c.o)
                0x0000000008001ca4                dsy_i2c_global_init
 .text.DMA1_Stream6_IRQHandler
                0x0000000008001d1c       0x34 ../../DaisySeed/DaisyExamples/libDaisy/build/libdaisy.a(i2c.o)
                0x0000000008001d1c                DMA1_Stream6_IRQHandler
 .text.I2C1_EV_IRQHandler
                0x0000000008001d50        0xc ../../DaisySeed/DaisyExamples/libDaisy/build/libdaisy.a(i2c.o)
                0x0000000008001d50                I2C1_EV_IRQHandler
 .text.I2C2_EV_IRQHandler
                0x0000000008001d5c        0xc ../../DaisySeed/DaisyExamples/libDaisy/build/libdaisy.a(i2c.o)
                0x0000000008001d5c                I2C2_EV_IRQHandler
 .text.I2C3_EV_IRQHandler
                0x0000000008001d68        0xc ../../DaisySeed/DaisyExamples/libDaisy/build/libdaisy.a(i2c.o)
                0x0000000008001d68                I2C3_EV_IRQHandler
 .text._ZN5daisy9I2CHandle4InitERKNS0_6ConfigE
                0x0000000008001d74      0x12c ../../DaisySeed/DaisyExamples/libDaisy/build/libdaisy.a(i2c.o)
                0x0000000008001d74                daisy::I2CHandle::Init(daisy::I2CHandle::Config const&)
 .text._ZN5daisy9I2CHandle16TransmitBlockingEtPhtm
                0x0000000008001ea0       0x50 ../../DaisySeed/DaisyExamples/libDaisy/build/libdaisy.a(i2c.o)
                0x0000000008001ea0                daisy::I2CHandle::TransmitBlocking(unsigned short, unsigned char*, unsigned short, unsigned long)
 .text.startup._GLOBAL__sub_I__ZN5daisy9I2CHandle4Impl10GlobalInitEv
                0x0000000008001ef0       0x18 ../../DaisySeed/DaisyExamples/libDaisy/build/libdaisy.a(i2c.o)
 .text._ZN5daisy10QSPIHandle4Impl11WriteEnableEv
                0x0000000008001f08       0x8c ../../DaisySeed/DaisyExamples/libDaisy/build/libdaisy.a(qspi.o)
                0x0000000008001f08                daisy::QSPIHandle::Impl::WriteEnable()
 *fill*         0x0000000008001f94        0x4 
 .text._ZN5daisy10QSPIHandle4Impl17DummyCyclesConfigENS0_6Config6DeviceE
                0x0000000008001f98      0x118 ../../DaisySeed/DaisyExamples/libDaisy/build/libdaisy.a(qspi.o)
                0x0000000008001f98                daisy::QSPIHandle::Impl::DummyCyclesConfig(daisy::QSPIHandle::Config::Device)
 .text._ZN5daisy10QSPIHandle4Impl10QuadEnableEv
                0x00000000080020b0      0x158 ../../DaisySeed/DaisyExamples/libDaisy/build/libdaisy.a(qspi.o)
                0x00000000080020b0                daisy::QSPIHandle::Impl::QuadEnable()
 .text._ZN5daisy10QSPIHandle4InitERKNS0_6ConfigE
                0x0000000008002208      0x198 ../../DaisySeed/DaisyExamples/libDaisy/build/libdaisy.a(qspi.o)
                0x0000000008002208                daisy::QSPIHandle::Init(daisy::QSPIHandle::Config const&)
 .text.HAL_QSPI_MspInit
                0x00000000080023a0      0x11c ../../DaisySeed/DaisyExamples/libDaisy/build/libdaisy.a(qspi.o)
                0x00000000080023a0                HAL_QSPI_MspInit
 .text.HAL_QSPI_MspDeInit
                0x00000000080024bc       0x54 ../../DaisySeed/DaisyExamples/libDaisy/build/libdaisy.a(qspi.o)
                0x00000000080024bc                HAL_QSPI_MspDeInit
 .text.QUADSPI_IRQHandler
                0x0000000008002510        0xc ../../DaisySeed/DaisyExamples/libDaisy/build/libdaisy.a(qspi.o)
                0x0000000008002510                QUADSPI_IRQHandler
 .text.startup._GLOBAL__sub_I__ZN5daisy10QSPIHandle4Impl4InitERKNS0_6ConfigE
                0x000000000800251c       0x28 ../../DaisySeed/DaisyExamples/libDaisy/build/libdaisy.a(qspi.o)
 .text._ZN5daisy9SaiHandle4Impl7InitDmaENS1_15PeripheralBlockE
                0x0000000008002544       0xa0 ../../DaisySeed/DaisyExamples/libDaisy/build/libdaisy.a(sai.o)
                0x0000000008002544                daisy::SaiHandle::Impl::InitDma(daisy::SaiHandle::Impl::PeripheralBlock)
 .text._ZN5daisy9SaiHandle4Impl8InitPinsEv
                0x00000000080025e4       0xa8 ../../DaisySeed/DaisyExamples/libDaisy/build/libdaisy.a(sai.o)
                0x00000000080025e4                daisy::SaiHandle::Impl::InitPins()
 .text.HAL_SAI_MspInit
                0x000000000800268c      0x164 ../../DaisySeed/DaisyExamples/libDaisy/build/libdaisy.a(sai.o)
                0x000000000800268c                HAL_SAI_MspInit
 .text.DMA1_Stream0_IRQHandler
                0x00000000080027f0        0xc ../../DaisySeed/DaisyExamples/libDaisy/build/libdaisy.a(sai.o)
                0x00000000080027f0                DMA1_Stream0_IRQHandler
 .text.DMA1_Stream1_IRQHandler
                0x00000000080027fc        0xc ../../DaisySeed/DaisyExamples/libDaisy/build/libdaisy.a(sai.o)
                0x00000000080027fc                DMA1_Stream1_IRQHandler
 .text.DMA1_Stream3_IRQHandler
                0x0000000008002808        0xc ../../DaisySeed/DaisyExamples/libDaisy/build/libdaisy.a(sai.o)
                0x0000000008002808                DMA1_Stream3_IRQHandler
 .text.DMA1_Stream4_IRQHandler
                0x0000000008002814        0xc ../../DaisySeed/DaisyExamples/libDaisy/build/libdaisy.a(sai.o)
                0x0000000008002814                DMA1_Stream4_IRQHandler
 .text._ZN5daisy9SaiHandle4InitERKNS0_6ConfigE
                0x0000000008002820      0x1f0 ../../DaisySeed/DaisyExamples/libDaisy/build/libdaisy.a(sai.o)
                0x0000000008002820                daisy::SaiHandle::Init(daisy::SaiHandle::Config const&)
 .text._ZNK5daisy9SaiHandle9GetConfigEv
                0x0000000008002a10        0x4 ../../DaisySeed/DaisyExamples/libDaisy/build/libdaisy.a(sai.o)
                0x0000000008002a10                daisy::SaiHandle::GetConfig() const
 .text._ZN5daisy9SaiHandle13GetSampleRateEv
                0x0000000008002a14       0x24 ../../DaisySeed/DaisyExamples/libDaisy/build/libdaisy.a(sai.o)
                0x0000000008002a14                daisy::SaiHandle::GetSampleRate()
 .text._ZN5daisy9SpiHandle4Impl7InitDmaEv
                0x0000000008002a38       0xec ../../DaisySeed/DaisyExamples/libDaisy/build/libdaisy.a(spi.o)
                0x0000000008002a38                daisy::SpiHandle::Impl::InitDma()
 .text._ZN5daisy9SpiHandle4Impl10StartDmaTxEPhjPFvPvEPFvS3_NS0_6ResultEES3_
                0x0000000008002b24       0xc8 ../../DaisySeed/DaisyExamples/libDaisy/build/libdaisy.a(spi.o)
                0x0000000008002b24                daisy::SpiHandle::Impl::StartDmaTx(unsigned char*, unsigned int, void (*)(void*), void (*)(void*, daisy::SpiHandle::Result), void*)
 .text._ZN5daisy9SpiHandle4Impl10StartDmaRxEPhjPFvPvEPFvS3_NS0_6ResultEES3_
                0x0000000008002bec       0xc8 ../../DaisySeed/DaisyExamples/libDaisy/build/libdaisy.a(spi.o)
                0x0000000008002bec                daisy::SpiHandle::Impl::StartDmaRx(unsigned char*, unsigned int, void (*)(void*), void (*)(void*, daisy::SpiHandle::Result), void*)
 .text._ZN5daisy9SpiHandle4Impl12StartDmaRxTxEPhS2_jPFvPvEPFvS3_NS0_6ResultEES3_
                0x0000000008002cb4       0xcc ../../DaisySeed/DaisyExamples/libDaisy/build/libdaisy.a(spi.o)
                0x0000000008002cb4                daisy::SpiHandle::Impl::StartDmaRxTx(unsigned char*, unsigned char*, unsigned int, void (*)(void*), void (*)(void*, daisy::SpiHandle::Result), void*)
 .text._ZN5daisy9SpiHandle4Impl8InitPinsEv
                0x0000000008002d80      0x274 ../../DaisySeed/DaisyExamples/libDaisy/build/libdaisy.a(spi.o)
                0x0000000008002d80                daisy::SpiHandle::Impl::InitPins()
 .text.HAL_SPI_MspInit
                0x0000000008002ff4      0x1a8 ../../DaisySeed/DaisyExamples/libDaisy/build/libdaisy.a(spi.o)
                0x0000000008002ff4                HAL_SPI_MspInit
 .text.dsy_spi_global_init
                0x000000000800319c       0x80 ../../DaisySeed/DaisyExamples/libDaisy/build/libdaisy.a(spi.o)
                0x000000000800319c                dsy_spi_global_init
 .text.SPI1_IRQHandler
                0x000000000800321c        0xc ../../DaisySeed/DaisyExamples/libDaisy/build/libdaisy.a(spi.o)
                0x000000000800321c                SPI1_IRQHandler
 .text.SPI2_IRQHandler
                0x0000000008003228        0xc ../../DaisySeed/DaisyExamples/libDaisy/build/libdaisy.a(spi.o)
                0x0000000008003228                SPI2_IRQHandler
 .text.SPI3_IRQHandler
                0x0000000008003234        0xc ../../DaisySeed/DaisyExamples/libDaisy/build/libdaisy.a(spi.o)
                0x0000000008003234                SPI3_IRQHandler
 .text.SPI4_IRQHandler
                0x0000000008003240        0xc ../../DaisySeed/DaisyExamples/libDaisy/build/libdaisy.a(spi.o)
                0x0000000008003240                SPI4_IRQHandler
 .text.SPI5_IRQHandler
                0x000000000800324c        0xc ../../DaisySeed/DaisyExamples/libDaisy/build/libdaisy.a(spi.o)
                0x000000000800324c                SPI5_IRQHandler
 .text.DMA2_Stream2_IRQHandler
                0x0000000008003258       0x34 ../../DaisySeed/DaisyExamples/libDaisy/build/libdaisy.a(spi.o)
                0x0000000008003258                DMA2_Stream2_IRQHandler
 .text.DMA2_Stream3_IRQHandler
                0x000000000800328c       0x38 ../../DaisySeed/DaisyExamples/libDaisy/build/libdaisy.a(spi.o)
                0x000000000800328c                DMA2_Stream3_IRQHandler
 .text.HAL_SPI_TxCpltCallback
                0x00000000080032c4       0xc4 ../../DaisySeed/DaisyExamples/libDaisy/build/libdaisy.a(spi.o)
                0x00000000080032c4                HAL_SPI_TxCpltCallback
 .text.HAL_SPI_RxCpltCallback
                0x0000000008003388       0xc4 ../../DaisySeed/DaisyExamples/libDaisy/build/libdaisy.a(spi.o)
                0x0000000008003388                HAL_SPI_RxCpltCallback
 .text.HAL_SPI_TxRxCpltCallback
                0x000000000800344c       0xc4 ../../DaisySeed/DaisyExamples/libDaisy/build/libdaisy.a(spi.o)
                0x000000000800344c                HAL_SPI_TxRxCpltCallback
 .text.HAL_SPI_ErrorCallback
                0x0000000008003510       0xc8 ../../DaisySeed/DaisyExamples/libDaisy/build/libdaisy.a(spi.o)
                0x0000000008003510                HAL_SPI_ErrorCallback
 .text._ZN5daisy9SpiHandle4InitERKNS0_6ConfigE
                0x00000000080035d8      0x110 ../../DaisySeed/DaisyExamples/libDaisy/build/libdaisy.a(spi.o)
                0x00000000080035d8                daisy::SpiHandle::Init(daisy::SpiHandle::Config const&)
 .text._ZN5daisy9SpiHandle16BlockingTransmitEPhjm
                0x00000000080036e8       0x14 ../../DaisySeed/DaisyExamples/libDaisy/build/libdaisy.a(spi.o)
                0x00000000080036e8                daisy::SpiHandle::BlockingTransmit(unsigned char*, unsigned int, unsigned long)
 .text.startup._GLOBAL__sub_I__Z19MapInstanceToHandleP11SPI_TypeDef
                0x00000000080036fc      0x1b0 ../../DaisySeed/DaisyExamples/libDaisy/build/libdaisy.a(spi.o)
 .text._ZN5daisy11TimerHandleD2Ev
                0x00000000080038ac        0x4 ../../DaisySeed/DaisyExamples/libDaisy/build/libdaisy.a(system.o)
                0x00000000080038ac                daisy::TimerHandle::~TimerHandle()
                0x00000000080038ac                daisy::TimerHandle::~TimerHandle()
 .text.SysTick_Handler
                0x00000000080038b0       0x10 ../../DaisySeed/DaisyExamples/libDaisy/build/libdaisy.a(system.o)
                0x00000000080038b0                SysTick_Handler
 .text.OTG_HS_EP1_OUT_IRQHandler
                0x00000000080038c0       0x24 ../../DaisySeed/DaisyExamples/libDaisy/build/libdaisy.a(system.o)
                0x00000000080038c0                OTG_HS_EP1_OUT_IRQHandler
 .text.OTG_HS_EP1_IN_IRQHandler
                0x00000000080038e4       0x24 ../../DaisySeed/DaisyExamples/libDaisy/build/libdaisy.a(system.o)
                0x00000000080038e4                OTG_HS_EP1_IN_IRQHandler
 .text.OTG_HS_IRQHandler
                0x0000000008003908       0x24 ../../DaisySeed/DaisyExamples/libDaisy/build/libdaisy.a(system.o)
                0x0000000008003908                OTG_HS_IRQHandler
 .text.HardFault_Handler
                0x000000000800392c       0xe0 ../../DaisySeed/DaisyExamples/libDaisy/build/libdaisy.a(system.o)
                0x000000000800392c                HardFault_Handler
 .text._ZN5daisy6System5DelayEm
                0x0000000008003a0c        0x4 ../../DaisySeed/DaisyExamples/libDaisy/build/libdaisy.a(system.o)
                0x0000000008003a0c                daisy::System::Delay(unsigned long)
 .text._ZN5daisy6System20GetBootloaderVersionEv
                0x0000000008003a10       0x34 ../../DaisySeed/DaisyExamples/libDaisy/build/libdaisy.a(system.o)
                0x0000000008003a10                daisy::System::GetBootloaderVersion()
 .text._ZN5daisy6System15ConfigureClocksEv
                0x0000000008003a44      0x194 ../../DaisySeed/DaisyExamples/libDaisy/build/libdaisy.a(system.o)
                0x0000000008003a44                daisy::System::ConfigureClocks()
 .text._ZN5daisy6System12ConfigureMpuEv
                0x0000000008003bd8       0x7c ../../DaisySeed/DaisyExamples/libDaisy/build/libdaisy.a(system.o)
                0x0000000008003bd8                daisy::System::ConfigureMpu()
 .text._ZN5daisy6System4InitERKNS0_6ConfigE
                0x0000000008003c54       0xec ../../DaisySeed/DaisyExamples/libDaisy/build/libdaisy.a(system.o)
                0x0000000008003c54                daisy::System::Init(daisy::System::Config const&)
 .text._ZN5daisy6System12GetPClk1FreqEv
                0x0000000008003d40        0x4 ../../DaisySeed/DaisyExamples/libDaisy/build/libdaisy.a(system.o)
                0x0000000008003d40                daisy::System::GetPClk1Freq()
 .text._ZN5daisy6System22GetProgramMemoryRegionEv
                0x0000000008003d44       0x78 ../../DaisySeed/DaisyExamples/libDaisy/build/libdaisy.a(system.o)
                0x0000000008003d44                daisy::System::GetProgramMemoryRegion()
 .text.startup._GLOBAL__sub_I__ZN5daisy9boot_infoE
                0x0000000008003dbc       0x1c ../../DaisySeed/DaisyExamples/libDaisy/build/libdaisy.a(system.o)
 .text.SystemInit
                0x0000000008003dd8       0x9c ../../DaisySeed/DaisyExamples/libDaisy/build/libdaisy.a(system_stm32h7xx.o)
                0x0000000008003dd8                SystemInit
 .text.HAL_PCD_SetupStageCallback
                0x0000000008003e74        0xc ../../DaisySeed/DaisyExamples/libDaisy/build/libdaisy.a(usbd_conf.o)
                0x0000000008003e74                HAL_PCD_SetupStageCallback
 .text.HAL_PCD_DataOutStageCallback
                0x0000000008003e80       0x14 ../../DaisySeed/DaisyExamples/libDaisy/build/libdaisy.a(usbd_conf.o)
                0x0000000008003e80                HAL_PCD_DataOutStageCallback
 .text.HAL_PCD_DataInStageCallback
                0x0000000008003e94       0x14 ../../DaisySeed/DaisyExamples/libDaisy/build/libdaisy.a(usbd_conf.o)
                0x0000000008003e94                HAL_PCD_DataInStageCallback
 .text.HAL_PCD_SOFCallback
                0x0000000008003ea8        0x8 ../../DaisySeed/DaisyExamples/libDaisy/build/libdaisy.a(usbd_conf.o)
                0x0000000008003ea8                HAL_PCD_SOFCallback
 .text.HAL_PCD_ResetCallback
                0x0000000008003eb0       0x24 ../../DaisySeed/DaisyExamples/libDaisy/build/libdaisy.a(usbd_conf.o)
                0x0000000008003eb0                HAL_PCD_ResetCallback
 .text.HAL_PCD_SuspendCallback
                0x0000000008003ed4       0x30 ../../DaisySeed/DaisyExamples/libDaisy/build/libdaisy.a(usbd_conf.o)
                0x0000000008003ed4                HAL_PCD_SuspendCallback
 .text.HAL_PCD_ResumeCallback
                0x0000000008003f04        0x8 ../../DaisySeed/DaisyExamples/libDaisy/build/libdaisy.a(usbd_conf.o)
                0x0000000008003f04                HAL_PCD_ResumeCallback
 .text.HAL_PCD_ISOOUTIncompleteCallback
                0x0000000008003f0c        0x8 ../../DaisySeed/DaisyExamples/libDaisy/build/libdaisy.a(usbd_conf.o)
                0x0000000008003f0c                HAL_PCD_ISOOUTIncompleteCallback
 .text.HAL_PCD_ISOINIncompleteCallback
                0x0000000008003f14        0x8 ../../DaisySeed/DaisyExamples/libDaisy/build/libdaisy.a(usbd_conf.o)
                0x0000000008003f14                HAL_PCD_ISOINIncompleteCallback
 .text.HAL_PCD_ConnectCallback
                0x0000000008003f1c        0x8 ../../DaisySeed/DaisyExamples/libDaisy/build/libdaisy.a(usbd_conf.o)
                0x0000000008003f1c                HAL_PCD_ConnectCallback
 .text.HAL_PCD_DisconnectCallback
                0x0000000008003f24        0x8 ../../DaisySeed/DaisyExamples/libDaisy/build/libdaisy.a(usbd_conf.o)
                0x0000000008003f24                HAL_PCD_DisconnectCallback
 .text.USBD_LL_OpenEP
                0x0000000008003f2c       0x24 ../../DaisySeed/DaisyExamples/libDaisy/build/libdaisy.a(usbd_conf.o)
                0x0000000008003f2c                USBD_LL_OpenEP
 .text.USBD_LL_StallEP
                0x0000000008003f50       0x1c ../../DaisySeed/DaisyExamples/libDaisy/build/libdaisy.a(usbd_conf.o)
                0x0000000008003f50                USBD_LL_StallEP
 .text.USBD_LL_ClearStallEP
                0x0000000008003f6c       0x1c ../../DaisySeed/DaisyExamples/libDaisy/build/libdaisy.a(usbd_conf.o)
                0x0000000008003f6c                USBD_LL_ClearStallEP
 .text.USBD_LL_IsStallEP
                0x0000000008003f88       0x28 ../../DaisySeed/DaisyExamples/libDaisy/build/libdaisy.a(usbd_conf.o)
                0x0000000008003f88                USBD_LL_IsStallEP
 .text.USBD_LL_SetUSBAddress
                0x0000000008003fb0       0x1c ../../DaisySeed/DaisyExamples/libDaisy/build/libdaisy.a(usbd_conf.o)
                0x0000000008003fb0                USBD_LL_SetUSBAddress
 .text.USBD_LL_Transmit
                0x0000000008003fcc       0x1c ../../DaisySeed/DaisyExamples/libDaisy/build/libdaisy.a(usbd_conf.o)
                0x0000000008003fcc                USBD_LL_Transmit
 .text.USBD_LL_PrepareReceive
                0x0000000008003fe8       0x1c ../../DaisySeed/DaisyExamples/libDaisy/build/libdaisy.a(usbd_conf.o)
                0x0000000008003fe8                USBD_LL_PrepareReceive
 .text.HAL_HCD_SOF_Callback
                0x0000000008004004        0x8 ../../DaisySeed/DaisyExamples/libDaisy/build/libdaisy.a(usbh_conf.o)
                0x0000000008004004                HAL_HCD_SOF_Callback
 .text.HAL_HCD_Connect_Callback
                0x000000000800400c        0x8 ../../DaisySeed/DaisyExamples/libDaisy/build/libdaisy.a(usbh_conf.o)
                0x000000000800400c                HAL_HCD_Connect_Callback
 .text.HAL_HCD_Disconnect_Callback
                0x0000000008004014        0x8 ../../DaisySeed/DaisyExamples/libDaisy/build/libdaisy.a(usbh_conf.o)
                0x0000000008004014                HAL_HCD_Disconnect_Callback
 .text.HAL_HCD_HC_NotifyURBChange_Callback
                0x000000000800401c        0x4 ../../DaisySeed/DaisyExamples/libDaisy/build/libdaisy.a(usbh_conf.o)
                0x000000000800401c                HAL_HCD_HC_NotifyURBChange_Callback
 .text.HAL_HCD_PortEnabled_Callback
                0x0000000008004020        0x8 ../../DaisySeed/DaisyExamples/libDaisy/build/libdaisy.a(usbh_conf.o)
                0x0000000008004020                HAL_HCD_PortEnabled_Callback
 .text.HAL_HCD_PortDisabled_Callback
                0x0000000008004028        0x8 ../../DaisySeed/DaisyExamples/libDaisy/build/libdaisy.a(usbh_conf.o)
                0x0000000008004028                HAL_HCD_PortDisabled_Callback
 .text.USBH_LL_Stop
                0x0000000008004030       0x1c ../../DaisySeed/DaisyExamples/libDaisy/build/libdaisy.a(usbh_conf.o)
                0x0000000008004030                USBH_LL_Stop
 .text.dsy_hal_map_get_port
                0x000000000800404c       0x10 ../../DaisySeed/DaisyExamples/libDaisy/build/libdaisy.a(hal_map.o)
                0x000000000800404c                dsy_hal_map_get_port
 .text.dsy_hal_map_get_pin
                0x000000000800405c       0x10 ../../DaisySeed/DaisyExamples/libDaisy/build/libdaisy.a(hal_map.o)
                0x000000000800405c                dsy_hal_map_get_pin
 .text.dsy_hal_map_gpio_clk_enable
                0x000000000800406c      0x150 ../../DaisySeed/DaisyExamples/libDaisy/build/libdaisy.a(hal_map.o)
                0x000000000800406c                dsy_hal_map_gpio_clk_enable
 .text.HAL_MspInit
                0x00000000080041bc        0x4 ../../DaisySeed/DaisyExamples/libDaisy/build/libdaisy.a(stm32h7xx_hal.o)
                0x00000000080041bc                HAL_MspInit
 .text.HAL_InitTick
                0x00000000080041c0       0x4c ../../DaisySeed/DaisyExamples/libDaisy/build/libdaisy.a(stm32h7xx_hal.o)
                0x00000000080041c0                HAL_InitTick
 .text.HAL_Init
                0x000000000800420c       0x60 ../../DaisySeed/DaisyExamples/libDaisy/build/libdaisy.a(stm32h7xx_hal.o)
                0x000000000800420c                HAL_Init
 .text.HAL_IncTick
                0x000000000800426c       0x18 ../../DaisySeed/DaisyExamples/libDaisy/build/libdaisy.a(stm32h7xx_hal.o)
                0x000000000800426c                HAL_IncTick
 .text.HAL_GetTick
                0x0000000008004284        0xc ../../DaisySeed/DaisyExamples/libDaisy/build/libdaisy.a(stm32h7xx_hal.o)
                0x0000000008004284                HAL_GetTick
 .text.HAL_Delay
                0x0000000008004290       0x24 ../../DaisySeed/DaisyExamples/libDaisy/build/libdaisy.a(stm32h7xx_hal.o)
                0x0000000008004290                HAL_Delay
 .text.HAL_GetREVID
                0x00000000080042b4        0xc ../../DaisySeed/DaisyExamples/libDaisy/build/libdaisy.a(stm32h7xx_hal.o)
                0x00000000080042b4                HAL_GetREVID
 .text.HAL_NVIC_SetPriorityGrouping
                0x00000000080042c0       0x24 ../../DaisySeed/DaisyExamples/libDaisy/build/libdaisy.a(stm32h7xx_hal_cortex.o)
                0x00000000080042c0                HAL_NVIC_SetPriorityGrouping
 .text.HAL_NVIC_SetPriority
                0x00000000080042e4       0x7c ../../DaisySeed/DaisyExamples/libDaisy/build/libdaisy.a(stm32h7xx_hal_cortex.o)
                0x00000000080042e4                HAL_NVIC_SetPriority
 .text.HAL_NVIC_EnableIRQ
                0x0000000008004360       0x1c ../../DaisySeed/DaisyExamples/libDaisy/build/libdaisy.a(stm32h7xx_hal_cortex.o)
                0x0000000008004360                HAL_NVIC_EnableIRQ
 .text.HAL_NVIC_DisableIRQ
                0x000000000800437c       0x28 ../../DaisySeed/DaisyExamples/libDaisy/build/libdaisy.a(stm32h7xx_hal_cortex.o)
                0x000000000800437c                HAL_NVIC_DisableIRQ
 .text.HAL_SYSTICK_Config
                0x00000000080043a4       0x2c ../../DaisySeed/DaisyExamples/libDaisy/build/libdaisy.a(stm32h7xx_hal_cortex.o)
                0x00000000080043a4                HAL_SYSTICK_Config
 .text.HAL_MPU_Disable
                0x00000000080043d0       0x1c ../../DaisySeed/DaisyExamples/libDaisy/build/libdaisy.a(stm32h7xx_hal_cortex.o)
                0x00000000080043d0                HAL_MPU_Disable
 .text.HAL_MPU_Enable
                0x00000000080043ec       0x20 ../../DaisySeed/DaisyExamples/libDaisy/build/libdaisy.a(stm32h7xx_hal_cortex.o)
                0x00000000080043ec                HAL_MPU_Enable
 .text.HAL_MPU_ConfigRegion
                0x000000000800440c       0x64 ../../DaisySeed/DaisyExamples/libDaisy/build/libdaisy.a(stm32h7xx_hal_cortex.o)
                0x000000000800440c                HAL_MPU_ConfigRegion
 .text.HAL_SYSTICK_Callback
                0x0000000008004470        0x4 ../../DaisySeed/DaisyExamples/libDaisy/build/libdaisy.a(stm32h7xx_hal_cortex.o)
                0x0000000008004470                HAL_SYSTICK_Callback
 .text.HAL_SYSTICK_IRQHandler
                0x0000000008004474        0x8 ../../DaisySeed/DaisyExamples/libDaisy/build/libdaisy.a(stm32h7xx_hal_cortex.o)
                0x0000000008004474                HAL_SYSTICK_IRQHandler
 .text.DMA_CalcBaseAndBitshift
                0x000000000800447c       0xf4 ../../DaisySeed/DaisyExamples/libDaisy/build/libdaisy.a(stm32h7xx_hal_dma.o)
 .text.DMA_CalcDMAMUXChannelBaseAndMask
                0x0000000008004570       0xd8 ../../DaisySeed/DaisyExamples/libDaisy/build/libdaisy.a(stm32h7xx_hal_dma.o)
 .text.HAL_DMA_Init
                0x0000000008004648      0x37c ../../DaisySeed/DaisyExamples/libDaisy/build/libdaisy.a(stm32h7xx_hal_dma.o)
                0x0000000008004648                HAL_DMA_Init
 .text.HAL_DMA_Start_IT
                0x00000000080049c4      0x240 ../../DaisySeed/DaisyExamples/libDaisy/build/libdaisy.a(stm32h7xx_hal_dma.o)
                0x00000000080049c4                HAL_DMA_Start_IT
 .text.HAL_DMA_Abort_IT
                0x0000000008004c04      0x134 ../../DaisySeed/DaisyExamples/libDaisy/build/libdaisy.a(stm32h7xx_hal_dma.o)
                0x0000000008004c04                HAL_DMA_Abort_IT
 .text.HAL_DMA_IRQHandler
                0x0000000008004d38      0x6a0 ../../DaisySeed/DaisyExamples/libDaisy/build/libdaisy.a(stm32h7xx_hal_dma.o)
                0x0000000008004d38                HAL_DMA_IRQHandler
 .text.HAL_DMA_GetError
                0x00000000080053d8        0x4 ../../DaisySeed/DaisyExamples/libDaisy/build/libdaisy.a(stm32h7xx_hal_dma.o)
                0x00000000080053d8                HAL_DMA_GetError
 .text.HAL_GPIO_Init
                0x00000000080053dc      0x280 ../../DaisySeed/DaisyExamples/libDaisy/build/libdaisy.a(stm32h7xx_hal_gpio.o)
                0x00000000080053dc                HAL_GPIO_Init
 .text.HAL_GPIO_DeInit
                0x000000000800565c      0x190 ../../DaisySeed/DaisyExamples/libDaisy/build/libdaisy.a(stm32h7xx_hal_gpio.o)
                0x000000000800565c                HAL_GPIO_DeInit
 .text.HAL_GPIO_ReadPin
                0x00000000080057ec        0xc ../../DaisySeed/DaisyExamples/libDaisy/build/libdaisy.a(stm32h7xx_hal_gpio.o)
                0x00000000080057ec                HAL_GPIO_ReadPin
 .text.HAL_GPIO_WritePin
                0x00000000080057f8        0x8 ../../DaisySeed/DaisyExamples/libDaisy/build/libdaisy.a(stm32h7xx_hal_gpio.o)
                0x00000000080057f8                HAL_GPIO_WritePin
 .text.HAL_HCD_IRQHandler
                0x0000000008005800      0x780 ../../DaisySeed/DaisyExamples/libDaisy/build/libdaisy.a(stm32h7xx_hal_hcd.o)
                0x0000000008005800                HAL_HCD_IRQHandler
 .text.HAL_HCD_Stop
                0x0000000008005f80       0x28 ../../DaisySeed/DaisyExamples/libDaisy/build/libdaisy.a(stm32h7xx_hal_hcd.o)
                0x0000000008005f80                HAL_HCD_Stop
 .text.I2C_WaitOnTXISFlagUntilTimeout
                0x0000000008005fa8       0xb8 ../../DaisySeed/DaisyExamples/libDaisy/build/libdaisy.a(stm32h7xx_hal_i2c.o)
 .text.I2C_WaitOnSTOPFlagUntilTimeout
                0x0000000008006060       0xac ../../DaisySeed/DaisyExamples/libDaisy/build/libdaisy.a(stm32h7xx_hal_i2c.o)
 .text.HAL_I2C_Init
                0x000000000800610c       0xac ../../DaisySeed/DaisyExamples/libDaisy/build/libdaisy.a(stm32h7xx_hal_i2c.o)
                0x000000000800610c                HAL_I2C_Init
 .text.HAL_I2C_Master_Transmit
                0x00000000080061b8      0x1a8 ../../DaisySeed/DaisyExamples/libDaisy/build/libdaisy.a(stm32h7xx_hal_i2c.o)
                0x00000000080061b8                HAL_I2C_Master_Transmit
 .text.HAL_I2C_Slave_Transmit
                0x0000000008006360      0x1c8 ../../DaisySeed/DaisyExamples/libDaisy/build/libdaisy.a(stm32h7xx_hal_i2c.o)
                0x0000000008006360                HAL_I2C_Slave_Transmit
 .text.HAL_I2C_EV_IRQHandler
                0x0000000008006528       0x10 ../../DaisySeed/DaisyExamples/libDaisy/build/libdaisy.a(stm32h7xx_hal_i2c.o)
                0x0000000008006528                HAL_I2C_EV_IRQHandler
 .text.HAL_I2C_GetState
                0x0000000008006538        0x8 ../../DaisySeed/DaisyExamples/libDaisy/build/libdaisy.a(stm32h7xx_hal_i2c.o)
                0x0000000008006538                HAL_I2C_GetState
 .text.HAL_I2CEx_ConfigAnalogFilter
                0x0000000008006540       0x54 ../../DaisySeed/DaisyExamples/libDaisy/build/libdaisy.a(stm32h7xx_hal_i2c_ex.o)
                0x0000000008006540                HAL_I2CEx_ConfigAnalogFilter
 .text.HAL_I2CEx_ConfigDigitalFilter
                0x0000000008006594       0x58 ../../DaisySeed/DaisyExamples/libDaisy/build/libdaisy.a(stm32h7xx_hal_i2c_ex.o)
                0x0000000008006594                HAL_I2CEx_ConfigDigitalFilter
 .text.HAL_PCD_IRQHandler
                0x00000000080065ec      0x69c ../../DaisySeed/DaisyExamples/libDaisy/build/libdaisy.a(stm32h7xx_hal_pcd.o)
                0x00000000080065ec                HAL_PCD_IRQHandler
 .text.HAL_PCD_SetAddress
                0x0000000008006c88       0x2c ../../DaisySeed/DaisyExamples/libDaisy/build/libdaisy.a(stm32h7xx_hal_pcd.o)
                0x0000000008006c88                HAL_PCD_SetAddress
 .text.HAL_PCD_EP_Open
                0x0000000008006cb4       0x7c ../../DaisySeed/DaisyExamples/libDaisy/build/libdaisy.a(stm32h7xx_hal_pcd.o)
                0x0000000008006cb4                HAL_PCD_EP_Open
 .text.HAL_PCD_EP_Receive
                0x0000000008006d30       0x50 ../../DaisySeed/DaisyExamples/libDaisy/build/libdaisy.a(stm32h7xx_hal_pcd.o)
                0x0000000008006d30                HAL_PCD_EP_Receive
 .text.HAL_PCD_EP_Transmit
                0x0000000008006d80       0x50 ../../DaisySeed/DaisyExamples/libDaisy/build/libdaisy.a(stm32h7xx_hal_pcd.o)
                0x0000000008006d80                HAL_PCD_EP_Transmit
 .text.HAL_PCD_EP_SetStall
                0x0000000008006dd0       0x88 ../../DaisySeed/DaisyExamples/libDaisy/build/libdaisy.a(stm32h7xx_hal_pcd.o)
                0x0000000008006dd0                HAL_PCD_EP_SetStall
 .text.HAL_PCD_EP_ClrStall
                0x0000000008006e58       0x78 ../../DaisySeed/DaisyExamples/libDaisy/build/libdaisy.a(stm32h7xx_hal_pcd.o)
                0x0000000008006e58                HAL_PCD_EP_ClrStall
 .text.HAL_PCDEx_LPM_Callback
                0x0000000008006ed0        0x4 ../../DaisySeed/DaisyExamples/libDaisy/build/libdaisy.a(stm32h7xx_hal_pcd_ex.o)
                0x0000000008006ed0                HAL_PCDEx_LPM_Callback
 .text.HAL_PWREx_ConfigSupply
                0x0000000008006ed4       0x4c ../../DaisySeed/DaisyExamples/libDaisy/build/libdaisy.a(stm32h7xx_hal_pwr_ex.o)
                0x0000000008006ed4                HAL_PWREx_ConfigSupply
 .text.HAL_PWREx_EnableUSBVoltageDetector
                0x0000000008006f20       0x10 ../../DaisySeed/DaisyExamples/libDaisy/build/libdaisy.a(stm32h7xx_hal_pwr_ex.o)
                0x0000000008006f20                HAL_PWREx_EnableUSBVoltageDetector
 .text.QSPI_Config
                0x0000000008006f30      0x174 ../../DaisySeed/DaisyExamples/libDaisy/build/libdaisy.a(stm32h7xx_hal_qspi.o)
 .text.HAL_QSPI_Init
                0x00000000080070a4       0xd8 ../../DaisySeed/DaisyExamples/libDaisy/build/libdaisy.a(stm32h7xx_hal_qspi.o)
                0x00000000080070a4                HAL_QSPI_Init
 .text.HAL_QSPI_DeInit
                0x000000000800717c       0x3c ../../DaisySeed/DaisyExamples/libDaisy/build/libdaisy.a(stm32h7xx_hal_qspi.o)
                0x000000000800717c                HAL_QSPI_DeInit
 .text.HAL_QSPI_Command
                0x00000000080071b8       0xd4 ../../DaisySeed/DaisyExamples/libDaisy/build/libdaisy.a(stm32h7xx_hal_qspi.o)
                0x00000000080071b8                HAL_QSPI_Command
 .text.HAL_QSPI_Transmit
                0x000000000800728c       0xfc ../../DaisySeed/DaisyExamples/libDaisy/build/libdaisy.a(stm32h7xx_hal_qspi.o)
                0x000000000800728c                HAL_QSPI_Transmit
 .text.HAL_QSPI_Receive
                0x0000000008007388      0x108 ../../DaisySeed/DaisyExamples/libDaisy/build/libdaisy.a(stm32h7xx_hal_qspi.o)
                0x0000000008007388                HAL_QSPI_Receive
 .text.HAL_QSPI_AutoPolling
                0x0000000008007490       0xf0 ../../DaisySeed/DaisyExamples/libDaisy/build/libdaisy.a(stm32h7xx_hal_qspi.o)
                0x0000000008007490                HAL_QSPI_AutoPolling
 .text.HAL_QSPI_MemoryMapped
                0x0000000008007580       0xc0 ../../DaisySeed/DaisyExamples/libDaisy/build/libdaisy.a(stm32h7xx_hal_qspi.o)
                0x0000000008007580                HAL_QSPI_MemoryMapped
 .text.HAL_QSPI_ErrorCallback
                0x0000000008007640        0x4 ../../DaisySeed/DaisyExamples/libDaisy/build/libdaisy.a(stm32h7xx_hal_qspi.o)
                0x0000000008007640                HAL_QSPI_ErrorCallback
 .text.QSPI_DMAAbortCplt
                0x0000000008007644       0x38 ../../DaisySeed/DaisyExamples/libDaisy/build/libdaisy.a(stm32h7xx_hal_qspi.o)
 .text.HAL_QSPI_AbortCpltCallback
                0x000000000800767c        0x4 ../../DaisySeed/DaisyExamples/libDaisy/build/libdaisy.a(stm32h7xx_hal_qspi.o)
                0x000000000800767c                HAL_QSPI_AbortCpltCallback
 .text.HAL_QSPI_CmdCpltCallback
                0x0000000008007680        0x4 ../../DaisySeed/DaisyExamples/libDaisy/build/libdaisy.a(stm32h7xx_hal_qspi.o)
                0x0000000008007680                HAL_QSPI_CmdCpltCallback
 .text.HAL_QSPI_RxCpltCallback
                0x0000000008007684        0x4 ../../DaisySeed/DaisyExamples/libDaisy/build/libdaisy.a(stm32h7xx_hal_qspi.o)
                0x0000000008007684                HAL_QSPI_RxCpltCallback
 .text.HAL_QSPI_TxCpltCallback
                0x0000000008007688        0x4 ../../DaisySeed/DaisyExamples/libDaisy/build/libdaisy.a(stm32h7xx_hal_qspi.o)
                0x0000000008007688                HAL_QSPI_TxCpltCallback
 .text.HAL_QSPI_FifoThresholdCallback
                0x000000000800768c        0x4 ../../DaisySeed/DaisyExamples/libDaisy/build/libdaisy.a(stm32h7xx_hal_qspi.o)
                0x000000000800768c                HAL_QSPI_FifoThresholdCallback
 .text.HAL_QSPI_StatusMatchCallback
                0x0000000008007690        0x4 ../../DaisySeed/DaisyExamples/libDaisy/build/libdaisy.a(stm32h7xx_hal_qspi.o)
                0x0000000008007690                HAL_QSPI_StatusMatchCallback
 .text.HAL_QSPI_TimeOutCallback
                0x0000000008007694        0x4 ../../DaisySeed/DaisyExamples/libDaisy/build/libdaisy.a(stm32h7xx_hal_qspi.o)
                0x0000000008007694                HAL_QSPI_TimeOutCallback
 .text.HAL_QSPI_IRQHandler
                0x0000000008007698      0x210 ../../DaisySeed/DaisyExamples/libDaisy/build/libdaisy.a(stm32h7xx_hal_qspi.o)
                0x0000000008007698                HAL_QSPI_IRQHandler
 .text.HAL_RCC_OscConfig
                0x00000000080078a8      0x51c ../../DaisySeed/DaisyExamples/libDaisy/build/libdaisy.a(stm32h7xx_hal_rcc.o)
                0x00000000080078a8                HAL_RCC_OscConfig
 .text.HAL_RCC_GetSysClockFreq
                0x0000000008007dc4      0x140 ../../DaisySeed/DaisyExamples/libDaisy/build/libdaisy.a(stm32h7xx_hal_rcc.o)
                0x0000000008007dc4                HAL_RCC_GetSysClockFreq
 .text.HAL_RCC_ClockConfig
                0x0000000008007f04      0x234 ../../DaisySeed/DaisyExamples/libDaisy/build/libdaisy.a(stm32h7xx_hal_rcc.o)
                0x0000000008007f04                HAL_RCC_ClockConfig
 .text.HAL_RCC_GetHCLKFreq
                0x0000000008008138       0x2c ../../DaisySeed/DaisyExamples/libDaisy/build/libdaisy.a(stm32h7xx_hal_rcc.o)
                0x0000000008008138                HAL_RCC_GetHCLKFreq
 .text.HAL_RCC_GetPCLK1Freq
                0x0000000008008164       0x38 ../../DaisySeed/DaisyExamples/libDaisy/build/libdaisy.a(stm32h7xx_hal_rcc.o)
                0x0000000008008164                HAL_RCC_GetPCLK1Freq
 .text.HAL_RCC_GetPCLK2Freq
                0x000000000800819c       0x38 ../../DaisySeed/DaisyExamples/libDaisy/build/libdaisy.a(stm32h7xx_hal_rcc.o)
                0x000000000800819c                HAL_RCC_GetPCLK2Freq
 .text.RCCEx_PLL2_Config
                0x00000000080081d4       0xf4 ../../DaisySeed/DaisyExamples/libDaisy/build/libdaisy.a(stm32h7xx_hal_rcc_ex.o)
 .text.RCCEx_PLL3_Config
                0x00000000080082c8       0xf4 ../../DaisySeed/DaisyExamples/libDaisy/build/libdaisy.a(stm32h7xx_hal_rcc_ex.o)
 .text.HAL_RCCEx_PeriphCLKConfig
                0x00000000080083bc      0xa7c ../../DaisySeed/DaisyExamples/libDaisy/build/libdaisy.a(stm32h7xx_hal_rcc_ex.o)
                0x00000000080083bc                HAL_RCCEx_PeriphCLKConfig
 .text.HAL_RCCEx_GetD3PCLK1Freq
                0x0000000008008e38       0x24 ../../DaisySeed/DaisyExamples/libDaisy/build/libdaisy.a(stm32h7xx_hal_rcc_ex.o)
                0x0000000008008e38                HAL_RCCEx_GetD3PCLK1Freq
 .text.HAL_RCCEx_GetPLL2ClockFreq
                0x0000000008008e5c      0x17c ../../DaisySeed/DaisyExamples/libDaisy/build/libdaisy.a(stm32h7xx_hal_rcc_ex.o)
                0x0000000008008e5c                HAL_RCCEx_GetPLL2ClockFreq
 .text.HAL_RCCEx_GetPLL3ClockFreq
                0x0000000008008fd8      0x17c ../../DaisySeed/DaisyExamples/libDaisy/build/libdaisy.a(stm32h7xx_hal_rcc_ex.o)
                0x0000000008008fd8                HAL_RCCEx_GetPLL3ClockFreq
 .text.HAL_RCCEx_GetPLL1ClockFreq
                0x0000000008009154      0x17c ../../DaisySeed/DaisyExamples/libDaisy/build/libdaisy.a(stm32h7xx_hal_rcc_ex.o)
                0x0000000008009154                HAL_RCCEx_GetPLL1ClockFreq
 .text.HAL_RCCEx_GetPeriphCLKFreq
                0x00000000080092d0      0x198 ../../DaisySeed/DaisyExamples/libDaisy/build/libdaisy.a(stm32h7xx_hal_rcc_ex.o)
                0x00000000080092d0                HAL_RCCEx_GetPeriphCLKFreq
 .text.HAL_RCCEx_GetD1SysClockFreq
                0x0000000008009468       0x2c ../../DaisySeed/DaisyExamples/libDaisy/build/libdaisy.a(stm32h7xx_hal_rcc_ex.o)
                0x0000000008009468                HAL_RCCEx_GetD1SysClockFreq
 .text.HAL_SAI_Init.part.0
                0x0000000008009494      0x348 ../../DaisySeed/DaisyExamples/libDaisy/build/libdaisy.a(stm32h7xx_hal_sai.o)
 .text.HAL_SAI_InitProtocol
                0x00000000080097dc      0x178 ../../DaisySeed/DaisyExamples/libDaisy/build/libdaisy.a(stm32h7xx_hal_sai.o)
                0x00000000080097dc                HAL_SAI_InitProtocol
 .text.HAL_SDRAM_Init
                0x0000000008009954       0x54 ../../DaisySeed/DaisyExamples/libDaisy/build/libdaisy.a(stm32h7xx_hal_sdram.o)
                0x0000000008009954                HAL_SDRAM_Init
 .text.HAL_SDRAM_SendCommand
                0x00000000080099a8       0x40 ../../DaisySeed/DaisyExamples/libDaisy/build/libdaisy.a(stm32h7xx_hal_sdram.o)
                0x00000000080099a8                HAL_SDRAM_SendCommand
 .text.HAL_SDRAM_ProgramRefreshRate
                0x00000000080099e8       0x30 ../../DaisySeed/DaisyExamples/libDaisy/build/libdaisy.a(stm32h7xx_hal_sdram.o)
                0x00000000080099e8                HAL_SDRAM_ProgramRefreshRate
 .text.SPI_CloseTransfer
                0x0000000008009a18       0xb8 ../../DaisySeed/DaisyExamples/libDaisy/build/libdaisy.a(stm32h7xx_hal_spi.o)
 .text.HAL_SPI_Init
                0x0000000008009ad0      0x15c ../../DaisySeed/DaisyExamples/libDaisy/build/libdaisy.a(stm32h7xx_hal_spi.o)
                0x0000000008009ad0                HAL_SPI_Init
 .text.HAL_SPI_Transmit
                0x0000000008009c2c      0x314 ../../DaisySeed/DaisyExamples/libDaisy/build/libdaisy.a(stm32h7xx_hal_spi.o)
                0x0000000008009c2c                HAL_SPI_Transmit
 .text.HAL_SPI_Transmit_DMA
                0x0000000008009f40      0x170 ../../DaisySeed/DaisyExamples/libDaisy/build/libdaisy.a(stm32h7xx_hal_spi.o)
                0x0000000008009f40                HAL_SPI_Transmit_DMA
 .text.HAL_SPI_TransmitReceive_DMA
                0x000000000800a0b0      0x218 ../../DaisySeed/DaisyExamples/libDaisy/build/libdaisy.a(stm32h7xx_hal_spi.o)
                0x000000000800a0b0                HAL_SPI_TransmitReceive_DMA
 .text.HAL_SPI_Receive_DMA
                0x000000000800a2c8      0x1b4 ../../DaisySeed/DaisyExamples/libDaisy/build/libdaisy.a(stm32h7xx_hal_spi.o)
                0x000000000800a2c8                HAL_SPI_Receive_DMA
 .text.SPI_DMATransmitCplt
                0x000000000800a47c       0x28 ../../DaisySeed/DaisyExamples/libDaisy/build/libdaisy.a(stm32h7xx_hal_spi.o)
 .text.SPI_DMAReceiveCplt
                0x000000000800a4a4       0x28 ../../DaisySeed/DaisyExamples/libDaisy/build/libdaisy.a(stm32h7xx_hal_spi.o)
 .text.SPI_DMATransmitReceiveCplt
                0x000000000800a4cc       0x28 ../../DaisySeed/DaisyExamples/libDaisy/build/libdaisy.a(stm32h7xx_hal_spi.o)
 .text.HAL_SPI_TxHalfCpltCallback
                0x000000000800a4f4        0x4 ../../DaisySeed/DaisyExamples/libDaisy/build/libdaisy.a(stm32h7xx_hal_spi.o)
                0x000000000800a4f4                HAL_SPI_TxHalfCpltCallback
 .text.SPI_DMAHalfTransmitCplt
                0x000000000800a4f8        0xc ../../DaisySeed/DaisyExamples/libDaisy/build/libdaisy.a(stm32h7xx_hal_spi.o)
 .text.HAL_SPI_RxHalfCpltCallback
                0x000000000800a504        0x4 ../../DaisySeed/DaisyExamples/libDaisy/build/libdaisy.a(stm32h7xx_hal_spi.o)
                0x000000000800a504                HAL_SPI_RxHalfCpltCallback
 .text.SPI_DMAHalfReceiveCplt
                0x000000000800a508        0xc ../../DaisySeed/DaisyExamples/libDaisy/build/libdaisy.a(stm32h7xx_hal_spi.o)
 .text.HAL_SPI_TxRxHalfCpltCallback
                0x000000000800a514        0x4 ../../DaisySeed/DaisyExamples/libDaisy/build/libdaisy.a(stm32h7xx_hal_spi.o)
                0x000000000800a514                HAL_SPI_TxRxHalfCpltCallback
 .text.SPI_DMAHalfTransmitReceiveCplt
                0x000000000800a518        0xc ../../DaisySeed/DaisyExamples/libDaisy/build/libdaisy.a(stm32h7xx_hal_spi.o)
 .text.SPI_DMAError
                0x000000000800a524       0xd8 ../../DaisySeed/DaisyExamples/libDaisy/build/libdaisy.a(stm32h7xx_hal_spi.o)
 .text.HAL_SPI_IRQHandler
                0x000000000800a5fc      0x23c ../../DaisySeed/DaisyExamples/libDaisy/build/libdaisy.a(stm32h7xx_hal_spi.o)
                0x000000000800a5fc                HAL_SPI_IRQHandler
 .text.SPI_DMAAbortOnError
                0x000000000800a838       0x1c ../../DaisySeed/DaisyExamples/libDaisy/build/libdaisy.a(stm32h7xx_hal_spi.o)
 .text.HAL_SPI_GetState
                0x000000000800a854        0x8 ../../DaisySeed/DaisyExamples/libDaisy/build/libdaisy.a(stm32h7xx_hal_spi.o)
                0x000000000800a854                HAL_SPI_GetState
 .text.FMC_SDRAM_Init
                0x000000000800a85c       0x7c ../../DaisySeed/DaisyExamples/libDaisy/build/libdaisy.a(stm32h7xx_ll_fmc.o)
                0x000000000800a85c                FMC_SDRAM_Init
 .text.FMC_SDRAM_Timing_Init
                0x000000000800a8d8       0x98 ../../DaisySeed/DaisyExamples/libDaisy/build/libdaisy.a(stm32h7xx_ll_fmc.o)
                0x000000000800a8d8                FMC_SDRAM_Timing_Init
 .text.FMC_SDRAM_SendCommand
                0x000000000800a970       0x28 ../../DaisySeed/DaisyExamples/libDaisy/build/libdaisy.a(stm32h7xx_ll_fmc.o)
                0x000000000800a970                FMC_SDRAM_SendCommand
 .text.FMC_SDRAM_ProgramRefreshRate
                0x000000000800a998       0x1c ../../DaisySeed/DaisyExamples/libDaisy/build/libdaisy.a(stm32h7xx_ll_fmc.o)
                0x000000000800a998                FMC_SDRAM_ProgramRefreshRate
 .text.USB_SetTurnaroundTime
                0x000000000800a9b4      0x104 ../../DaisySeed/DaisyExamples/libDaisy/build/libdaisy.a(stm32h7xx_ll_usb.o)
                0x000000000800a9b4                USB_SetTurnaroundTime
 .text.USB_FlushTxFifo
                0x000000000800aab8       0x34 ../../DaisySeed/DaisyExamples/libDaisy/build/libdaisy.a(stm32h7xx_ll_usb.o)
                0x000000000800aab8                USB_FlushTxFifo
 .text.USB_GetDevSpeed
                0x000000000800aaec       0x24 ../../DaisySeed/DaisyExamples/libDaisy/build/libdaisy.a(stm32h7xx_ll_usb.o)
                0x000000000800aaec                USB_GetDevSpeed
 .text.USB_ActivateEndpoint
                0x000000000800ab10       0x90 ../../DaisySeed/DaisyExamples/libDaisy/build/libdaisy.a(stm32h7xx_ll_usb.o)
                0x000000000800ab10                USB_ActivateEndpoint
 .text.USB_EPStartXfer
                0x000000000800aba0      0x230 ../../DaisySeed/DaisyExamples/libDaisy/build/libdaisy.a(stm32h7xx_ll_usb.o)
                0x000000000800aba0                USB_EPStartXfer
 .text.USB_EP0StartXfer
                0x000000000800add0      0x174 ../../DaisySeed/DaisyExamples/libDaisy/build/libdaisy.a(stm32h7xx_ll_usb.o)
                0x000000000800add0                USB_EP0StartXfer
 .text.USB_WritePacket
                0x000000000800af44       0x2c ../../DaisySeed/DaisyExamples/libDaisy/build/libdaisy.a(stm32h7xx_ll_usb.o)
                0x000000000800af44                USB_WritePacket
 .text.USB_ReadPacket
                0x000000000800af70       0x20 ../../DaisySeed/DaisyExamples/libDaisy/build/libdaisy.a(stm32h7xx_ll_usb.o)
                0x000000000800af70                USB_ReadPacket
 .text.USB_EPSetStall
                0x000000000800af90       0x68 ../../DaisySeed/DaisyExamples/libDaisy/build/libdaisy.a(stm32h7xx_ll_usb.o)
                0x000000000800af90                USB_EPSetStall
 .text.USB_EPClearStall
                0x000000000800aff8       0x58 ../../DaisySeed/DaisyExamples/libDaisy/build/libdaisy.a(stm32h7xx_ll_usb.o)
                0x000000000800aff8                USB_EPClearStall
 .text.USB_SetDevAddress
                0x000000000800b050       0x24 ../../DaisySeed/DaisyExamples/libDaisy/build/libdaisy.a(stm32h7xx_ll_usb.o)
                0x000000000800b050                USB_SetDevAddress
 .text.USB_ReadInterrupts
                0x000000000800b074       0x14 ../../DaisySeed/DaisyExamples/libDaisy/build/libdaisy.a(stm32h7xx_ll_usb.o)
                0x000000000800b074                USB_ReadInterrupts
 .text.USB_ReadDevAllOutEpInterrupt
                0x000000000800b088       0x1c ../../DaisySeed/DaisyExamples/libDaisy/build/libdaisy.a(stm32h7xx_ll_usb.o)
                0x000000000800b088                USB_ReadDevAllOutEpInterrupt
 .text.USB_ReadDevAllInEpInterrupt
                0x000000000800b0a4       0x1c ../../DaisySeed/DaisyExamples/libDaisy/build/libdaisy.a(stm32h7xx_ll_usb.o)
                0x000000000800b0a4                USB_ReadDevAllInEpInterrupt
 .text.USB_ReadDevOutEPInterrupt
                0x000000000800b0c0       0x1c ../../DaisySeed/DaisyExamples/libDaisy/build/libdaisy.a(stm32h7xx_ll_usb.o)
                0x000000000800b0c0                USB_ReadDevOutEPInterrupt
 .text.USB_ReadDevInEPInterrupt
                0x000000000800b0dc       0x38 ../../DaisySeed/DaisyExamples/libDaisy/build/libdaisy.a(stm32h7xx_ll_usb.o)
                0x000000000800b0dc                USB_ReadDevInEPInterrupt
 .text.USB_GetMode
                0x000000000800b114        0x8 ../../DaisySeed/DaisyExamples/libDaisy/build/libdaisy.a(stm32h7xx_ll_usb.o)
                0x000000000800b114                USB_GetMode
 .text.USB_ActivateSetup
                0x000000000800b11c       0x38 ../../DaisySeed/DaisyExamples/libDaisy/build/libdaisy.a(stm32h7xx_ll_usb.o)
                0x000000000800b11c                USB_ActivateSetup
 .text.USB_EP0_OutStart
                0x000000000800b154       0x58 ../../DaisySeed/DaisyExamples/libDaisy/build/libdaisy.a(stm32h7xx_ll_usb.o)
                0x000000000800b154                USB_EP0_OutStart
 .text.USB_InitFSLSPClkSel
                0x000000000800b1ac       0x44 ../../DaisySeed/DaisyExamples/libDaisy/build/libdaisy.a(stm32h7xx_ll_usb.o)
                0x000000000800b1ac                USB_InitFSLSPClkSel
 .text.USB_HC_ReadInterrupt
                0x000000000800b1f0        0x8 ../../DaisySeed/DaisyExamples/libDaisy/build/libdaisy.a(stm32h7xx_ll_usb.o)
                0x000000000800b1f0                USB_HC_ReadInterrupt
 .text.USB_HC_Halt
                0x000000000800b1f8       0xc0 ../../DaisySeed/DaisyExamples/libDaisy/build/libdaisy.a(stm32h7xx_ll_usb.o)
                0x000000000800b1f8                USB_HC_Halt
 .text.USB_StopHost
                0x000000000800b2b8      0x2ec ../../DaisySeed/DaisyExamples/libDaisy/build/libdaisy.a(stm32h7xx_ll_usb.o)
                0x000000000800b2b8                USB_StopHost
 .text.USBD_SetClassConfig
                0x000000000800b5a4       0x14 ../../DaisySeed/DaisyExamples/libDaisy/build/libdaisy.a(usbd_core.o)
                0x000000000800b5a4                USBD_SetClassConfig
 .text.USBD_ClrClassConfig
                0x000000000800b5b8       0x10 ../../DaisySeed/DaisyExamples/libDaisy/build/libdaisy.a(usbd_core.o)
                0x000000000800b5b8                USBD_ClrClassConfig
 .text.USBD_LL_SetupStage
                0x000000000800b5c8       0x5c ../../DaisySeed/DaisyExamples/libDaisy/build/libdaisy.a(usbd_core.o)
                0x000000000800b5c8                USBD_LL_SetupStage
 .text.USBD_LL_DataOutStage
                0x000000000800b624       0x7c ../../DaisySeed/DaisyExamples/libDaisy/build/libdaisy.a(usbd_core.o)
                0x000000000800b624                USBD_LL_DataOutStage
 .text.USBD_LL_DataInStage
                0x000000000800b6a0       0xcc ../../DaisySeed/DaisyExamples/libDaisy/build/libdaisy.a(usbd_core.o)
                0x000000000800b6a0                USBD_LL_DataInStage
 .text.USBD_LL_Reset
                0x000000000800b76c       0x50 ../../DaisySeed/DaisyExamples/libDaisy/build/libdaisy.a(usbd_core.o)
                0x000000000800b76c                USBD_LL_Reset
 .text.USBD_LL_SetSpeed
                0x000000000800b7bc        0x8 ../../DaisySeed/DaisyExamples/libDaisy/build/libdaisy.a(usbd_core.o)
                0x000000000800b7bc                USBD_LL_SetSpeed
 .text.USBD_LL_Suspend
                0x000000000800b7c4       0x14 ../../DaisySeed/DaisyExamples/libDaisy/build/libdaisy.a(usbd_core.o)
                0x000000000800b7c4                USBD_LL_Suspend
 .text.USBD_LL_Resume
                0x000000000800b7d8       0x10 ../../DaisySeed/DaisyExamples/libDaisy/build/libdaisy.a(usbd_core.o)
                0x000000000800b7d8                USBD_LL_Resume
 .text.USBD_LL_SOF
                0x000000000800b7e8       0x1c ../../DaisySeed/DaisyExamples/libDaisy/build/libdaisy.a(usbd_core.o)
                0x000000000800b7e8                USBD_LL_SOF
 .text.USBD_LL_IsoINIncomplete
                0x000000000800b804        0x4 ../../DaisySeed/DaisyExamples/libDaisy/build/libdaisy.a(usbd_core.o)
                0x000000000800b804                USBD_LL_IsoINIncomplete
 .text.USBD_LL_IsoOUTIncomplete
                0x000000000800b808        0x4 ../../DaisySeed/DaisyExamples/libDaisy/build/libdaisy.a(usbd_core.o)
                0x000000000800b808                USBD_LL_IsoOUTIncomplete
 .text.USBD_LL_DevConnected
                0x000000000800b80c        0x4 ../../DaisySeed/DaisyExamples/libDaisy/build/libdaisy.a(usbd_core.o)
                0x000000000800b80c                USBD_LL_DevConnected
 .text.USBD_LL_DevDisconnected
                0x000000000800b810       0x18 ../../DaisySeed/DaisyExamples/libDaisy/build/libdaisy.a(usbd_core.o)
                0x000000000800b810                USBD_LL_DevDisconnected
 .text.USBD_StdDevReq
                0x000000000800b828      0x304 ../../DaisySeed/DaisyExamples/libDaisy/build/libdaisy.a(usbd_ctlreq.o)
                0x000000000800b828                USBD_StdDevReq
 .text.USBD_StdItfReq
                0x000000000800bb2c       0x68 ../../DaisySeed/DaisyExamples/libDaisy/build/libdaisy.a(usbd_ctlreq.o)
                0x000000000800bb2c                USBD_StdItfReq
 .text.USBD_StdEPReq
                0x000000000800bb94      0x13c ../../DaisySeed/DaisyExamples/libDaisy/build/libdaisy.a(usbd_ctlreq.o)
                0x000000000800bb94                USBD_StdEPReq
 .text.USBD_ParseSetupRequest
                0x000000000800bcd0       0x28 ../../DaisySeed/DaisyExamples/libDaisy/build/libdaisy.a(usbd_ctlreq.o)
                0x000000000800bcd0                USBD_ParseSetupRequest
 .text.USBD_CtlSendData
                0x000000000800bcf8       0x1c ../../DaisySeed/DaisyExamples/libDaisy/build/libdaisy.a(usbd_ioreq.o)
                0x000000000800bcf8                USBD_CtlSendData
 .text.USBD_CtlContinueSendData
                0x000000000800bd14       0x14 ../../DaisySeed/DaisyExamples/libDaisy/build/libdaisy.a(usbd_ioreq.o)
                0x000000000800bd14                USBD_CtlContinueSendData
 .text.USBD_CtlContinueRx
                0x000000000800bd28       0x14 ../../DaisySeed/DaisyExamples/libDaisy/build/libdaisy.a(usbd_ioreq.o)
                0x000000000800bd28                USBD_CtlContinueRx
 .text.USBD_CtlSendStatus
                0x000000000800bd3c       0x18 ../../DaisySeed/DaisyExamples/libDaisy/build/libdaisy.a(usbd_ioreq.o)
                0x000000000800bd3c                USBD_CtlSendStatus
 .text.USBD_CtlReceiveStatus
                0x000000000800bd54       0x18 ../../DaisySeed/DaisyExamples/libDaisy/build/libdaisy.a(usbd_ioreq.o)
                0x000000000800bd54                USBD_CtlReceiveStatus
 .text.USBH_LL_IncTimer
                0x000000000800bd6c       0x20 ../../DaisySeed/DaisyExamples/libDaisy/build/libdaisy.a(usbh_core.o)
                0x000000000800bd6c                USBH_LL_IncTimer
 .text.USBH_LL_PortEnabled
                0x000000000800bd8c        0x8 ../../DaisySeed/DaisyExamples/libDaisy/build/libdaisy.a(usbh_core.o)
                0x000000000800bd8c                USBH_LL_PortEnabled
 .text.USBH_LL_PortDisabled
                0x000000000800bd94        0x8 ../../DaisySeed/DaisyExamples/libDaisy/build/libdaisy.a(usbh_core.o)
                0x000000000800bd94                USBH_LL_PortDisabled
 .text.USBH_LL_Connect
                0x000000000800bd9c       0x18 ../../DaisySeed/DaisyExamples/libDaisy/build/libdaisy.a(usbh_core.o)
                0x000000000800bd9c                USBH_LL_Connect
 .text.USBH_LL_Disconnect
                0x000000000800bdb4       0x2c ../../DaisySeed/DaisyExamples/libDaisy/build/libdaisy.a(usbh_core.o)
                0x000000000800bdb4                USBH_LL_Disconnect
 .text.USBH_FreePipe
                0x000000000800bde0       0x18 ../../DaisySeed/DaisyExamples/libDaisy/build/libdaisy.a(usbh_pipes.o)
                0x000000000800bde0                USBH_FreePipe
 .text._ZN5daisy6Random4InitEv
                0x000000000800bdf8       0x3c ../../DaisySeed/DaisyExamples/libDaisy/build/libdaisy.a(rng.o)
                0x000000000800bdf8                daisy::Random::Init()
 .text.HAL_TIM_Base_MspInit
                0x000000000800be34      0x1e0 ../../DaisySeed/DaisyExamples/libDaisy/build/libdaisy.a(tim.o)
                0x000000000800be34                HAL_TIM_Base_MspInit
 .text.HAL_TIM_PeriodElapsedCallback
                0x000000000800c014       0x44 ../../DaisySeed/DaisyExamples/libDaisy/build/libdaisy.a(tim.o)
                0x000000000800c014                HAL_TIM_PeriodElapsedCallback
 .text.TIM2_IRQHandler
                0x000000000800c058        0xc ../../DaisySeed/DaisyExamples/libDaisy/build/libdaisy.a(tim.o)
                0x000000000800c058                TIM2_IRQHandler
 .text.TIM3_IRQHandler
                0x000000000800c064        0xc ../../DaisySeed/DaisyExamples/libDaisy/build/libdaisy.a(tim.o)
                0x000000000800c064                TIM3_IRQHandler
 .text.TIM4_IRQHandler
                0x000000000800c070        0xc ../../DaisySeed/DaisyExamples/libDaisy/build/libdaisy.a(tim.o)
                0x000000000800c070                TIM4_IRQHandler
 .text.TIM5_IRQHandler
                0x000000000800c07c        0xc ../../DaisySeed/DaisyExamples/libDaisy/build/libdaisy.a(tim.o)
                0x000000000800c07c                TIM5_IRQHandler
 .text._ZN5daisy11TimerHandle4InitERKNS0_6ConfigE
                0x000000000800c088       0xd0 ../../DaisySeed/DaisyExamples/libDaisy/build/libdaisy.a(tim.o)
                0x000000000800c088                daisy::TimerHandle::Init(daisy::TimerHandle::Config const&)
 .text._ZN5daisy11TimerHandle5StartEv
                0x000000000800c158       0x24 ../../DaisySeed/DaisyExamples/libDaisy/build/libdaisy.a(tim.o)
                0x000000000800c158                daisy::TimerHandle::Start()
 .text.startup._GLOBAL__sub_I__ZN5daisy11TimerHandle4Impl4InitERKNS0_6ConfigE
                0x000000000800c17c       0x38 ../../DaisySeed/DaisyExamples/libDaisy/build/libdaisy.a(tim.o)
 .text._ZL20UART_CheckRxListenerPN5daisy11UartHandler4ImplE
                0x000000000800c1b4       0x84 ../../DaisySeed/DaisyExamples/libDaisy/build/libdaisy.a(uart.o)
 .text._ZN5daisy11UartHandler4Impl10StartDmaTxEPhjPFvPvEPFvS3_NS0_6ResultEES3_
                0x000000000800c238      0x184 ../../DaisySeed/DaisyExamples/libDaisy/build/libdaisy.a(uart.o)
                0x000000000800c238                daisy::UartHandler::Impl::StartDmaTx(unsigned char*, unsigned int, void (*)(void*), void (*)(void*, daisy::UartHandler::Result), void*)
 .text._ZN5daisy11UartHandler4Impl10StartDmaRxEPhjPFvPvEPFvS3_NS0_6ResultEES3_
                0x000000000800c3bc      0x184 ../../DaisySeed/DaisyExamples/libDaisy/build/libdaisy.a(uart.o)
                0x000000000800c3bc                daisy::UartHandler::Impl::StartDmaRx(unsigned char*, unsigned int, void (*)(void*), void (*)(void*, daisy::UartHandler::Result), void*)
 .text._ZN5daisy11UartHandler4Impl19DmaTransferFinishedEP20__UART_HandleTypeDefNS0_6ResultE
                0x000000000800c540       0xc0 ../../DaisySeed/DaisyExamples/libDaisy/build/libdaisy.a(uart.o)
                0x000000000800c540                daisy::UartHandler::Impl::DmaTransferFinished(__UART_HandleTypeDef*, daisy::UartHandler::Result)
 .text._ZN5daisy11UartHandler4Impl8InitPinsEv
                0x000000000800c600      0x154 ../../DaisySeed/DaisyExamples/libDaisy/build/libdaisy.a(uart.o)
                0x000000000800c600                daisy::UartHandler::Impl::InitPins()
 .text.HAL_UART_MspInit
                0x000000000800c754      0x210 ../../DaisySeed/DaisyExamples/libDaisy/build/libdaisy.a(uart.o)
                0x000000000800c754                HAL_UART_MspInit
 .text.dsy_uart_global_init
                0x000000000800c964       0xfc ../../DaisySeed/DaisyExamples/libDaisy/build/libdaisy.a(uart.o)
                0x000000000800c964                dsy_uart_global_init
 .text.USART1_IRQHandler
                0x000000000800ca60       0x2c ../../DaisySeed/DaisyExamples/libDaisy/build/libdaisy.a(uart.o)
                0x000000000800ca60                USART1_IRQHandler
 .text.USART2_IRQHandler
                0x000000000800ca8c       0x34 ../../DaisySeed/DaisyExamples/libDaisy/build/libdaisy.a(uart.o)
                0x000000000800ca8c                USART2_IRQHandler
 .text.USART3_IRQHandler
                0x000000000800cac0       0x34 ../../DaisySeed/DaisyExamples/libDaisy/build/libdaisy.a(uart.o)
                0x000000000800cac0                USART3_IRQHandler
 .text.UART4_IRQHandler
                0x000000000800caf4       0x34 ../../DaisySeed/DaisyExamples/libDaisy/build/libdaisy.a(uart.o)
                0x000000000800caf4                UART4_IRQHandler
 .text.UART5_IRQHandler
                0x000000000800cb28       0x34 ../../DaisySeed/DaisyExamples/libDaisy/build/libdaisy.a(uart.o)
                0x000000000800cb28                UART5_IRQHandler
 .text.USART6_IRQHandler
                0x000000000800cb5c       0x34 ../../DaisySeed/DaisyExamples/libDaisy/build/libdaisy.a(uart.o)
                0x000000000800cb5c                USART6_IRQHandler
 .text.UART7_IRQHandler
                0x000000000800cb90       0x34 ../../DaisySeed/DaisyExamples/libDaisy/build/libdaisy.a(uart.o)
                0x000000000800cb90                UART7_IRQHandler
 .text.UART8_IRQHandler
                0x000000000800cbc4       0x34 ../../DaisySeed/DaisyExamples/libDaisy/build/libdaisy.a(uart.o)
                0x000000000800cbc4                UART8_IRQHandler
 .text.LPUART1_IRQHandler
                0x000000000800cbf8       0x34 ../../DaisySeed/DaisyExamples/libDaisy/build/libdaisy.a(uart.o)
                0x000000000800cbf8                LPUART1_IRQHandler
 .text.DMA1_Stream5_IRQHandler
                0x000000000800cc2c       0x34 ../../DaisySeed/DaisyExamples/libDaisy/build/libdaisy.a(uart.o)
                0x000000000800cc2c                DMA1_Stream5_IRQHandler
 .text.DMA2_Stream4_IRQHandler
                0x000000000800cc60       0x38 ../../DaisySeed/DaisyExamples/libDaisy/build/libdaisy.a(uart.o)
                0x000000000800cc60                DMA2_Stream4_IRQHandler
 .text.HAL_UART_TxCpltCallback
                0x000000000800cc98        0x8 ../../DaisySeed/DaisyExamples/libDaisy/build/libdaisy.a(uart.o)
                0x000000000800cc98                HAL_UART_TxCpltCallback
 .text.HAL_UART_RxCpltCallback
                0x000000000800cca0       0x94 ../../DaisySeed/DaisyExamples/libDaisy/build/libdaisy.a(uart.o)
                0x000000000800cca0                HAL_UART_RxCpltCallback
 .text.HAL_UART_RxHalfCpltCallback
                0x000000000800cd34       0x90 ../../DaisySeed/DaisyExamples/libDaisy/build/libdaisy.a(uart.o)
                0x000000000800cd34                HAL_UART_RxHalfCpltCallback
 .text.HAL_UART_ErrorCallback
                0x000000000800cdc4        0x8 ../../DaisySeed/DaisyExamples/libDaisy/build/libdaisy.a(uart.o)
                0x000000000800cdc4                HAL_UART_ErrorCallback
 .text.startup._GLOBAL__sub_I__Z19MapInstanceToHandleP13USART_TypeDef
                0x000000000800cdcc      0x194 ../../DaisySeed/DaisyExamples/libDaisy/build/libdaisy.a(uart.o)
 .text.dsy_dma_init
                0x000000000800cf60      0x100 ../../DaisySeed/DaisyExamples/libDaisy/build/libdaisy.a(dma.o)
                0x000000000800cf60                dsy_dma_init
 .text.dsy_dma_invalidate_cache_for_buffer
                0x000000000800d060       0x2c ../../DaisySeed/DaisyExamples/libDaisy/build/libdaisy.a(dma.o)
                0x000000000800d060                dsy_dma_invalidate_cache_for_buffer
 .text.HAL_MDMA_Abort_IT
                0x000000000800d08c       0x2c ../../DaisySeed/DaisyExamples/libDaisy/build/libdaisy.a(stm32h7xx_hal_mdma.o)
                0x000000000800d08c                HAL_MDMA_Abort_IT
 .text.HAL_TIM_Base_Init
                0x000000000800d0b8      0x140 ../../DaisySeed/DaisyExamples/libDaisy/build/libdaisy.a(stm32h7xx_hal_tim.o)
                0x000000000800d0b8                HAL_TIM_Base_Init
 .text.HAL_TIM_Base_Start
                0x000000000800d1f8       0x34 ../../DaisySeed/DaisyExamples/libDaisy/build/libdaisy.a(stm32h7xx_hal_tim.o)
                0x000000000800d1f8                HAL_TIM_Base_Start
 .text.HAL_TIM_Base_Start_IT
                0x000000000800d22c       0x2c ../../DaisySeed/DaisyExamples/libDaisy/build/libdaisy.a(stm32h7xx_hal_tim.o)
                0x000000000800d22c                HAL_TIM_Base_Start_IT
 .text.HAL_TIM_ConfigClockSource
                0x000000000800d258      0x17c ../../DaisySeed/DaisyExamples/libDaisy/build/libdaisy.a(stm32h7xx_hal_tim.o)
                0x000000000800d258                HAL_TIM_ConfigClockSource
 .text.HAL_TIM_OC_DelayElapsedCallback
                0x000000000800d3d4        0x4 ../../DaisySeed/DaisyExamples/libDaisy/build/libdaisy.a(stm32h7xx_hal_tim.o)
                0x000000000800d3d4                HAL_TIM_OC_DelayElapsedCallback
 .text.HAL_TIM_IC_CaptureCallback
                0x000000000800d3d8        0x4 ../../DaisySeed/DaisyExamples/libDaisy/build/libdaisy.a(stm32h7xx_hal_tim.o)
                0x000000000800d3d8                HAL_TIM_IC_CaptureCallback
 .text.HAL_TIM_PWM_PulseFinishedCallback
                0x000000000800d3dc        0x4 ../../DaisySeed/DaisyExamples/libDaisy/build/libdaisy.a(stm32h7xx_hal_tim.o)
                0x000000000800d3dc                HAL_TIM_PWM_PulseFinishedCallback
 .text.HAL_TIM_TriggerCallback
                0x000000000800d3e0        0x4 ../../DaisySeed/DaisyExamples/libDaisy/build/libdaisy.a(stm32h7xx_hal_tim.o)
                0x000000000800d3e0                HAL_TIM_TriggerCallback
 .text.HAL_TIM_IRQHandler
                0x000000000800d3e4      0x170 ../../DaisySeed/DaisyExamples/libDaisy/build/libdaisy.a(stm32h7xx_hal_tim.o)
                0x000000000800d3e4                HAL_TIM_IRQHandler
 .text.HAL_TIMEx_MasterConfigSynchronization
                0x000000000800d554       0x64 ../../DaisySeed/DaisyExamples/libDaisy/build/libdaisy.a(stm32h7xx_hal_tim_ex.o)
                0x000000000800d554                HAL_TIMEx_MasterConfigSynchronization
 .text.HAL_TIMEx_CommutCallback
                0x000000000800d5b8        0x4 ../../DaisySeed/DaisyExamples/libDaisy/build/libdaisy.a(stm32h7xx_hal_tim_ex.o)
                0x000000000800d5b8                HAL_TIMEx_CommutCallback
 .text.HAL_TIMEx_BreakCallback
                0x000000000800d5bc        0x4 ../../DaisySeed/DaisyExamples/libDaisy/build/libdaisy.a(stm32h7xx_hal_tim_ex.o)
                0x000000000800d5bc                HAL_TIMEx_BreakCallback
 .text.HAL_TIMEx_Break2Callback
                0x000000000800d5c0        0x4 ../../DaisySeed/DaisyExamples/libDaisy/build/libdaisy.a(stm32h7xx_hal_tim_ex.o)
                0x000000000800d5c0                HAL_TIMEx_Break2Callback
 .text.HAL_UART_Transmit_DMA
                0x000000000800d5c4       0xa4 ../../DaisySeed/DaisyExamples/libDaisy/build/libdaisy.a(stm32h7xx_hal_uart.o)
                0x000000000800d5c4                HAL_UART_Transmit_DMA
 .text.HAL_UART_Receive_DMA
                0x000000000800d668       0xac ../../DaisySeed/DaisyExamples/libDaisy/build/libdaisy.a(stm32h7xx_hal_uart.o)
                0x000000000800d668                HAL_UART_Receive_DMA
 .text.UART_DMATransmitCplt
                0x000000000800d714       0x2c ../../DaisySeed/DaisyExamples/libDaisy/build/libdaisy.a(stm32h7xx_hal_uart.o)
 .text.HAL_UART_TxHalfCpltCallback
                0x000000000800d740        0x4 ../../DaisySeed/DaisyExamples/libDaisy/build/libdaisy.a(stm32h7xx_hal_uart.o)
                0x000000000800d740                HAL_UART_TxHalfCpltCallback
 .text.UART_DMATxHalfCplt
                0x000000000800d744        0xc ../../DaisySeed/DaisyExamples/libDaisy/build/libdaisy.a(stm32h7xx_hal_uart.o)
 .text.UART_DMAReceiveCplt
                0x000000000800d750       0x38 ../../DaisySeed/DaisyExamples/libDaisy/build/libdaisy.a(stm32h7xx_hal_uart.o)
 .text.UART_DMARxHalfCplt
                0x000000000800d788        0xc ../../DaisySeed/DaisyExamples/libDaisy/build/libdaisy.a(stm32h7xx_hal_uart.o)
 .text.UART_DMAError
                0x000000000800d794       0x78 ../../DaisySeed/DaisyExamples/libDaisy/build/libdaisy.a(stm32h7xx_hal_uart.o)
 .text.HAL_UART_IRQHandler
                0x000000000800d80c      0x1d0 ../../DaisySeed/DaisyExamples/libDaisy/build/libdaisy.a(stm32h7xx_hal_uart.o)
                0x000000000800d80c                HAL_UART_IRQHandler
 .text.UART_DMAAbortOnError
                0x000000000800d9dc       0x14 ../../DaisySeed/DaisyExamples/libDaisy/build/libdaisy.a(stm32h7xx_hal_uart.o)
 .text.HAL_UART_GetState
                0x000000000800d9f0        0xc ../../DaisySeed/DaisyExamples/libDaisy/build/libdaisy.a(stm32h7xx_hal_uart.o)
                0x000000000800d9f0                HAL_UART_GetState
 .text.UART_SetConfig
                0x000000000800d9fc     0x14b8 ../../DaisySeed/DaisyExamples/libDaisy/build/libdaisy.a(stm32h7xx_hal_uart.o)
                0x000000000800d9fc                UART_SetConfig
 .text.UART_AdvFeatureConfig
                0x000000000800eeb4       0xb0 ../../DaisySeed/DaisyExamples/libDaisy/build/libdaisy.a(stm32h7xx_hal_uart.o)
                0x000000000800eeb4                UART_AdvFeatureConfig
 .text.UART_CheckIdleState
                0x000000000800ef64       0x84 ../../DaisySeed/DaisyExamples/libDaisy/build/libdaisy.a(stm32h7xx_hal_uart.o)
                0x000000000800ef64                UART_CheckIdleState
 .text.HAL_UART_Init
                0x000000000800efe8       0x68 ../../DaisySeed/DaisyExamples/libDaisy/build/libdaisy.a(stm32h7xx_hal_uart.o)
                0x000000000800efe8                HAL_UART_Init
 .text.HAL_UARTEx_WakeupCallback
                0x000000000800f050        0x4 ../../DaisySeed/DaisyExamples/libDaisy/build/libdaisy.a(stm32h7xx_hal_uart_ex.o)
                0x000000000800f050                HAL_UARTEx_WakeupCallback
 .text.HAL_UARTEx_RxFifoFullCallback
                0x000000000800f054        0x4 ../../DaisySeed/DaisyExamples/libDaisy/build/libdaisy.a(stm32h7xx_hal_uart_ex.o)
                0x000000000800f054                HAL_UARTEx_RxFifoFullCallback
 .text.HAL_UARTEx_TxFifoEmptyCallback
                0x000000000800f058        0x4 ../../DaisySeed/DaisyExamples/libDaisy/build/libdaisy.a(stm32h7xx_hal_uart_ex.o)
                0x000000000800f058                HAL_UARTEx_TxFifoEmptyCallback
 .text.__aeabi_atexit
                0x000000000800f05c        0xa /Library/DaisyToolchain/0.2.0/arm/bin/../lib/gcc/arm-none-eabi/10.3.1/../../../../arm-none-eabi/lib/thumb/v7e-m+dp/hard/libstdc++_nano.a(atexit_arm.o)
                0x000000000800f05c                __aeabi_atexit
 *fill*         0x000000000800f066        0x2 
 .text.__cxa_atexit
                0x000000000800f068       0x1c /Library/DaisyToolchain/0.2.0/arm/bin/../lib/gcc/arm-none-eabi/10.3.1/../../../../arm-none-eabi/lib/thumb/v7e-m+dp/hard/libc_nano.a(lib_a-cxa_atexit.o)
                0x000000000800f068                __cxa_atexit
 .text.__libc_init_array
                0x000000000800f084       0x48 /Library/DaisyToolchain/0.2.0/arm/bin/../lib/gcc/arm-none-eabi/10.3.1/../../../../arm-none-eabi/lib/thumb/v7e-m+dp/hard/libc_nano.a(lib_a-init.o)
                0x000000000800f084                __libc_init_array
 .text.memcpy   0x000000000800f0cc       0x1c /Library/DaisyToolchain/0.2.0/arm/bin/../lib/gcc/arm-none-eabi/10.3.1/../../../../arm-none-eabi/lib/thumb/v7e-m+dp/hard/libc_nano.a(lib_a-memcpy-stub.o)
                0x000000000800f0cc                memcpy
 .text.memset   0x000000000800f0e8       0x10 /Library/DaisyToolchain/0.2.0/arm/bin/../lib/gcc/arm-none-eabi/10.3.1/../../../../arm-none-eabi/lib/thumb/v7e-m+dp/hard/libc_nano.a(lib_a-memset.o)
                0x000000000800f0e8                memset
 *(.rodata)
 .rodata        0x000000000800f0f8       0x12 build/main.o
 *fill*         0x000000000800f10a        0x2 
 .rodata        0x000000000800f10c       0x1f build/ili9341.o
 *fill*         0x000000000800f12b        0x1 
 .rodata        0x000000000800f12c       0x10 ../../DaisySeed/DaisyExamples/libDaisy/build/libdaisy.a(i2c.o)
 .rodata        0x000000000800f13c       0x10 ../../DaisySeed/DaisyExamples/libDaisy/build/libdaisy.a(tim.o)
 .rodata        0x000000000800f14c       0x12 ../../DaisySeed/DaisyExamples/libDaisy/build/libdaisy.a(uart.o)
 *(.rodata*)
 *fill*         0x000000000800f15e        0x2 
 .rodata._ZN5daisy4seedL2D5E
                0x000000000800f160        0x2 build/main.o
 *fill*         0x000000000800f162        0x2 
 .rodata._ZN5daisy4seedL2D6E
                0x000000000800f164        0x2 build/main.o
 *fill*         0x000000000800f166        0x2 
 .rodata._ZN5daisy4seedL2D7E
                0x000000000800f168        0x2 build/main.o
 *fill*         0x000000000800f16a        0x2 
 .rodata._ZN5daisy4seedL3D13E
                0x000000000800f16c        0x2 build/main.o
 *fill*         0x000000000800f16e        0x2 
 .rodata._Z12ILI9341_Initv.str1.4
                0x000000000800f170       0x13 build/ili9341.o
 *fill*         0x000000000800f183        0x1 
 .rodata.CSWTCH.35
                0x000000000800f184        0x3 ../../DaisySeed/DaisyExamples/libDaisy/build/libdaisy.a(sai.o)
 *fill*         0x000000000800f187        0x1 
 .rodata.CSWTCH.36
                0x000000000800f188        0xc ../../DaisySeed/DaisyExamples/libDaisy/build/libdaisy.a(sai.o)
 .rodata.CSWTCH.44
                0x000000000800f194       0x14 ../../DaisySeed/DaisyExamples/libDaisy/build/libdaisy.a(sai.o)
 .rodata.CSWTCH.90
                0x000000000800f1a8       0x18 ../../DaisySeed/DaisyExamples/libDaisy/build/libdaisy.a(spi.o)
 .rodata.CSWTCH.91
                0x000000000800f1c0        0xc ../../DaisySeed/DaisyExamples/libDaisy/build/libdaisy.a(spi.o)
 .rodata._ZL13pins_none_spi
                0x000000000800f1cc        0x3 ../../DaisySeed/DaisyExamples/libDaisy/build/libdaisy.a(spi.o)
 *fill*         0x000000000800f1cf        0x1 
 .rodata._ZL16pins_periphs_spi
                0x000000000800f1d0       0x60 ../../DaisySeed/DaisyExamples/libDaisy/build/libdaisy.a(spi.o)
 .rodata.D1CorePrescTable
                0x000000000800f230       0x10 ../../DaisySeed/DaisyExamples/libDaisy/build/libdaisy.a(system_stm32h7xx.o)
                0x000000000800f230                D1CorePrescTable
 .rodata.CSWTCH.24
                0x000000000800f240        0x4 ../../DaisySeed/DaisyExamples/libDaisy/build/libdaisy.a(usbd_conf.o)
 .rodata.CSWTCH.19
                0x000000000800f244        0x4 ../../DaisySeed/DaisyExamples/libDaisy/build/libdaisy.a(usbh_conf.o)
 .rodata.gpio_hal_pin_map
                0x000000000800f248       0x20 ../../DaisySeed/DaisyExamples/libDaisy/build/libdaisy.a(hal_map.o)
 .rodata.gpio_hal_port_map
                0x000000000800f268       0x30 ../../DaisySeed/DaisyExamples/libDaisy/build/libdaisy.a(hal_map.o)
 .rodata.flagBitshiftOffset.0
                0x000000000800f298        0x8 ../../DaisySeed/DaisyExamples/libDaisy/build/libdaisy.a(stm32h7xx_hal_dma.o)
 .rodata.CSWTCH.418
                0x000000000800f2a0       0x29 ../../DaisySeed/DaisyExamples/libDaisy/build/libdaisy.a(stm32h7xx_hal_uart.o)
 *fill*         0x000000000800f2c9        0x3 
 .rodata.CSWTCH.419
                0x000000000800f2cc        0x6 ../../DaisySeed/DaisyExamples/libDaisy/build/libdaisy.a(stm32h7xx_hal_uart.o)
 *fill*         0x000000000800f2d2        0x2 
 .rodata.CSWTCH.426
                0x000000000800f2d4        0x6 ../../DaisySeed/DaisyExamples/libDaisy/build/libdaisy.a(stm32h7xx_hal_uart.o)
 *(.glue_7)
 .glue_7        0x000000000800f2da        0x0 linker stubs
 *(.glue_7t)
 .glue_7t       0x000000000800f2da        0x0 linker stubs
 *(.init)
 *fill*         0x000000000800f2da        0x2 
 .init          0x000000000800f2dc        0x4 /Library/DaisyToolchain/0.2.0/arm/bin/../lib/gcc/arm-none-eabi/10.3.1/thumb/v7e-m+dp/hard/crti.o
                0x000000000800f2dc                _init
 .init          0x000000000800f2e0        0x8 /Library/DaisyToolchain/0.2.0/arm/bin/../lib/gcc/arm-none-eabi/10.3.1/thumb/v7e-m+dp/hard/crtn.o
 *(.fini)
 .fini          0x000000000800f2e8        0x4 /Library/DaisyToolchain/0.2.0/arm/bin/../lib/gcc/arm-none-eabi/10.3.1/thumb/v7e-m+dp/hard/crti.o