Archive member included to satisfy reference by file (symbol)

../../libDaisy/build/libdaisy.a(daisy_seed.o)
                              build/WavPlayer.o (daisy::DaisySeed::StartAudio(void (*)(float const* const*, float**, unsigned int)))
../../libDaisy/build/libdaisy.a(codec_ak4556.o)
                              ../../libDaisy/build/libdaisy.a(daisy_seed.o) (daisy::Ak4556::Init(dsy_gpio_pin))
../../libDaisy/build/libdaisy.a(codec_wm8731.o)
                              ../../libDaisy/build/libdaisy.a(daisy_seed.o) (daisy::Wm8731::Init(daisy::Wm8731::Config const&, daisy::I2CHandle))
../../libDaisy/build/libdaisy.a(sdram.o)
                              ../../libDaisy/build/libdaisy.a(daisy_seed.o) (SdramHandle::Init())
../../libDaisy/build/libdaisy.a(audio.o)
                              ../../libDaisy/build/libdaisy.a(daisy_seed.o) (daisy::AudioHandle::Init(daisy::AudioHandle::Config const&, daisy::SaiHandle))
../../libDaisy/build/libdaisy.a(logger.o)
                              build/WavPlayer.o (daisy::Logger<(daisy::LoggerDestination)1>::PrintLine(char const*, ...))
../../libDaisy/build/libdaisy.a(usb.o)
                              ../../libDaisy/build/libdaisy.a(logger.o) (daisy::UsbHandle::Init(daisy::UsbHandle::UsbPeriph))
../../libDaisy/build/libdaisy.a(adc.o)
                              build/WavPlayer.o (daisy::AdcChannelConfig::InitSingle(dsy_gpio_pin, daisy::AdcChannelConfig::ConversionSpeed))
../../libDaisy/build/libdaisy.a(gpio.o)
                              build/WavPlayer.o (daisy::GPIO::Init(daisy::Pin, daisy::GPIO::Mode, daisy::GPIO::Pull, daisy::GPIO::Speed))
../../libDaisy/build/libdaisy.a(i2c.o)
                              build/WavPlayer.o (daisy::I2CHandle::Init(daisy::I2CHandle::Config const&))
../../libDaisy/build/libdaisy.a(qspi.o)
                              ../../libDaisy/build/libdaisy.a(daisy_seed.o) (daisy::QSPIHandle::Init(daisy::QSPIHandle::Config const&))
../../libDaisy/build/libdaisy.a(sai.o)
                              ../../libDaisy/build/libdaisy.a(daisy_seed.o) (daisy::SaiHandle::Init(daisy::SaiHandle::Config const&))
../../libDaisy/build/libdaisy.a(system.o)
                              ../../libDaisy/build/libdaisy.a(daisy_seed.o) (daisy::System::DeInit())
../../libDaisy/build/libdaisy.a(system_stm32h7xx.o)
                              build/startup_stm32h750xx.o (SystemInit)
../../libDaisy/build/libdaisy.a(usbd_cdc_if.o)
                              ../../libDaisy/build/libdaisy.a(usb.o) (CDC_Transmit_FS)
../../libDaisy/build/libdaisy.a(usbd_conf.o)
                              ../../libDaisy/build/libdaisy.a(system.o) (hpcd_USB_OTG_HS)
../../libDaisy/build/libdaisy.a(usbd_desc.o)
                              ../../libDaisy/build/libdaisy.a(usb.o) (HS_Desc)
../../libDaisy/build/libdaisy.a(usbh_conf.o)
                              ../../libDaisy/build/libdaisy.a(system.o) (hhcd_USB_OTG_HS)
../../libDaisy/build/libdaisy.a(hal_map.o)
                              ../../libDaisy/build/libdaisy.a(gpio.o) (dsy_hal_map_get_port)
../../libDaisy/build/libdaisy.a(stm32h7xx_hal.o)
                              ../../libDaisy/build/libdaisy.a(system.o) (HAL_Init)
../../libDaisy/build/libdaisy.a(stm32h7xx_hal_adc.o)
                              ../../libDaisy/build/libdaisy.a(adc.o) (HAL_ADC_ConfigChannel)
../../libDaisy/build/libdaisy.a(stm32h7xx_hal_adc_ex.o)
                              ../../libDaisy/build/libdaisy.a(adc.o) (HAL_ADCEx_Calibration_Start)
../../libDaisy/build/libdaisy.a(stm32h7xx_hal_cortex.o)
                              ../../libDaisy/build/libdaisy.a(stm32h7xx_hal.o) (HAL_NVIC_SetPriorityGrouping)
../../libDaisy/build/libdaisy.a(stm32h7xx_hal_dma.o)
                              ../../libDaisy/build/libdaisy.a(adc.o) (HAL_DMA_Init)
../../libDaisy/build/libdaisy.a(stm32h7xx_hal_gpio.o)
                              ../../libDaisy/build/libdaisy.a(sdram.o) (HAL_GPIO_Init)
../../libDaisy/build/libdaisy.a(stm32h7xx_hal_hcd.o)
                              ../../libDaisy/build/libdaisy.a(usbh_conf.o) (HAL_HCD_HC_Init)
../../libDaisy/build/libdaisy.a(stm32h7xx_hal_i2c.o)
                              ../../libDaisy/build/libdaisy.a(i2c.o) (HAL_I2C_Init)
../../libDaisy/build/libdaisy.a(stm32h7xx_hal_i2c_ex.o)
                              ../../libDaisy/build/libdaisy.a(i2c.o) (HAL_I2CEx_ConfigAnalogFilter)
../../libDaisy/build/libdaisy.a(stm32h7xx_hal_pcd.o)
                              ../../libDaisy/build/libdaisy.a(usbd_conf.o) (HAL_PCD_Init)
../../libDaisy/build/libdaisy.a(stm32h7xx_hal_pcd_ex.o)
                              ../../libDaisy/build/libdaisy.a(usbd_conf.o) (HAL_PCDEx_SetTxFiFo)
../../libDaisy/build/libdaisy.a(stm32h7xx_hal_pwr_ex.o)
                              ../../libDaisy/build/libdaisy.a(system.o) (HAL_PWREx_ConfigSupply)
../../libDaisy/build/libdaisy.a(stm32h7xx_hal_qspi.o)
                              ../../libDaisy/build/libdaisy.a(qspi.o) (HAL_QSPI_Init)
[...]
Memory Configuration

Name             Origin             Length             Attributes
FLASH            0x0000000008000000 0x0000000000020000 xr
DTCMRAM          0x0000000020000000 0x0000000000020000 xrw
SRAM             0x0000000024000000 0x0000000000080000 xrw
RAM_D2           0x0000000030000000 0x0000000000048000 xrw
RAM_D3           0x0000000038000000 0x0000000000010000 xrw
BACKUP_SRAM      0x0000000038800000 0x0000000000001000 xrw
ITCMRAM          0x0000000000000000 0x0000000000010000 xrw
SDRAM            0x00000000c0000000 0x0000000004000000 xrw
QSPIFLASH        0x0000000090000000 0x0000000000800000 xr
*default*        0x0000000000000000 0xffffffffffffffff

Linker script and memory map

LOAD /Library/DaisyToolchain/0.2.0/arm/bin/../lib/gcc/arm-none-eabi/10.3.1/thumb/v7e-m+dp/hard/crti.o
LOAD /Library/DaisyToolchain/0.2.0/arm/bin/../lib/gcc/arm-none-eabi/10.3.1/thumb/v7e-m+dp/hard/crtbegin.o
LOAD /Library/DaisyToolchain/0.2.0/arm/bin/../lib/gcc/arm-none-eabi/10.3.1/../../../../arm-none-eabi/lib/thumb/v7e-m+dp/hard/crt0.o
LOAD build/startup_stm32h750xx.o
LOAD build/diskio.o
LOAD build/ff.o
LOAD build/ff_gen_drv.o
LOAD build/ccsbcs.o
LOAD build/WavPlayer.o
LOAD ../../libDaisy/build/libdaisy.a
LOAD /Library/DaisyToolchain/0.2.0/arm/bin/../lib/gcc/arm-none-eabi/10.3.1/../../../../arm-none-eabi/lib/thumb/v7e-m+dp/hard/libnosys.a
LOAD /Library/DaisyToolchain/0.2.0/arm/bin/../lib/gcc/arm-none-eabi/10.3.1/../../../../arm-none-eabi/lib/thumb/v7e-m+dp/hard/libstdc++_nano.a
LOAD /Library/DaisyToolchain/0.2.0/arm/bin/../lib/gcc/arm-none-eabi/10.3.1/../../../../arm-none-eabi/lib/thumb/v7e-m+dp/hard/libm.a
LOAD /Library/DaisyToolchain/0.2.0/arm/bin/../lib/gcc/arm-none-eabi/10.3.1/../../../../arm-none-eabi/lib/thumb/v7e-m+dp/hard/libc_nano.a
START GROUP
LOAD /Library/DaisyToolchain/0.2.0/arm/bin/../lib/gcc/arm-none-eabi/10.3.1/thumb/v7e-m+dp/hard/libgcc.a
LOAD /Library/DaisyToolchain/0.2.0/arm/bin/../lib/gcc/arm-none-eabi/10.3.1/../../../../arm-none-eabi/lib/thumb/v7e-m+dp/hard/libc_nano.a
END GROUP
START GROUP
LOAD /Library/DaisyToolchain/0.2.0/arm/bin/../lib/gcc/arm-none-eabi/10.3.1/thumb/v7e-m+dp/hard/libgcc.a
LOAD /Library/DaisyToolchain/0.2.0/arm/bin/../lib/gcc/arm-none-eabi/10.3.1/../../../../arm-none-eabi/lib/thumb/v7e-m+dp/hard/libc_nano.a
LOAD /Library/DaisyToolchain/0.2.0/arm/bin/../lib/gcc/arm-none-eabi/10.3.1/../../../../arm-none-eabi/lib/thumb/v7e-m+dp/hard/libnosys.a
END GROUP
START GROUP
LOAD /Library/DaisyToolchain/0.2.0/arm/bin/../lib/gcc/arm-none-eabi/10.3.1/thumb/v7e-m+dp/hard/libgcc.a
LOAD /Library/DaisyToolchain/0.2.0/arm/bin/../lib/gcc/arm-none-eabi/10.3.1/../../../../arm-none-eabi/lib/thumb/v7e-m+dp/hard/libc_nano.a
LOAD /Library/DaisyToolchain/0.2.0/arm/bin/../lib/gcc/arm-none-eabi/10.3.1/../../../../arm-none-eabi/lib/thumb/v7e-m+dp/hard/libnosys.a
END GROUP
LOAD /Library/DaisyToolchain/0.2.0/arm/bin/../lib/gcc/arm-none-eabi/10.3.1/thumb/v7e-m+dp/hard/crtend.o
LOAD /Library/DaisyToolchain/0.2.0/arm/bin/../lib/gcc/arm-none-eabi/10.3.1/thumb/v7e-m+dp/hard/crtn.o
                0x0000000020020000                _estack = 0x20020000

.isr_vector     0x0000000008000000      0x298
                0x0000000008000000                . = ALIGN (0x4)
 *(.isr_vector)
 .isr_vector    0x0000000008000000      0x298 build/startup_stm32h750xx.o
                0x0000000008000000                g_pfnVectors
                0x0000000008000298                . = ALIGN (0x4)

.text           0x00000000080002a0    0x13f04
                0x00000000080002a0                . = ALIGN (0x4)
                0x00000000080002a0                _stext = .
 *(.text)
 .text          0x00000000080002a0       0x40 /Library/DaisyToolchain/0.2.0/arm/bin/../lib/gcc/arm-none-eabi/10.3.1/thumb/v7e-m+dp/hard/crtbegin.o
 .text          0x00000000080002e0       0xa0 /Library/DaisyToolchain/0.2.0/arm/bin/../lib/gcc/arm-none-eabi/10.3.1/../../../../arm-none-eabi/lib/thumb/v7e-m+dp/hard/libc_nano.a(lib_a-memchr.o)
                0x00000000080002e0                memchr
 .text          0x0000000008000380       0x30 /Library/DaisyToolchain/0.2.0/arm/bin/../lib/gcc/arm-none-eabi/10.3.1/thumb/v7e-m+dp/hard/libgcc.a(_aeabi_uldivmod.o)
                0x0000000008000380                __aeabi_uldivmod
 .text          0x00000000080003b0      0x2d0 /Library/DaisyToolchain/0.2.0/arm/bin/../lib/gcc/arm-none-eabi/10.3.1/thumb/v7e-m+dp/hard/libgcc.a(_udivmoddi4.o)
                0x00000000080003b0                __udivmoddi4
 .text          0x0000000008000680        0x4 /Library/DaisyToolchain/0.2.0/arm/bin/../lib/gcc/arm-none-eabi/10.3.1/thumb/v7e-m+dp/hard/libgcc.a(_dvmd_tls.o)
                0x0000000008000680                __aeabi_ldiv0
                0x0000000008000680                __aeabi_idiv0
 *(.text*)
 .text.Default_Handler
                0x0000000008000684        0x4 build/startup_stm32h750xx.o
                0x0000000008000684                SAI1_IRQHandler
                0x0000000008000684                HASH_RNG_IRQHandler
                0x0000000008000684                EXTI2_IRQHandler
                0x0000000008000684                TIM8_CC_IRQHandler
                0x0000000008000684                HRTIM1_Master_IRQHandler
                0x0000000008000684                DebugMon_Handler
                0x0000000008000684                TIM1_CC_IRQHandler
                0x0000000008000684                BDMA_Channel6_IRQHandler
                0x0000000008000684                DMA2_Stream5_IRQHandler
                0x0000000008000684                HRTIM1_FLT_IRQHandler
                0x0000000008000684                JPEG_IRQHandler
                0x0000000008000684                BDMA_Channel1_IRQHandler
                0x0000000008000684                HRTIM1_TIMD_IRQHandler
                0x0000000008000684                TAMP_STAMP_IRQHandler
                0x0000000008000684                PendSV_Handler
                0x0000000008000684                NMI_Handler
                0x0000000008000684                EXTI3_IRQHandler
                0x0000000008000684                LPTIM4_IRQHandler
                0x0000000008000684                TIM8_TRG_COM_TIM14_IRQHandler
                0x0000000008000684                LPTIM2_IRQHandler
                0x0000000008000684                DFSDM1_FLT1_IRQHandler
                0x0000000008000684                DMAMUX2_OVR_IRQHandler
                0x0000000008000684                TIM8_UP_TIM13_IRQHandler
                0x0000000008000684                I2C3_ER_IRQHandler
                0x0000000008000684                DFSDM1_FLT2_IRQHandler
                0x0000000008000684                MDMA_IRQHandler
                0x0000000008000684                LPTIM3_IRQHandler
                0x0000000008000684                HSEM1_IRQHandler
                0x0000000008000684                EXTI0_IRQHandler
                0x0000000008000684                FPU_IRQHandler
                0x0000000008000684                OTG_HS_WKUP_IRQHandler
                0x0000000008000684                FDCAN1_IT1_IRQHandler
                0x0000000008000684                UsageFault_Handler
                0x0000000008000684                LTDC_ER_IRQHandler
                0x0000000008000684                HRTIM1_TIME_IRQHandler
                0x0000000008000684                TIM6_DAC_IRQHandler
                0x0000000008000684                DCMI_IRQHandler
                0x0000000008000684                HRTIM1_TIMC_IRQHandler
                0x0000000008000684                SAI2_IRQHandler
                0x0000000008000684                DFSDM1_FLT3_IRQHandler
                0x0000000008000684                TIM17_IRQHandler
                0x0000000008000684                CRYP_IRQHandler
                0x0000000008000684                BDMA_Channel7_IRQHandler
                0x0000000008000684                LPTIM5_IRQHandler
                0x0000000008000684                ADC3_IRQHandler
                0x0000000008000684                DMA2_Stream0_IRQHandler
                0x0000000008000684                BDMA_Channel2_IRQHandler
                0x0000000008000684                DMAMUX1_OVR_IRQHandler
                0x0000000008000684                TIM16_IRQHandler
                0x0000000008000684                BDMA_Channel5_IRQHandler
                0x0000000008000684                RCC_IRQHandler
                0x0000000008000684                TIM8_BRK_TIM12_IRQHandler
                0x0000000008000684                TIM1_TRG_COM_IRQHandler
                0x0000000008000684                Default_Handler
                0x0000000008000684                ECC_IRQHandler
                0x0000000008000684                CEC_IRQHandler
                0x0000000008000684                EXTI15_10_IRQHandler
                0x0000000008000684                BDMA_Channel0_IRQHandler
                0x0000000008000684                ADC_IRQHandler
                0x0000000008000684                DMA1_Stream7_IRQHandler
                0x0000000008000684                HRTIM1_TIMA_IRQHandler
                0x0000000008000684                TIM7_IRQHandler
                0x0000000008000684                SDMMC1_IRQHandler
                0x0000000008000684                DMA2_Stream7_IRQHandler
                0x0000000008000684                TIM15_IRQHandler
                0x0000000008000684                PVD_AVD_IRQHandler
                0x0000000008000684                EXTI9_5_IRQHandler
                0x0000000008000684                RTC_WKUP_IRQHandler
                0x0000000008000684                LTDC_IRQHandler
                0x0000000008000684                SAI3_IRQHandler
                0x0000000008000684                ETH_WKUP_IRQHandler
                0x0000000008000684                SPDIF_RX_IRQHandler
                0x0000000008000684                MemManage_Handler
                0x0000000008000684                SVC_Handler
                0x0000000008000684                CRS_IRQHandler
                0x0000000008000684                EXTI4_IRQHandler
                0x0000000008000684                HRTIM1_TIMB_IRQHandler
                0x0000000008000684                FDCAN2_IT1_IRQHandler
                0x0000000008000684                ETH_IRQHandler
                0x0000000008000684                TIM1_UP_IRQHandler
                0x0000000008000684                BDMA_Channel4_IRQHandler
                0x0000000008000684                WWDG_IRQHandler
                0x0000000008000684                SPI6_IRQHandler
                0x0000000008000684                I2C4_EV_IRQHandler
                0x0000000008000684                MDIOS_IRQHandler
                0x0000000008000684                FDCAN2_IT0_IRQHandler
                0x0000000008000684                FDCAN1_IT0_IRQHandler
                0x0000000008000684                OTG_FS_WKUP_IRQHandler
                0x0000000008000684                DMA2D_IRQHandler
                0x0000000008000684                TIM1_BRK_IRQHandler
                0x0000000008000684                EXTI1_IRQHandler
                0x0000000008000684                SDMMC2_IRQHandler
                0x0000000008000684                BDMA_Channel3_IRQHandler
                0x0000000008000684                MDIOS_WKUP_IRQHandler
                0x0000000008000684                DFSDM1_FLT0_IRQHandler
                0x0000000008000684                SAI4_IRQHandler
                0x0000000008000684                I2C2_ER_IRQHandler
                0x0000000008000684                DMA2_Stream1_IRQHandler
                0x0000000008000684                FLASH_IRQHandler
                0x0000000008000684                BusFault_Handler
                0x0000000008000684                WAKEUP_PIN_IRQHandler
                0x0000000008000684                I2C1_ER_IRQHandler
                0x0000000008000684                FMC_IRQHandler
                0x0000000008000684                FDCAN_CAL_IRQHandler
                0x0000000008000684                SWPMI1_IRQHandler
                0x0000000008000684                COMP1_IRQHandler
                0x0000000008000684                LPTIM1_IRQHandler
                0x0000000008000684                I2C4_ER_IRQHandler
                0x0000000008000684                DMA2_Stream6_IRQHandler
                0x0000000008000684                RTC_Alarm_IRQHandler
 .text.Reset_Handler
                0x0000000008000688       0x44 build/startup_stm32h750xx.o
                0x0000000008000688                Reset_Handler
 .text._ZN5daisy9DaisySeedD2Ev
                0x00000000080006cc        0x4 build/WavPlayer.o
                0x00000000080006cc                daisy::DaisySeed::~DaisySeed()
                0x00000000080006cc                daisy::DaisySeed::~DaisySeed()
 .text._ZL13AudioCallbackPKPKfPPfj
                0x00000000080006d0      0x178 build/WavPlayer.o
 .text._ZN5daisy13SSD130xDriverILj128ELj64ENS_19SSD130xI2CTransportEE4InitENS2_6ConfigE
                0x0000000008000848      0x250 build/WavPlayer.o
                0x0000000008000848                daisy::SSD130xDriver<128u, 64u, daisy::SSD130xI2CTransport>::Init(daisy::SSD130xDriver<128u, 64u, daisy::SSD130xI2CTransport>::Config)
 .text._ZN5daisy13SSD130xDriverILj128ELj64ENS_19SSD130xI2CTransportEE6UpdateEv
                0x0000000008000a98       0xa8 build/WavPlayer.o
                0x0000000008000a98                daisy::SSD130xDriver<128u, 64u, daisy::SSD130xI2CTransport>::Update()
 .text.startup.main
                0x0000000008000b40      0x614 build/WavPlayer.o
                0x0000000008000b40                main
 .text.startup._GLOBAL__sub_I_main
                0x0000000008001154       0xe0 build/WavPlayer.o
 .text._ZN5daisy9DaisySeed10StartAudioEPFvPKPKfPPfjE
                0x0000000008001234        0x8 ../../libDaisy/build/libdaisy.a(daisy_seed.o)
                0x0000000008001234                daisy::DaisySeed::StartAudio(void (*)(float const* const*, float**, unsigned int))
 .text._ZN5daisy9DaisySeed15AudioSampleRateEv
                0x000000000800123c        0x8 ../../libDaisy/build/libdaisy.a(daisy_seed.o)
                0x000000000800123c                daisy::DaisySeed::AudioSampleRate()
 .text._ZN5daisy9DaisySeed17SetAudioBlockSizeEj
                0x0000000008001244       0x38 ../../libDaisy/build/libdaisy.a(daisy_seed.o)
                0x0000000008001244                daisy::DaisySeed::SetAudioBlockSize(unsigned int)
 .text._ZN5daisy9DaisySeed17CheckBoardVersionEv
                0x000000000800127c       0x6c ../../libDaisy/build/libdaisy.a(daisy_seed.o)
                0x000000000800127c                daisy::DaisySeed::CheckBoardVersion()
 .text._ZN5daisy9DaisySeed14ConfigureAudioEv
                0x00000000080012e8      0x10c ../../libDaisy/build/libdaisy.a(daisy_seed.o)
                0x00000000080012e8                daisy::DaisySeed::ConfigureAudio()
 .text._ZN5daisy9DaisySeed4InitEb
                0x00000000080013f4      0x108 ../../libDaisy/build/libdaisy.a(daisy_seed.o)
                0x00000000080013f4                daisy::DaisySeed::Init(bool)
 .text._ZN5daisy6Ak45564InitE12dsy_gpio_pin
                0x00000000080014fc       0x44 ../../libDaisy/build/libdaisy.a(codec_ak4556.o)
                0x00000000080014fc                daisy::Ak4556::Init(dsy_gpio_pin)
 .text._ZN5daisy6Wm873120WriteControlRegisterEht
                0x0000000008001540       0x3c ../../libDaisy/build/libdaisy.a(codec_wm8731.o)
                0x0000000008001540                daisy::Wm8731::WriteControlRegister(unsigned char, unsigned short)
 .text._ZN5daisy6Wm87314InitERKNS0_6ConfigENS_9I2CHandleE
                0x000000000800157c      0x1bc ../../libDaisy/build/libdaisy.a(codec_wm8731.o)
                0x000000000800157c                daisy::Wm8731::Init(daisy::Wm8731::Config const&, daisy::I2CHandle)
 .text._ZN11SdramHandle10DeviceInitEv
                0x0000000008001738       0x98 ../../libDaisy/build/libdaisy.a(sdram.o)
                0x0000000008001738                SdramHandle::DeviceInit()
 .text._ZN11SdramHandle4InitEv
                0x00000000080017d0       0x7c ../../libDaisy/build/libdaisy.a(sdram.o)
                0x00000000080017d0                SdramHandle::Init()
 .text.HAL_SDRAM_MspInit
                0x000000000800184c      0x1a8 ../../libDaisy/build/libdaisy.a(sdram.o)
                0x000000000800184c                HAL_SDRAM_MspInit
 .text._ZN5daisy11AudioHandle4Impl16InternalCallbackEPlS2_j
                0x00000000080019f4      0xbbc ../../libDaisy/build/libdaisy.a(audio.o)
                0x00000000080019f4                daisy::AudioHandle::Impl::InternalCallback(long*, long*, unsigned int)
 .text._ZN5daisy11AudioHandle4InitERKNS0_6ConfigENS_9SaiHandleE
                0x00000000080025b0       0x70 ../../libDaisy/build/libdaisy.a(audio.o)
                0x00000000080025b0                daisy::AudioHandle::Init(daisy::AudioHandle::Config const&, daisy::SaiHandle)
 .text._ZNK5daisy11AudioHandle9GetConfigEv
                0x0000000008002620        0x8 ../../libDaisy/build/libdaisy.a(audio.o)
                0x0000000008002620                daisy::AudioHandle::GetConfig() const
 .text._ZN5daisy11AudioHandle12SetBlockSizeEj
                0x0000000008002628       0x1c ../../libDaisy/build/libdaisy.a(audio.o)
                0x0000000008002628                daisy::AudioHandle::SetBlockSize(unsigned int)
 .text._ZN5daisy11AudioHandle13GetSampleRateEv
                0x0000000008002644        0x8 ../../libDaisy/build/libdaisy.a(audio.o)
                0x0000000008002644                daisy::AudioHandle::GetSampleRate()
 .text._ZN5daisy11AudioHandle5StartEPFvPKPKfPPfjE
                0x000000000800264c       0x44 ../../libDaisy/build/libdaisy.a(audio.o)
                0x000000000800264c                daisy::AudioHandle::Start(void (*)(float const* const*, float**, unsigned int))
 .text.startup._GLOBAL__sub_I__ZN5daisy11AudioHandle4Impl4InitENS0_6ConfigENS_9SaiHandleE
                0x0000000008002690       0x24 ../../libDaisy/build/libdaisy.a(audio.o)
 .text._ZN5daisy9UsbHandleD2Ev
                0x00000000080026b4        0x4 ../../libDaisy/build/libdaisy.a(logger.o)
                0x00000000080026b4                daisy::UsbHandle::~UsbHandle()
                0x00000000080026b4                daisy::UsbHandle::~UsbHandle()
 .text._ZN5daisy6LoggerILNS_17LoggerDestinationE1EE11TransmitBufEv
                0x00000000080026b8       0x60 ../../libDaisy/build/libdaisy.a(logger.o)
                0x00000000080026b8                daisy::Logger<(daisy::LoggerDestination)1>::TransmitBuf()
 .text._ZN5daisy6LoggerILNS_17LoggerDestinationE1EE13AppendNewLineEv
                0x0000000008002718       0x60 ../../libDaisy/build/libdaisy.a(logger.o)
                0x0000000008002718                daisy::Logger<(daisy::LoggerDestination)1>::AppendNewLine()
 .text._ZN5daisy6LoggerILNS_17LoggerDestinationE1EE10PrintLineVEPKcSt9__va_list
                0x0000000008002778       0x30 ../../libDaisy/build/libdaisy.a(logger.o)
                0x0000000008002778                daisy::Logger<(daisy::LoggerDestination)1>::PrintLineV(char const*, std::__va_list)
 .text._ZN5daisy6LoggerILNS_17LoggerDestinationE1EE9PrintLineEPKcz
                0x00000000080027a8       0x1c ../../libDaisy/build/libdaisy.a(logger.o)
                0x00000000080027a8                daisy::Logger<(daisy::LoggerDestination)1>::PrintLine(char const*, ...)
 .text._ZN5daisy6LoggerILNS_17LoggerDestinationE1EE8StartLogEb
                0x00000000080027c4       0x40 ../../libDaisy/build/libdaisy.a(logger.o)
                0x00000000080027c4                daisy::Logger<(daisy::LoggerDestination)1>::StartLog(bool)
 .text.startup._GLOBAL__sub_I__ZN5daisy10LoggerImplILNS_17LoggerDestinationE1EE11usb_handle_E
                0x0000000008002804       0x2c ../../libDaisy/build/libdaisy.a(logger.o)
 .text.DummyRxCallback
                0x0000000008002830        0x4 ../../libDaisy/build/libdaisy.a(usb.o)
                0x0000000008002830                DummyRxCallback
 .text._ZN5daisy9UsbHandle4InitENS0_9UsbPeriphE
                0x0000000008002834      0x10c ../../libDaisy/build/libdaisy.a(usb.o)
                0x0000000008002834                daisy::UsbHandle::Init(daisy::UsbHandle::UsbPeriph)
 .text._ZN5daisy9UsbHandle16TransmitInternalEPhj
                0x0000000008002940       0x14 ../../libDaisy/build/libdaisy.a(usb.o)
                0x0000000008002940                daisy::UsbHandle::TransmitInternal(unsigned char*, unsigned int)
 .text.OTG_FS_EP1_OUT_IRQHandler
                0x0000000008002954        0xc ../../libDaisy/build/libdaisy.a(usb.o)
                0x0000000008002954                OTG_FS_EP1_OUT_IRQHandler
 .text.OTG_FS_EP1_IN_IRQHandler
                0x0000000008002960        0xc ../../libDaisy/build/libdaisy.a(usb.o)
                0x0000000008002960                OTG_FS_EP1_IN_IRQHandler
 .text.OTG_FS_IRQHandler
                0x000000000800296c        0xc ../../libDaisy/build/libdaisy.a(usb.o)
                0x000000000800296c                OTG_FS_IRQHandler
 .text._ZN5daisy16AdcChannelConfig10InitSingleE12dsy_gpio_pinNS0_15ConversionSpeedE
                0x0000000008002978       0x28 ../../libDaisy/build/libdaisy.a(adc.o)
                0x0000000008002978                daisy::AdcChannelConfig::InitSingle(dsy_gpio_pin, daisy::AdcChannelConfig::ConversionSpeed)
 .text._ZN5daisy9AdcHandle4InitEPNS_16AdcChannelConfigEjNS0_12OverSamplingE
                0x00000000080029a0      0x41c ../../libDaisy/build/libdaisy.a(adc.o)
                0x00000000080029a0                daisy::AdcHandle::Init(daisy::AdcChannelConfig*, unsigned int, daisy::AdcHandle::OverSampling)
 .text._ZN5daisy9AdcHandle5StartEv
                0x0000000008002dbc       0x2c ../../libDaisy/build/libdaisy.a(adc.o)
                0x0000000008002dbc                daisy::AdcHandle::Start()
 .text._ZNK5daisy9AdcHandle8GetFloatEh
                0x0000000008002de8       0x20 ../../libDaisy/build/libdaisy.a(adc.o)
                0x0000000008002de8                daisy::AdcHandle::GetFloat(unsigned char) const
 .text.HAL_ADC_MspInit
                0x0000000008002e08       0x98 ../../libDaisy/build/libdaisy.a(adc.o)
                0x0000000008002e08                HAL_ADC_MspInit
 .text.DMA1_Stream2_IRQHandler
                0x0000000008002ea0        0xc ../../libDaisy/build/libdaisy.a(adc.o)
                0x0000000008002ea0                DMA1_Stream2_IRQHandler
 .text.HAL_ADC_ConvCpltCallback
                0x0000000008002eac      0x148 ../../libDaisy/build/libdaisy.a(adc.o)
                0x0000000008002eac                HAL_ADC_ConvCpltCallback
 .text.HAL_ADC_ErrorCallback
                0x0000000008002ff4        0x4 ../../libDaisy/build/libdaisy.a(adc.o)
                0x0000000008002ff4                HAL_ADC_ErrorCallback
 .text._ZN5daisy4GPIO4InitENS_3PinENS0_4ModeENS0_4PullENS0_5SpeedE
                0x0000000008002ff8      0x1cc ../../libDaisy/build/libdaisy.a(gpio.o)
                0x0000000008002ff8                daisy::GPIO::Init(daisy::Pin, daisy::GPIO::Mode, daisy::GPIO::Pull, daisy::GPIO::Speed)
 .text._ZN5daisy4GPIO4ReadEv
                0x00000000080031c4       0x18 ../../libDaisy/build/libdaisy.a(gpio.o)
                0x00000000080031c4                daisy::GPIO::Read()
 .text._ZN5daisy4GPIO5WriteEb
                0x00000000080031dc       0x14 ../../libDaisy/build/libdaisy.a(gpio.o)
                0x00000000080031dc                daisy::GPIO::Write(bool)
 .text.dsy_gpio_init
                0x00000000080031f0      0x1b8 ../../libDaisy/build/libdaisy.a(gpio.o)
                0x00000000080031f0                dsy_gpio_init
 .text.dsy_gpio_write
                0x00000000080033a8       0x24 ../../libDaisy/build/libdaisy.a(gpio.o)
                0x00000000080033a8                dsy_gpio_write
 .text._ZN5daisy9I2CHandle4Impl8InitPinsEv
                0x00000000080033cc       0x58 ../../libDaisy/build/libdaisy.a(i2c.o)
                0x00000000080033cc                daisy::I2CHandle::Impl::InitPins()
 .text.HAL_I2C_MspInit
                0x0000000008003424      0x1b4 ../../libDaisy/build/libdaisy.a(i2c.o)
                0x0000000008003424                HAL_I2C_MspInit
 .text.dsy_i2c_global_init
                0x00000000080035d8       0x78 ../../libDaisy/build/libdaisy.a(i2c.o)
                0x00000000080035d8                dsy_i2c_global_init
 .text.DMA1_Stream6_IRQHandler
                0x0000000008003650       0x34 ../../libDaisy/build/libdaisy.a(i2c.o)
                0x0000000008003650                DMA1_Stream6_IRQHandler
 .text.I2C1_EV_IRQHandler
                0x0000000008003684        0xc ../../libDaisy/build/libdaisy.a(i2c.o)
                0x0000000008003684                I2C1_EV_IRQHandler
 .text.I2C2_EV_IRQHandler
                0x0000000008003690        0xc ../../libDaisy/build/libdaisy.a(i2c.o)
                0x0000000008003690                I2C2_EV_IRQHandler
 .text.I2C3_EV_IRQHandler
                0x000000000800369c        0xc ../../libDaisy/build/libdaisy.a(i2c.o)
                0x000000000800369c                I2C3_EV_IRQHandler
 .text._ZN5daisy9I2CHandle4InitERKNS0_6ConfigE
                0x00000000080036a8      0x12c ../../libDaisy/build/libdaisy.a(i2c.o)
                0x00000000080036a8                daisy::I2CHandle::Init(daisy::I2CHandle::Config const&)
 .text._ZN5daisy9I2CHandle16TransmitBlockingEtPhtm
                0x00000000080037d4       0x50 ../../libDaisy/build/libdaisy.a(i2c.o)
                0x00000000080037d4                daisy::I2CHandle::TransmitBlocking(unsigned short, unsigned char*, unsigned short, unsigned long)
 .text.startup._GLOBAL__sub_I__ZN5daisy9I2CHandle4Impl10GlobalInitEv
                0x0000000008003824       0x18 ../../libDaisy/build/libdaisy.a(i2c.o)
 .text._ZN5daisy10QSPIHandle4Impl11WriteEnableEv
                0x000000000800383c       0x8c ../../libDaisy/build/libdaisy.a(qspi.o)
                0x000000000800383c                daisy::QSPIHandle::Impl::WriteEnable()
 .text._ZN5daisy10QSPIHandle4Impl17DummyCyclesConfigENS0_6Config6DeviceE
                0x00000000080038c8      0x118 ../../libDaisy/build/libdaisy.a(qspi.o)
                0x00000000080038c8                daisy::QSPIHandle::Impl::DummyCyclesConfig(daisy::QSPIHandle::Config::Device)
 .text._ZN5daisy10QSPIHandle4Impl10QuadEnableEv
                0x00000000080039e0      0x158 ../../libDaisy/build/libdaisy.a(qspi.o)
                0x00000000080039e0                daisy::QSPIHandle::Impl::QuadEnable()
 .text._ZN5daisy10QSPIHandle4InitERKNS0_6ConfigE
                0x0000000008003b38      0x198 ../../libDaisy/build/libdaisy.a(qspi.o)
                0x0000000008003b38                daisy::QSPIHandle::Init(daisy::QSPIHandle::Config const&)
 .text.HAL_QSPI_MspInit
                0x0000000008003cd0      0x11c ../../libDaisy/build/libdaisy.a(qspi.o)
                0x0000000008003cd0                HAL_QSPI_MspInit
 .text.HAL_QSPI_MspDeInit
                0x0000000008003dec       0x54 ../../libDaisy/build/libdaisy.a(qspi.o)
                0x0000000008003dec                HAL_QSPI_MspDeInit
 .text.QUADSPI_IRQHandler
                0x0000000008003e40        0xc ../../libDaisy/build/libdaisy.a(qspi.o)
                0x0000000008003e40                QUADSPI_IRQHandler
 .text.startup._GLOBAL__sub_I__ZN5daisy10QSPIHandle4Impl4InitERKNS0_6ConfigE
                0x0000000008003e4c       0x28 ../../libDaisy/build/libdaisy.a(qspi.o)
 .text._ZN5daisy9SaiHandle4Impl7InitDmaENS1_15PeripheralBlockE
                0x0000000008003e74       0xa0 ../../libDaisy/build/libdaisy.a(sai.o)
                0x0000000008003e74                daisy::SaiHandle::Impl::InitDma(daisy::SaiHandle::Impl::PeripheralBlock)
 .text._ZN5daisy9SaiHandle4Impl8InitPinsEv
                0x0000000008003f14       0xa8 ../../libDaisy/build/libdaisy.a(sai.o)
                0x0000000008003f14                daisy::SaiHandle::Impl::InitPins()
 .text.HAL_SAI_MspInit
                0x0000000008003fbc      0x164 ../../libDaisy/build/libdaisy.a(sai.o)
                0x0000000008003fbc                HAL_SAI_MspInit
 .text.DMA1_Stream0_IRQHandler
                0x0000000008004120        0xc ../../libDaisy/build/libdaisy.a(sai.o)
                0x0000000008004120                DMA1_Stream0_IRQHandler
 .text.DMA1_Stream1_IRQHandler
                0x000000000800412c        0xc ../../libDaisy/build/libdaisy.a(sai.o)
                0x000000000800412c                DMA1_Stream1_IRQHandler
 .text.DMA1_Stream3_IRQHandler
                0x0000000008004138        0xc ../../libDaisy/build/libdaisy.a(sai.o)
                0x0000000008004138                DMA1_Stream3_IRQHandler
 .text.DMA1_Stream4_IRQHandler
                0x0000000008004144        0xc ../../libDaisy/build/libdaisy.a(sai.o)
                0x0000000008004144                DMA1_Stream4_IRQHandler
 .text.HAL_SAI_RxHalfCpltCallback
                0x0000000008004150       0x78 ../../libDaisy/build/libdaisy.a(sai.o)
                0x0000000008004150                HAL_SAI_RxHalfCpltCallback
 .text.HAL_SAI_RxCpltCallback
                0x00000000080041c8       0x70 ../../libDaisy/build/libdaisy.a(sai.o)
                0x00000000080041c8                HAL_SAI_RxCpltCallback
 .text._ZN5daisy9SaiHandle4InitERKNS0_6ConfigE
                0x0000000008004238      0x1f0 ../../libDaisy/build/libdaisy.a(sai.o)
                0x0000000008004238                daisy::SaiHandle::Init(daisy::SaiHandle::Config const&)
 .text._ZNK5daisy9SaiHandle9GetConfigEv
                0x0000000008004428        0x4 ../../libDaisy/build/libdaisy.a(sai.o)
                0x0000000008004428                daisy::SaiHandle::GetConfig() const
 .text._ZN5daisy9SaiHandle8StartDmaEPlS1_jPFvS1_S1_jE
                0x000000000800442c       0xbc ../../libDaisy/build/libdaisy.a(sai.o)
                0x000000000800442c                daisy::SaiHandle::StartDma(long*, long*, unsigned int, void (*)(long*, long*, unsigned int))
 .text._ZN5daisy9SaiHandle13GetSampleRateEv
                0x00000000080044e8       0x24 ../../libDaisy/build/libdaisy.a(sai.o)
                0x00000000080044e8                daisy::SaiHandle::GetSampleRate()
 .text._ZNK5daisy9SaiHandle9GetOffsetEv
                0x000000000800450c        0x8 ../../libDaisy/build/libdaisy.a(sai.o)
                0x000000000800450c                daisy::SaiHandle::GetOffset() const
 .text._ZN5daisy11TimerHandleD2Ev
                0x0000000008004514        0x4 ../../libDaisy/build/libdaisy.a(system.o)
                0x0000000008004514                daisy::TimerHandle::~TimerHandle()
                0x0000000008004514                daisy::TimerHandle::~TimerHandle()
 .text.SysTick_Handler
                0x0000000008004518       0x10 ../../libDaisy/build/libdaisy.a(system.o)
                0x0000000008004518                SysTick_Handler
 .text.OTG_HS_EP1_OUT_IRQHandler
                0x0000000008004528       0x24 ../../libDaisy/build/libdaisy.a(system.o)
                0x0000000008004528                OTG_HS_EP1_OUT_IRQHandler
 .text.OTG_HS_EP1_IN_IRQHandler
                0x000000000800454c       0x24 ../../libDaisy/build/libdaisy.a(system.o)
                0x000000000800454c                OTG_HS_EP1_IN_IRQHandler
 .text.OTG_HS_IRQHandler
                0x0000000008004570       0x24 ../../libDaisy/build/libdaisy.a(system.o)
                0x0000000008004570                OTG_HS_IRQHandler
 .text.HardFault_Handler
                0x0000000008004594       0xe0 ../../libDaisy/build/libdaisy.a(system.o)
                0x0000000008004594                HardFault_Handler
 .text._ZN5daisy6System5DelayEm
                0x0000000008004674        0x4 ../../libDaisy/build/libdaisy.a(system.o)
                0x0000000008004674                daisy::System::Delay(unsigned long)
 .text._ZN5daisy6System7DelayUsEm
                0x0000000008004678        0xc ../../libDaisy/build/libdaisy.a(system.o)
                0x0000000008004678                daisy::System::DelayUs(unsigned long)
 .text._ZN5daisy6System20GetBootloaderVersionEv
                0x0000000008004684       0x34 ../../libDaisy/build/libdaisy.a(system.o)
                0x0000000008004684                daisy::System::GetBootloaderVersion()
 .text._ZN5daisy6System15ConfigureClocksEv
                0x00000000080046b8      0x194 ../../libDaisy/build/libdaisy.a(system.o)
                0x00000000080046b8                daisy::System::ConfigureClocks()
 .text._ZN5daisy6System12ConfigureMpuEv
                0x000000000800484c       0x7c ../../libDaisy/build/libdaisy.a(system.o)
                0x000000000800484c                daisy::System::ConfigureMpu()
 .text._ZN5daisy6System4InitERKNS0_6ConfigE
                0x00000000080048c8       0xec ../../libDaisy/build/libdaisy.a(system.o)
                0x00000000080048c8                daisy::System::Init(daisy::System::Config const&)
 .text._ZN5daisy6System12GetPClk1FreqEv
                0x00000000080049b4        0x4 ../../libDaisy/build/libdaisy.a(system.o)
                0x00000000080049b4                daisy::System::GetPClk1Freq()
 .text._ZN5daisy6System22GetProgramMemoryRegionEv
                0x00000000080049b8       0x78 ../../libDaisy/build/libdaisy.a(system.o)
                0x00000000080049b8                daisy::System::GetProgramMemoryRegion()
 .text.startup._GLOBAL__sub_I__ZN5daisy9boot_infoE
                0x0000000008004a30       0x1c ../../libDaisy/build/libdaisy.a(system.o)
 .text.SystemInit
                0x0000000008004a4c       0x9c ../../libDaisy/build/libdaisy.a(system_stm32h7xx.o)
                0x0000000008004a4c                SystemInit
 .text.dummy_rx_callback
                0x0000000008004ae8        0x4 ../../libDaisy/build/libdaisy.a(usbd_cdc_if.o)
                0x0000000008004ae8                dummy_rx_callback
 .text.CDC_DeInit_FS
                0x0000000008004aec        0x4 ../../libDaisy/build/libdaisy.a(usbd_cdc_if.o)
 .text.CDC_Receive_FS
                0x0000000008004af0       0x2c ../../libDaisy/build/libdaisy.a(usbd_cdc_if.o)
 .text.CDC_Receive_HS
                0x0000000008004b1c       0x2c ../../libDaisy/build/libdaisy.a(usbd_cdc_if.o)
 .text.CDC_Init_FS
                0x0000000008004b48       0x3c ../../libDaisy/build/libdaisy.a(usbd_cdc_if.o)
 .text.CDC_Init_HS
                0x0000000008004b84       0x3c ../../libDaisy/build/libdaisy.a(usbd_cdc_if.o)
 .text.CDC_Control_FS
                0x0000000008004bc0       0x34 ../../libDaisy/build/libdaisy.a(usbd_cdc_if.o)
 .text.CDC_Control_HS
                0x0000000008004bf4       0x34 ../../libDaisy/build/libdaisy.a(usbd_cdc_if.o)
 .text.CDC_DeInit_HS
                0x0000000008004c28        0x4 ../../libDaisy/build/libdaisy.a(usbd_cdc_if.o)
 .text.CDC_Transmit_FS
                0x0000000008004c2c       0x2c ../../libDaisy/build/libdaisy.a(usbd_cdc_if.o)
                0x0000000008004c2c                CDC_Transmit_FS
 .text.HAL_PCD_MspInit
                0x0000000008004c58      0x144 ../../libDaisy/build/libdaisy.a(usbd_conf.o)
                0x0000000008004c58                HAL_PCD_MspInit
 .text.HAL_PCD_SetupStageCallback
                0x0000000008004d9c        0xc ../../libDaisy/build/libdaisy.a(usbd_conf.o)
                0x0000000008004d9c                HAL_PCD_SetupStageCallback
 .text.HAL_PCD_DataOutStageCallback
                0x0000000008004da8       0x14 ../../libDaisy/build/libdaisy.a(usbd_conf.o)
                0x0000000008004da8                HAL_PCD_DataOutStageCallback
 .text.HAL_PCD_DataInStageCallback
                0x0000000008004dbc       0x14 ../../libDaisy/build/libdaisy.a(usbd_conf.o)
                0x0000000008004dbc                HAL_PCD_DataInStageCallback
 .text.HAL_PCD_SOFCallback
                0x0000000008004dd0        0x8 ../../libDaisy/build/libdaisy.a(usbd_conf.o)
                0x0000000008004dd0                HAL_PCD_SOFCallback
 .text.HAL_PCD_ResetCallback
                0x0000000008004dd8       0x24 ../../libDaisy/build/libdaisy.a(usbd_conf.o)
                0x0000000008004dd8                HAL_PCD_ResetCallback
 .text.HAL_PCD_SuspendCallback
                0x0000000008004dfc       0x30 ../../libDaisy/build/libdaisy.a(usbd_conf.o)
                0x0000000008004dfc                HAL_PCD_SuspendCallback
 .text.HAL_PCD_ResumeCallback
                0x0000000008004e2c        0x8 ../../libDaisy/build/libdaisy.a(usbd_conf.o)
                0x0000000008004e2c                HAL_PCD_ResumeCallback
 .text.HAL_PCD_ISOOUTIncompleteCallback
                0x0000000008004e34        0x8 ../../libDaisy/build/libdaisy.a(usbd_conf.o)
                0x0000000008004e34                HAL_PCD_ISOOUTIncompleteCallback
 .text.HAL_PCD_ISOINIncompleteCallback
                0x0000000008004e3c        0x8 ../../libDaisy/build/libdaisy.a(usbd_conf.o)
                0x0000000008004e3c                HAL_PCD_ISOINIncompleteCallback
 .text.HAL_PCD_ConnectCallback
                0x0000000008004e44        0x8 ../../libDaisy/build/libdaisy.a(usbd_conf.o)
                0x0000000008004e44                HAL_PCD_ConnectCallback
 .text.HAL_PCD_DisconnectCallback
                0x0000000008004e4c        0x8 ../../libDaisy/build/libdaisy.a(usbd_conf.o)
                0x0000000008004e4c                HAL_PCD_DisconnectCallback
 .text.USBD_LL_Init
                0x0000000008004e54       0xe4 ../../libDaisy/build/libdaisy.a(usbd_conf.o)
                0x0000000008004e54                USBD_LL_Init
 .text.USBD_LL_Start
                0x0000000008004f38       0x1c ../../libDaisy/build/libdaisy.a(usbd_conf.o)
                0x0000000008004f38                USBD_LL_Start
 .text.USBD_LL_OpenEP
                0x0000000008004f54       0x24 ../../libDaisy/build/libdaisy.a(usbd_conf.o)
                0x0000000008004f54                USBD_LL_OpenEP
 .text.USBD_LL_CloseEP
                0x0000000008004f78       0x1c ../../libDaisy/build/libdaisy.a(usbd_conf.o)
                0x0000000008004f78                USBD_LL_CloseEP
 .text.USBD_LL_StallEP
                0x0000000008004f94       0x1c ../../libDaisy/build/libdaisy.a(usbd_conf.o)
                0x0000000008004f94                USBD_LL_StallEP
 .text.USBD_LL_ClearStallEP
                0x0000000008004fb0       0x1c ../../libDaisy/build/libdaisy.a(usbd_conf.o)
                0x0000000008004fb0                USBD_LL_ClearStallEP
 .text.USBD_LL_IsStallEP
                0x0000000008004fcc       0x28 ../../libDaisy/build/libdaisy.a(usbd_conf.o)
                0x0000000008004fcc                USBD_LL_IsStallEP
 .text.USBD_LL_SetUSBAddress
                0x0000000008004ff4       0x1c ../../libDaisy/build/libdaisy.a(usbd_conf.o)
                0x0000000008004ff4                USBD_LL_SetUSBAddress
 .text.USBD_LL_Transmit
                0x0000000008005010       0x1c ../../libDaisy/build/libdaisy.a(usbd_conf.o)
                0x0000000008005010                USBD_LL_Transmit
 .text.USBD_LL_PrepareReceive
                0x000000000800502c       0x1c ../../libDaisy/build/libdaisy.a(usbd_conf.o)
                0x000000000800502c                USBD_LL_PrepareReceive
 .text.USBD_LL_GetRxDataSize
                0x0000000008005048        0x8 ../../libDaisy/build/libdaisy.a(usbd_conf.o)
                0x0000000008005048                USBD_LL_GetRxDataSize
 .text.USBD_HS_DeviceDescriptor
                0x0000000008005050        0xc ../../libDaisy/build/libdaisy.a(usbd_desc.o)
                0x0000000008005050                USBD_HS_DeviceDescriptor
 .text.USBD_FS_DeviceDescriptor
                0x000000000800505c        0xc ../../libDaisy/build/libdaisy.a(usbd_desc.o)
                0x000000000800505c                USBD_FS_DeviceDescriptor
 .text.USBD_FS_LangIDStrDescriptor
                0x0000000008005068        0xc ../../libDaisy/build/libdaisy.a(usbd_desc.o)
                0x0000000008005068                USBD_FS_LangIDStrDescriptor
 .text.USBD_FS_ManufacturerStrDescriptor
                0x0000000008005074       0x1c ../../libDaisy/build/libdaisy.a(usbd_desc.o)
                0x0000000008005074                USBD_FS_ManufacturerStrDescriptor
 .text.USBD_HS_ProductStrDescriptor
                0x0000000008005090       0x1c ../../libDaisy/build/libdaisy.a(usbd_desc.o)
                0x0000000008005090                USBD_HS_ProductStrDescriptor
 .text.USBD_FS_ConfigStrDescriptor
                0x00000000080050ac       0x1c ../../libDaisy/build/libdaisy.a(usbd_desc.o)
                0x00000000080050ac                USBD_FS_ConfigStrDescriptor
 .text.USBD_FS_InterfaceStrDescriptor
                0x00000000080050c8       0x1c ../../libDaisy/build/libdaisy.a(usbd_desc.o)
                0x00000000080050c8                USBD_FS_InterfaceStrDescriptor
 .text.USBD_FS_ProductStrDescriptor
                0x00000000080050e4       0x1c ../../libDaisy/build/libdaisy.a(usbd_desc.o)
                0x00000000080050e4                USBD_FS_ProductStrDescriptor
 .text.USBD_HS_LangIDStrDescriptor
                0x0000000008005100        0xc ../../libDaisy/build/libdaisy.a(usbd_desc.o)
                0x0000000008005100                USBD_HS_LangIDStrDescriptor
 .text.USBD_HS_ManufacturerStrDescriptor
                0x000000000800510c       0x1c ../../libDaisy/build/libdaisy.a(usbd_desc.o)
                0x000000000800510c                USBD_HS_ManufacturerStrDescriptor
 .text.USBD_FS_SerialStrDescriptor
                0x0000000008005128      0x124 ../../libDaisy/build/libdaisy.a(usbd_desc.o)
                0x0000000008005128                USBD_FS_SerialStrDescriptor
 .text.USBD_HS_SerialStrDescriptor
                0x000000000800524c      0x124 ../../libDaisy/build/libdaisy.a(usbd_desc.o)
                0x000000000800524c                USBD_HS_SerialStrDescriptor
 .text.USBD_HS_InterfaceStrDescriptor
                0x0000000008005370       0x1c ../../libDaisy/build/libdaisy.a(usbd_desc.o)
                0x0000000008005370                USBD_HS_InterfaceStrDescriptor
 .text.USBD_HS_ConfigStrDescriptor
                0x000000000800538c       0x1c ../../libDaisy/build/libdaisy.a(usbd_desc.o)
                0x000000000800538c                USBD_HS_ConfigStrDescriptor
 .text.HAL_HCD_SOF_Callback
                0x00000000080053a8        0x8 ../../libDaisy/build/libdaisy.a(usbh_conf.o)
                0x00000000080053a8                HAL_HCD_SOF_Callback
 .text.HAL_HCD_Connect_Callback
                0x00000000080053b0        0x8 ../../libDaisy/build/libdaisy.a(usbh_conf.o)
                0x00000000080053b0                HAL_HCD_Connect_Callback
 .text.HAL_HCD_Disconnect_Callback
                0x00000000080053b8        0x8 ../../libDaisy/build/libdaisy.a(usbh_conf.o)
                0x00000000080053b8                HAL_HCD_Disconnect_Callback
 .text.HAL_HCD_HC_NotifyURBChange_Callback
                0x00000000080053c0        0x4 ../../libDaisy/build/libdaisy.a(usbh_conf.o)
                0x00000000080053c0                HAL_HCD_HC_NotifyURBChange_Callback
 .text.HAL_HCD_PortEnabled_Callback
                0x00000000080053c4        0x8 ../../libDaisy/build/libdaisy.a(usbh_conf.o)
                0x00000000080053c4                HAL_HCD_PortEnabled_Callback
 .text.HAL_HCD_PortDisabled_Callback
                0x00000000080053cc        0x8 ../../libDaisy/build/libdaisy.a(usbh_conf.o)
                0x00000000080053cc                HAL_HCD_PortDisabled_Callback
 .text.USBH_LL_Stop
                0x00000000080053d4       0x1c ../../libDaisy/build/libdaisy.a(usbh_conf.o)
                0x00000000080053d4                USBH_LL_Stop
 .text.dsy_hal_map_get_port
                0x00000000080053f0       0x10 ../../libDaisy/build/libdaisy.a(hal_map.o)
                0x00000000080053f0                dsy_hal_map_get_port
 .text.dsy_hal_map_get_pin
                0x0000000008005400       0x10 ../../libDaisy/build/libdaisy.a(hal_map.o)
                0x0000000008005400                dsy_hal_map_get_pin
 .text.dsy_hal_map_gpio_clk_enable
                0x0000000008005410      0x150 ../../libDaisy/build/libdaisy.a(hal_map.o)
                0x0000000008005410                dsy_hal_map_gpio_clk_enable
 .text.HAL_MspInit
                0x0000000008005560        0x4 ../../libDaisy/build/libdaisy.a(stm32h7xx_hal.o)
                0x0000000008005560                HAL_MspInit
 .text.HAL_InitTick
                0x0000000008005564       0x4c ../../libDaisy/build/libdaisy.a(stm32h7xx_hal.o)
                0x0000000008005564                HAL_InitTick
 .text.HAL_Init
                0x00000000080055b0       0x60 ../../libDaisy/build/libdaisy.a(stm32h7xx_hal.o)
                0x00000000080055b0                HAL_Init
 .text.HAL_IncTick
                0x0000000008005610       0x18 ../../libDaisy/build/libdaisy.a(stm32h7xx_hal.o)
                0x0000000008005610                HAL_IncTick
 .text.HAL_GetTick
                0x0000000008005628        0xc ../../libDaisy/build/libdaisy.a(stm32h7xx_hal.o)
                0x0000000008005628                HAL_GetTick
 .text.HAL_Delay
                0x0000000008005634       0x24 ../../libDaisy/build/libdaisy.a(stm32h7xx_hal.o)
                0x0000000008005634                HAL_Delay
 .text.HAL_GetREVID
                0x0000000008005658        0xc ../../libDaisy/build/libdaisy.a(stm32h7xx_hal.o)
                0x0000000008005658                HAL_GetREVID
 .text.HAL_ADC_ConvHalfCpltCallback
                0x0000000008005664        0x4 ../../libDaisy/build/libdaisy.a(stm32h7xx_hal_adc.o)
                0x0000000008005664                HAL_ADC_ConvHalfCpltCallback
 .text.ADC_DMAHalfConvCplt
                0x0000000008005668        0xc ../../libDaisy/build/libdaisy.a(stm32h7xx_hal_adc.o)
                0x0000000008005668                ADC_DMAHalfConvCplt
 .text.ADC_DMAConvCplt
                0x0000000008005674       0x6c ../../libDaisy/build/libdaisy.a(stm32h7xx_hal_adc.o)
                0x0000000008005674                ADC_DMAConvCplt
 .text.ADC_DMAError
                0x00000000080056e0       0x1c ../../libDaisy/build/libdaisy.a(stm32h7xx_hal_adc.o)
                0x00000000080056e0                ADC_DMAError
 .text.HAL_ADC_ConfigChannel
                0x00000000080056fc      0x3fc ../../libDaisy/build/libdaisy.a(stm32h7xx_hal_adc.o)
                0x00000000080056fc                HAL_ADC_ConfigChannel
 .text.ADC_Enable
                0x0000000008005af8       0xac ../../libDaisy/build/libdaisy.a(stm32h7xx_hal_adc.o)
                0x0000000008005af8                ADC_Enable
 .text.HAL_ADC_Start_DMA
                0x0000000008005ba4      0x114 ../../libDaisy/build/libdaisy.a(stm32h7xx_hal_adc.o)
                0x0000000008005ba4                HAL_ADC_Start_DMA
 .text.ADC_Disable
                0x0000000008005cb8       0x68 ../../libDaisy/build/libdaisy.a(stm32h7xx_hal_adc.o)
                0x0000000008005cb8                ADC_Disable
 .text.ADC_ConfigureBoostMode
                0x0000000008005d20      0x184 ../../libDaisy/build/libdaisy.a(stm32h7xx_hal_adc.o)
                0x0000000008005d20                ADC_ConfigureBoostMode
 .text.HAL_ADC_Init
                0x0000000008005ea4      0x218 ../../libDaisy/build/libdaisy.a(stm32h7xx_hal_adc.o)
                0x0000000008005ea4                HAL_ADC_Init
 .text.HAL_ADCEx_Calibration_Start
                0x00000000080060bc       0xa4 ../../libDaisy/build/libdaisy.a(stm32h7xx_hal_adc_ex.o)
                0x00000000080060bc                HAL_ADCEx_Calibration_Start
 .text.HAL_ADCEx_MultiModeConfigChannel
                0x0000000008006160       0xc4 ../../libDaisy/build/libdaisy.a(stm32h7xx_hal_adc_ex.o)
                0x0000000008006160                HAL_ADCEx_MultiModeConfigChannel
 .text.HAL_NVIC_SetPriorityGrouping
                0x0000000008006224       0x24 ../../libDaisy/build/libdaisy.a(stm32h7xx_hal_cortex.o)
                0x0000000008006224                HAL_NVIC_SetPriorityGrouping
 .text.HAL_NVIC_SetPriority
                0x0000000008006248       0x7c ../../libDaisy/build/libdaisy.a(stm32h7xx_hal_cortex.o)
                0x0000000008006248                HAL_NVIC_SetPriority
 .text.HAL_NVIC_EnableIRQ
                0x00000000080062c4       0x1c ../../libDaisy/build/libdaisy.a(stm32h7xx_hal_cortex.o)
                0x00000000080062c4                HAL_NVIC_EnableIRQ
 .text.HAL_NVIC_DisableIRQ
                0x00000000080062e0       0x28 ../../libDaisy/build/libdaisy.a(stm32h7xx_hal_cortex.o)
                0x00000000080062e0                HAL_NVIC_DisableIRQ
 .text.HAL_SYSTICK_Config
                0x0000000008006308       0x2c ../../libDaisy/build/libdaisy.a(stm32h7xx_hal_cortex.o)
                0x0000000008006308                HAL_SYSTICK_Config
 .text.HAL_MPU_Disable
                0x0000000008006334       0x1c ../../libDaisy/build/libdaisy.a(stm32h7xx_hal_cortex.o)
                0x0000000008006334                HAL_MPU_Disable
 .text.HAL_MPU_Enable
                0x0000000008006350       0x20 ../../libDaisy/build/libdaisy.a(stm32h7xx_hal_cortex.o)
                0x0000000008006350                HAL_MPU_Enable
 .text.HAL_MPU_ConfigRegion
                0x0000000008006370       0x64 ../../libDaisy/build/libdaisy.a(stm32h7xx_hal_cortex.o)
                0x0000000008006370                HAL_MPU_ConfigRegion
 .text.HAL_SYSTICK_Callback
                0x00000000080063d4        0x4 ../../libDaisy/build/libdaisy.a(stm32h7xx_hal_cortex.o)
                0x00000000080063d4                HAL_SYSTICK_Callback
 .text.HAL_SYSTICK_IRQHandler
                0x00000000080063d8        0x8 ../../libDaisy/build/libdaisy.a(stm32h7xx_hal_cortex.o)
                0x00000000080063d8                HAL_SYSTICK_IRQHandler
 .text.DMA_CalcBaseAndBitshift
                0x00000000080063e0       0xf4 ../../libDaisy/build/libdaisy.a(stm32h7xx_hal_dma.o)
 .text.DMA_CalcDMAMUXChannelBaseAndMask
                0x00000000080064d4       0xd8 ../../libDaisy/build/libdaisy.a(stm32h7xx_hal_dma.o)
 .text.HAL_DMA_Init
                0x00000000080065ac      0x37c ../../libDaisy/build/libdaisy.a(stm32h7xx_hal_dma.o)
                0x00000000080065ac                HAL_DMA_Init
 .text.HAL_DMA_Start_IT
                0x0000000008006928      0x240 ../../libDaisy/build/libdaisy.a(stm32h7xx_hal_dma.o)
                0x0000000008006928                HAL_DMA_Start_IT
 .text.HAL_DMA_Abort_IT
                0x0000000008006b68      0x134 ../../libDaisy/build/libdaisy.a(stm32h7xx_hal_dma.o)
                0x0000000008006b68                HAL_DMA_Abort_IT
 .text.HAL_DMA_IRQHandler
                0x0000000008006c9c      0x6a0 ../../libDaisy/build/libdaisy.a(stm32h7xx_hal_dma.o)
                0x0000000008006c9c                HAL_DMA_IRQHandler
 .text.HAL_DMA_GetError
                0x000000000800733c        0x4 ../../libDaisy/build/libdaisy.a(stm32h7xx_hal_dma.o)
                0x000000000800733c                HAL_DMA_GetError
 .text.HAL_GPIO_Init
                0x0000000008007340      0x280 ../../libDaisy/build/libdaisy.a(stm32h7xx_hal_gpio.o)
                0x0000000008007340                HAL_GPIO_Init
 .text.HAL_GPIO_DeInit
                0x00000000080075c0      0x190 ../../libDaisy/build/libdaisy.a(stm32h7xx_hal_gpio.o)
                0x00000000080075c0                HAL_GPIO_DeInit
 .text.HAL_GPIO_ReadPin
                0x0000000008007750        0xc ../../libDaisy/build/libdaisy.a(stm32h7xx_hal_gpio.o)
                0x0000000008007750                HAL_GPIO_ReadPin
 .text.HAL_GPIO_WritePin
                0x000000000800775c        0x8 ../../libDaisy/build/libdaisy.a(stm32h7xx_hal_gpio.o)
                0x000000000800775c                HAL_GPIO_WritePin
 .text.HAL_HCD_IRQHandler
                0x0000000008007764      0x780 ../../libDaisy/build/libdaisy.a(stm32h7xx_hal_hcd.o)
                0x0000000008007764                HAL_HCD_IRQHandler
 .text.HAL_HCD_Stop
                0x0000000008007ee4       0x28 ../../libDaisy/build/libdaisy.a(stm32h7xx_hal_hcd.o)
                0x0000000008007ee4                HAL_HCD_Stop
 .text.I2C_WaitOnTXISFlagUntilTimeout
                0x0000000008007f0c       0xb8 ../../libDaisy/build/libdaisy.a(stm32h7xx_hal_i2c.o)
 .text.I2C_WaitOnSTOPFlagUntilTimeout
                0x0000000008007fc4       0xac ../../libDaisy/build/libdaisy.a(stm32h7xx_hal_i2c.o)
 .text.HAL_I2C_Init
                0x0000000008008070       0xac ../../libDaisy/build/libdaisy.a(stm32h7xx_hal_i2c.o)
                0x0000000008008070                HAL_I2C_Init
 .text.HAL_I2C_Master_Transmit
                0x000000000800811c      0x1a8 ../../libDaisy/build/libdaisy.a(stm32h7xx_hal_i2c.o)
                0x000000000800811c                HAL_I2C_Master_Transmit
 .text.HAL_I2C_Slave_Transmit
                0x00000000080082c4      0x1c8 ../../libDaisy/build/libdaisy.a(stm32h7xx_hal_i2c.o)
                0x00000000080082c4                HAL_I2C_Slave_Transmit
 .text.HAL_I2C_EV_IRQHandler
                0x000000000800848c       0x10 ../../libDaisy/build/libdaisy.a(stm32h7xx_hal_i2c.o)
                0x000000000800848c                HAL_I2C_EV_IRQHandler
 .text.HAL_I2C_GetState
                0x000000000800849c        0x8 ../../libDaisy/build/libdaisy.a(stm32h7xx_hal_i2c.o)
                0x000000000800849c                HAL_I2C_GetState
 .text.HAL_I2CEx_ConfigAnalogFilter
                0x00000000080084a4       0x54 ../../libDaisy/build/libdaisy.a(stm32h7xx_hal_i2c_ex.o)
                0x00000000080084a4                HAL_I2CEx_ConfigAnalogFilter
 .text.HAL_I2CEx_ConfigDigitalFilter
                0x00000000080084f8       0x58 ../../libDaisy/build/libdaisy.a(stm32h7xx_hal_i2c_ex.o)
                0x00000000080084f8                HAL_I2CEx_ConfigDigitalFilter
 .text.HAL_PCD_Init
                0x0000000008008550      0x12c ../../libDaisy/build/libdaisy.a(stm32h7xx_hal_pcd.o)
                0x0000000008008550                HAL_PCD_Init
 .text.HAL_PCD_Start
                0x000000000800867c       0x44 ../../libDaisy/build/libdaisy.a(stm32h7xx_hal_pcd.o)
                0x000000000800867c                HAL_PCD_Start
 .text.HAL_PCD_IRQHandler
                0x00000000080086c0      0x69c ../../libDaisy/build/libdaisy.a(stm32h7xx_hal_pcd.o)
                0x00000000080086c0                HAL_PCD_IRQHandler
 .text.HAL_PCD_SetAddress
                0x0000000008008d5c       0x2c ../../libDaisy/build/libdaisy.a(stm32h7xx_hal_pcd.o)
                0x0000000008008d5c                HAL_PCD_SetAddress
 .text.HAL_PCD_EP_Open
                0x0000000008008d88       0x7c ../../libDaisy/build/libdaisy.a(stm32h7xx_hal_pcd.o)
                0x0000000008008d88                HAL_PCD_EP_Open
 .text.HAL_PCD_EP_Close
                0x0000000008008e04       0x6c ../../libDaisy/build/libdaisy.a(stm32h7xx_hal_pcd.o)
                0x0000000008008e04                HAL_PCD_EP_Close
 .text.HAL_PCD_EP_Receive
                0x0000000008008e70       0x50 ../../libDaisy/build/libdaisy.a(stm32h7xx_hal_pcd.o)
                0x0000000008008e70                HAL_PCD_EP_Receive
 .text.HAL_PCD_EP_GetRxCount
                0x0000000008008ec0       0x14 ../../libDaisy/build/libdaisy.a(stm32h7xx_hal_pcd.o)
                0x0000000008008ec0                HAL_PCD_EP_GetRxCount
 .text.HAL_PCD_EP_Transmit
                0x0000000008008ed4       0x50 ../../libDaisy/build/libdaisy.a(stm32h7xx_hal_pcd.o)
                0x0000000008008ed4                HAL_PCD_EP_Transmit
 .text.HAL_PCD_EP_SetStall
                0x0000000008008f24       0x88 ../../libDaisy/build/libdaisy.a(stm32h7xx_hal_pcd.o)
                0x0000000008008f24                HAL_PCD_EP_SetStall
 .text.HAL_PCD_EP_ClrStall
                0x0000000008008fac       0x78 ../../libDaisy/build/libdaisy.a(stm32h7xx_hal_pcd.o)
                0x0000000008008fac                HAL_PCD_EP_ClrStall
 .text.HAL_PCDEx_SetTxFiFo
                0x0000000008009024       0x54 ../../libDaisy/build/libdaisy.a(stm32h7xx_hal_pcd_ex.o)
                0x0000000008009024                HAL_PCDEx_SetTxFiFo
 .text.HAL_PCDEx_SetRxFiFo
                0x0000000008009078        0xc ../../libDaisy/build/libdaisy.a(stm32h7xx_hal_pcd_ex.o)
                0x0000000008009078                HAL_PCDEx_SetRxFiFo
 .text.HAL_PCDEx_ActivateLPM
                0x0000000008009084       0x30 ../../libDaisy/build/libdaisy.a(stm32h7xx_hal_pcd_ex.o)
                0x0000000008009084                HAL_PCDEx_ActivateLPM
 .text.HAL_PCDEx_LPM_Callback
                0x00000000080090b4        0x4 ../../libDaisy/build/libdaisy.a(stm32h7xx_hal_pcd_ex.o)
                0x00000000080090b4                HAL_PCDEx_LPM_Callback
 .text.HAL_PWREx_ConfigSupply
                0x00000000080090b8       0x4c ../../libDaisy/build/libdaisy.a(stm32h7xx_hal_pwr_ex.o)
                0x00000000080090b8                HAL_PWREx_ConfigSupply
 .text.HAL_PWREx_EnableUSBVoltageDetector
                0x0000000008009104       0x10 ../../libDaisy/build/libdaisy.a(stm32h7xx_hal_pwr_ex.o)
                0x0000000008009104                HAL_PWREx_EnableUSBVoltageDetector
 .text.QSPI_Config
                0x0000000008009114      0x174 ../../libDaisy/build/libdaisy.a(stm32h7xx_hal_qspi.o)
 .text.HAL_QSPI_Init
                0x0000000008009288       0xd8 ../../libDaisy/build/libdaisy.a(stm32h7xx_hal_qspi.o)
                0x0000000008009288                HAL_QSPI_Init
 .text.HAL_QSPI_DeInit
                0x0000000008009360       0x3c ../../libDaisy/build/libdaisy.a(stm32h7xx_hal_qspi.o)
                0x0000000008009360                HAL_QSPI_DeInit
 .text.HAL_QSPI_Command
                0x000000000800939c       0xd4 ../../libDaisy/build/libdaisy.a(stm32h7xx_hal_qspi.o)
                0x000000000800939c                HAL_QSPI_Command
 .text.HAL_QSPI_Transmit
                0x0000000008009470       0xfc ../../libDaisy/build/libdaisy.a(stm32h7xx_hal_qspi.o)
                0x0000000008009470                HAL_QSPI_Transmit
 .text.HAL_QSPI_Receive
                0x000000000800956c      0x108 ../../libDaisy/build/libdaisy.a(stm32h7xx_hal_qspi.o)
                0x000000000800956c                HAL_QSPI_Receive
 .text.HAL_QSPI_AutoPolling
                0x0000000008009674       0xf0 ../../libDaisy/build/libdaisy.a(stm32h7xx_hal_qspi.o)
                0x0000000008009674                HAL_QSPI_AutoPolling
 .text.HAL_QSPI_MemoryMapped
                0x0000000008009764       0xc0 ../../libDaisy/build/libdaisy.a(stm32h7xx_hal_qspi.o)
                0x0000000008009764                HAL_QSPI_MemoryMapped
 .text.HAL_QSPI_ErrorCallback
                0x0000000008009824        0x4 ../../libDaisy/build/libdaisy.a(stm32h7xx_hal_qspi.o)
                0x0000000008009824                HAL_QSPI_ErrorCallback
 .text.QSPI_DMAAbortCplt
                0x0000000008009828       0x38 ../../libDaisy/build/libdaisy.a(stm32h7xx_hal_qspi.o)
 .text.HAL_QSPI_AbortCpltCallback
                0x0000000008009860        0x4 ../../libDaisy/build/libdaisy.a(stm32h7xx_hal_qspi.o)
                0x0000000008009860                HAL_QSPI_AbortCpltCallback
 .text.HAL_QSPI_CmdCpltCallback
                0x0000000008009864        0x4 ../../libDaisy/build/libdaisy.a(stm32h7xx_hal_qspi.o)
                0x0000000008009864                HAL_QSPI_CmdCpltCallback
 .text.HAL_QSPI_RxCpltCallback
                0x0000000008009868        0x4 ../../libDaisy/build/libdaisy.a(stm32h7xx_hal_qspi.o)
                0x0000000008009868                HAL_QSPI_RxCpltCallback
 .text.HAL_QSPI_TxCpltCallback
                0x000000000800986c        0x4 ../../libDaisy/build/libdaisy.a(stm32h7xx_hal_qspi.o)
                0x000000000800986c                HAL_QSPI_TxCpltCallback
 .text.HAL_QSPI_FifoThresholdCallback
                0x0000000008009870        0x4 ../../libDaisy/build/libdaisy.a(stm32h7xx_hal_qspi.o)
                0x0000000008009870                HAL_QSPI_FifoThresholdCallback
 .text.HAL_QSPI_StatusMatchCallback
                0x0000000008009874        0x4 ../../libDaisy/build/libdaisy.a(stm32h7xx_hal_qspi.o)
                0x0000000008009874                HAL_QSPI_StatusMatchCallback
 .text.HAL_QSPI_TimeOutCallback
                0x0000000008009878        0x4 ../../libDaisy/build/libdaisy.a(stm32h7xx_hal_qspi.o)
                0x0000000008009878                HAL_QSPI_TimeOutCallback
 .text.HAL_QSPI_IRQHandler
                0x000000000800987c      0x210 ../../libDaisy/build/libdaisy.a(stm32h7xx_hal_qspi.o)
                0x000000000800987c                HAL_QSPI_IRQHandler
 .text.HAL_RCC_OscConfig
                0x0000000008009a8c      0x51c ../../libDaisy/build/libdaisy.a(stm32h7xx_hal_rcc.o)
                0x0000000008009a8c                HAL_RCC_OscConfig
 .text.HAL_RCC_GetSysClockFreq
                0x0000000008009fa8      0x140 ../../libDaisy/build/libdaisy.a(stm32h7xx_hal_rcc.o)
                0x0000000008009fa8                HAL_RCC_GetSysClockFreq
 .text.HAL_RCC_ClockConfig
                0x000000000800a0e8      0x234 ../../libDaisy/build/libdaisy.a(stm32h7xx_hal_rcc.o)
                0x000000000800a0e8                HAL_RCC_ClockConfig
 .text.HAL_RCC_GetHCLKFreq
                0x000000000800a31c       0x2c ../../libDaisy/build/libdaisy.a(stm32h7xx_hal_rcc.o)
                0x000000000800a31c                HAL_RCC_GetHCLKFreq
 .text.HAL_RCC_GetPCLK1Freq
                0x000000000800a348       0x38 ../../libDaisy/build/libdaisy.a(stm32h7xx_hal_rcc.o)
                0x000000000800a348                HAL_RCC_GetPCLK1Freq
 .text.HAL_RCC_GetPCLK2Freq
                0x000000000800a380       0x38 ../../libDaisy/build/libdaisy.a(stm32h7xx_hal_rcc.o)
                0x000000000800a380                HAL_RCC_GetPCLK2Freq
 .text.RCCEx_PLL2_Config
                0x000000000800a3b8       0xf4 ../../libDaisy/build/libdaisy.a(stm32h7xx_hal_rcc_ex.o)
 .text.RCCEx_PLL3_Config
                0x000000000800a4ac       0xf4 ../../libDaisy/build/libdaisy.a(stm32h7xx_hal_rcc_ex.o)
 .text.HAL_RCCEx_PeriphCLKConfig
                0x000000000800a5a0      0xa7c ../../libDaisy/build/libdaisy.a(stm32h7xx_hal_rcc_ex.o)
                0x000000000800a5a0                HAL_RCCEx_PeriphCLKConfig
 .text.HAL_RCCEx_GetD3PCLK1Freq
                0x000000000800b01c       0x24 ../../libDaisy/build/libdaisy.a(stm32h7xx_hal_rcc_ex.o)
                0x000000000800b01c                HAL_RCCEx_GetD3PCLK1Freq
 .text.HAL_RCCEx_GetPLL2ClockFreq
                0x000000000800b040      0x17c ../../libDaisy/build/libdaisy.a(stm32h7xx_hal_rcc_ex.o)
                0x000000000800b040                HAL_RCCEx_GetPLL2ClockFreq
 .text.HAL_RCCEx_GetPLL3ClockFreq
                0x000000000800b1bc      0x17c ../../libDaisy/build/libdaisy.a(stm32h7xx_hal_rcc_ex.o)
                0x000000000800b1bc                HAL_RCCEx_GetPLL3ClockFreq
 .text.HAL_RCCEx_GetPLL1ClockFreq
                0x000000000800b338      0x17c ../../libDaisy/build/libdaisy.a(stm32h7xx_hal_rcc_ex.o)
                0x000000000800b338                HAL_RCCEx_GetPLL1ClockFreq
 .text.HAL_RCCEx_GetPeriphCLKFreq
                0x000000000800b4b4      0x198 ../../libDaisy/build/libdaisy.a(stm32h7xx_hal_rcc_ex.o)
                0x000000000800b4b4                HAL_RCCEx_GetPeriphCLKFreq
 .text.HAL_RCCEx_GetD1SysClockFreq
                0x000000000800b64c       0x2c ../../libDaisy/build/libdaisy.a(stm32h7xx_hal_rcc_ex.o)
                0x000000000800b64c                HAL_RCCEx_GetD1SysClockFreq
 .text.HAL_SAI_Init.part.0
                0x000000000800b678      0x348 ../../libDaisy/build/libdaisy.a(stm32h7xx_hal_sai.o)
 .text.HAL_SAI_InitProtocol
                0x000000000800b9c0      0x178 ../../libDaisy/build/libdaisy.a(stm32h7xx_hal_sai.o)
                0x000000000800b9c0                HAL_SAI_InitProtocol
 .text.HAL_SAI_Transmit_DMA
                0x000000000800bb38      0x124 ../../libDaisy/build/libdaisy.a(stm32h7xx_hal_sai.o)
                0x000000000800bb38                HAL_SAI_Transmit_DMA
 .text.HAL_SAI_Receive_DMA
                0x000000000800bc5c       0xd0 ../../libDaisy/build/libdaisy.a(stm32h7xx_hal_sai.o)
                0x000000000800bc5c                HAL_SAI_Receive_DMA
 .text.HAL_SAI_TxCpltCallback
                0x000000000800bd2c        0x4 ../../libDaisy/build/libdaisy.a(stm32h7xx_hal_sai.o)
                0x000000000800bd2c                HAL_SAI_TxCpltCallback
 .text.SAI_DMATxCplt
                0x000000000800bd30       0x64 ../../libDaisy/build/libdaisy.a(stm32h7xx_hal_sai.o)
 .text.HAL_SAI_TxHalfCpltCallback
                0x000000000800bd94        0x4 ../../libDaisy/build/libdaisy.a(stm32h7xx_hal_sai.o)
                0x000000000800bd94                HAL_SAI_TxHalfCpltCallback
 .text.SAI_DMATxHalfCplt
                0x000000000800bd98        0xc ../../libDaisy/build/libdaisy.a(stm32h7xx_hal_sai.o)
 .text.SAI_DMARxCplt
                0x000000000800bda4       0x64 ../../libDaisy/build/libdaisy.a(stm32h7xx_hal_sai.o)
 .text.SAI_DMARxHalfCplt
                0x000000000800be08        0xc ../../libDaisy/build/libdaisy.a(stm32h7xx_hal_sai.o)
 .text.HAL_SAI_ErrorCallback
                0x000000000800be14        0x4 ../../libDaisy/build/libdaisy.a(stm32h7xx_hal_sai.o)
                0x000000000800be14                HAL_SAI_ErrorCallback
 .text.SAI_DMAError
                0x000000000800be18       0x6c ../../libDaisy/build/libdaisy.a(stm32h7xx_hal_sai.o)
 .text.HAL_SDRAM_Init
                0x000000000800be84       0x54 ../../libDaisy/build/libdaisy.a(stm32h7xx_hal_sdram.o)
                0x000000000800be84                HAL_SDRAM_Init
 .text.HAL_SDRAM_SendCommand
                0x000000000800bed8       0x40 ../../libDaisy/build/libdaisy.a(stm32h7xx_hal_sdram.o)
                0x000000000800bed8                HAL_SDRAM_SendCommand
 .text.HAL_SDRAM_ProgramRefreshRate
                0x000000000800bf18       0x30 ../../libDaisy/build/libdaisy.a(stm32h7xx_hal_sdram.o)
                0x000000000800bf18                HAL_SDRAM_ProgramRefreshRate
 .text.FMC_SDRAM_Init
                0x000000000800bf48       0x7c ../../libDaisy/build/libdaisy.a(stm32h7xx_ll_fmc.o)
                0x000000000800bf48                FMC_SDRAM_Init
 .text.FMC_SDRAM_Timing_Init
                0x000000000800bfc4       0x98 ../../libDaisy/build/libdaisy.a(stm32h7xx_ll_fmc.o)
                0x000000000800bfc4                FMC_SDRAM_Timing_Init
 .text.FMC_SDRAM_SendCommand
                0x000000000800c05c       0x28 ../../libDaisy/build/libdaisy.a(stm32h7xx_ll_fmc.o)
                0x000000000800c05c                FMC_SDRAM_SendCommand
 .text.FMC_SDRAM_ProgramRefreshRate
                0x000000000800c084       0x1c ../../libDaisy/build/libdaisy.a(stm32h7xx_ll_fmc.o)
                0x000000000800c084                FMC_SDRAM_ProgramRefreshRate
 .text.USB_CoreInit
                0x000000000800c0a0      0x124 ../../libDaisy/build/libdaisy.a(stm32h7xx_ll_usb.o)
                0x000000000800c0a0                USB_CoreInit
 .text.USB_SetTurnaroundTime
                0x000000000800c1c4      0x104 ../../libDaisy/build/libdaisy.a(stm32h7xx_ll_usb.o)
                0x000000000800c1c4                USB_SetTurnaroundTime
 .text.USB_EnableGlobalInt
                0x000000000800c2c8       0x10 ../../libDaisy/build/libdaisy.a(stm32h7xx_ll_usb.o)
                0x000000000800c2c8                USB_EnableGlobalInt
 .text.USB_DisableGlobalInt
                0x000000000800c2d8       0x10 ../../libDaisy/build/libdaisy.a(stm32h7xx_ll_usb.o)
                0x000000000800c2d8                USB_DisableGlobalInt
 .text.USB_SetCurrentMode
                0x000000000800c2e8       0x30 ../../libDaisy/build/libdaisy.a(stm32h7xx_ll_usb.o)
                0x000000000800c2e8                USB_SetCurrentMode
 .text.USB_DevInit
                0x000000000800c318      0x20c ../../libDaisy/build/libdaisy.a(stm32h7xx_ll_usb.o)
                0x000000000800c318                USB_DevInit
 .text.USB_FlushTxFifo
                0x000000000800c524       0x34 ../../libDaisy/build/libdaisy.a(stm32h7xx_ll_usb.o)
                0x000000000800c524                USB_FlushTxFifo
 .text.USB_GetDevSpeed
                0x000000000800c558       0x24 ../../libDaisy/build/libdaisy.a(stm32h7xx_ll_usb.o)
                0x000000000800c558                USB_GetDevSpeed
 .text.USB_ActivateEndpoint
                0x000000000800c57c       0x90 ../../libDaisy/build/libdaisy.a(stm32h7xx_ll_usb.o)
                0x000000000800c57c                USB_ActivateEndpoint
 .text.USB_DeactivateEndpoint
                0x000000000800c60c       0x84 ../../libDaisy/build/libdaisy.a(stm32h7xx_ll_usb.o)
                0x000000000800c60c                USB_DeactivateEndpoint
 .text.USB_EPStartXfer
                0x000000000800c690      0x230 ../../libDaisy/build/libdaisy.a(stm32h7xx_ll_usb.o)
                0x000000000800c690                USB_EPStartXfer
 .text.USB_EP0StartXfer
                0x000000000800c8c0      0x174 ../../libDaisy/build/libdaisy.a(stm32h7xx_ll_usb.o)
                0x000000000800c8c0                USB_EP0StartXfer
 .text.USB_WritePacket
                0x000000000800ca34       0x2c ../../libDaisy/build/libdaisy.a(stm32h7xx_ll_usb.o)
                0x000000000800ca34                USB_WritePacket
 .text.USB_ReadPacket
                0x000000000800ca60       0x20 ../../libDaisy/build/libdaisy.a(stm32h7xx_ll_usb.o)
                0x000000000800ca60                USB_ReadPacket
 .text.USB_EPSetStall
                0x000000000800ca80       0x68 ../../libDaisy/build/libdaisy.a(stm32h7xx_ll_usb.o)
                0x000000000800ca80                USB_EPSetStall
 .text.USB_EPClearStall
                0x000000000800cae8       0x58 ../../libDaisy/build/libdaisy.a(stm32h7xx_ll_usb.o)
                0x000000000800cae8                USB_EPClearStall
 .text.USB_SetDevAddress
                0x000000000800cb40       0x24 ../../libDaisy/build/libdaisy.a(stm32h7xx_ll_usb.o)
                0x000000000800cb40                USB_SetDevAddress
 .text.USB_DevConnect
                0x000000000800cb64       0x1c ../../libDaisy/build/libdaisy.a(stm32h7xx_ll_usb.o)
                0x000000000800cb64                USB_DevConnect
 .text.USB_DevDisconnect
                0x000000000800cb80       0x1c ../../libDaisy/build/libdaisy.a(stm32h7xx_ll_usb.o)
                0x000000000800cb80                USB_DevDisconnect
 .text.USB_ReadInterrupts
                0x000000000800cb9c       0x14 ../../libDaisy/build/libdaisy.a(stm32h7xx_ll_usb.o)
                0x000000000800cb9c                USB_ReadInterrupts
 .text.USB_ReadDevAllOutEpInterrupt
                0x000000000800cbb0       0x1c ../../libDaisy/build/libdaisy.a(stm32h7xx_ll_usb.o)
                0x000000000800cbb0                USB_ReadDevAllOutEpInterrupt
 .text.USB_ReadDevAllInEpInterrupt
                0x000000000800cbcc       0x1c ../../libDaisy/build/libdaisy.a(stm32h7xx_ll_usb.o)
                0x000000000800cbcc                USB_ReadDevAllInEpInterrupt
 .text.USB_ReadDevOutEPInterrupt
                0x000000000800cbe8       0x1c ../../libDaisy/build/libdaisy.a(stm32h7xx_ll_usb.o)
                0x000000000800cbe8                USB_ReadDevOutEPInterrupt
 .text.USB_ReadDevInEPInterrupt
                0x000000000800cc04       0x38 ../../libDaisy/build/libdaisy.a(stm32h7xx_ll_usb.o)
                0x000000000800cc04                USB_ReadDevInEPInterrupt
 .text.USB_GetMode
                0x000000000800cc3c        0x8 ../../libDaisy/build/libdaisy.a(stm32h7xx_ll_usb.o)
                0x000000000800cc3c                USB_GetMode
 .text.USB_ActivateSetup
                0x000000000800cc44       0x38 ../../libDaisy/build/libdaisy.a(stm32h7xx_ll_usb.o)
                0x000000000800cc44                USB_ActivateSetup
 .text.USB_EP0_OutStart
                0x000000000800cc7c       0x58 ../../libDaisy/build/libdaisy.a(stm32h7xx_ll_usb.o)
                0x000000000800cc7c                USB_EP0_OutStart
 .text.USB_InitFSLSPClkSel
                0x000000000800ccd4       0x44 ../../libDaisy/build/libdaisy.a(stm32h7xx_ll_usb.o)
                0x000000000800ccd4                USB_InitFSLSPClkSel
 .text.USB_HC_ReadInterrupt
                0x000000000800cd18        0x8 ../../libDaisy/build/libdaisy.a(stm32h7xx_ll_usb.o)
                0x000000000800cd18                USB_HC_ReadInterrupt
 .text.USB_HC_Halt
                0x000000000800cd20       0xc0 ../../libDaisy/build/libdaisy.a(stm32h7xx_ll_usb.o)
                0x000000000800cd20                USB_HC_Halt
 .text.USB_StopHost
                0x000000000800cde0      0x2ec ../../libDaisy/build/libdaisy.a(stm32h7xx_ll_usb.o)
                0x000000000800cde0                USB_StopHost
 .text.USBD_CDC_EP0_RxReady
                0x000000000800d0cc       0x2c ../../libDaisy/build/libdaisy.a(usbd_cdc.o)
 .text.USBD_CDC_GetFSCfgDesc
                0x000000000800d0f8       0x24 ../../libDaisy/build/libdaisy.a(usbd_cdc.o)
 .text.USBD_CDC_GetHSCfgDesc
                0x000000000800d11c       0x24 ../../libDaisy/build/libdaisy.a(usbd_cdc.o)
 .text.USBD_CDC_GetOtherSpeedCfgDesc
                0x000000000800d140       0x24 ../../libDaisy/build/libdaisy.a(usbd_cdc.o)
 .text.USBD_CDC_GetDeviceQualifierDescriptor
                0x000000000800d164       0x10 ../../libDaisy/build/libdaisy.a(usbd_cdc.o)
                0x000000000800d164                USBD_CDC_GetDeviceQualifierDescriptor
 .text.USBD_CDC_DataOut
                0x000000000800d174       0x30 ../../libDaisy/build/libdaisy.a(usbd_cdc.o)
 .text.USBD_CDC_DataIn
                0x000000000800d1a4       0x50 ../../libDaisy/build/libdaisy.a(usbd_cdc.o)
 .text.USBD_CDC_Setup
                0x000000000800d1f4       0xcc ../../libDaisy/build/libdaisy.a(usbd_cdc.o)
 .text.USBD_CDC_DeInit
                0x000000000800d2c0       0x44 ../../libDaisy/build/libdaisy.a(usbd_cdc.o)
 .text.USBD_CDC_Init
                0x000000000800d304       0x94 ../../libDaisy/build/libdaisy.a(usbd_cdc.o)
 .text.USBD_CDC_RegisterInterface
                0x000000000800d398       0x10 ../../libDaisy/build/libdaisy.a(usbd_cdc.o)
                0x000000000800d398                USBD_CDC_RegisterInterface
 .text.USBD_CDC_SetTxBuffer
                0x000000000800d3a8       0x14 ../../libDaisy/build/libdaisy.a(usbd_cdc.o)
                0x000000000800d3a8                USBD_CDC_SetTxBuffer
 .text.USBD_CDC_SetRxBuffer
                0x000000000800d3bc       0x10 ../../libDaisy/build/libdaisy.a(usbd_cdc.o)
                0x000000000800d3bc                USBD_CDC_SetRxBuffer
 .text.USBD_CDC_TransmitPacket
                0x000000000800d3cc       0x34 ../../libDaisy/build/libdaisy.a(usbd_cdc.o)
                0x000000000800d3cc                USBD_CDC_TransmitPacket
 .text.USBD_CDC_ReceivePacket
                0x000000000800d400       0x38 ../../libDaisy/build/libdaisy.a(usbd_cdc.o)
                0x000000000800d400                USBD_CDC_ReceivePacket
 .text.USBD_Init
                0x000000000800d438       0x44 ../../libDaisy/build/libdaisy.a(usbd_core.o)
                0x000000000800d438                USBD_Init
 .text.USBD_RegisterClass
                0x000000000800d47c       0x2c ../../libDaisy/build/libdaisy.a(usbd_core.o)
                0x000000000800d47c                USBD_RegisterClass
 .text.USBD_Start
                0x000000000800d4a8        0xc ../../libDaisy/build/libdaisy.a(usbd_core.o)
                0x000000000800d4a8                USBD_Start
 .text.USBD_SetClassConfig
                0x000000000800d4b4       0x14 ../../libDaisy/build/libdaisy.a(usbd_core.o)
                0x000000000800d4b4                USBD_SetClassConfig
 .text.USBD_ClrClassConfig
                0x000000000800d4c8       0x10 ../../libDaisy/build/libdaisy.a(usbd_core.o)
                0x000000000800d4c8                USBD_ClrClassConfig
 .text.USBD_LL_SetupStage
                0x000000000800d4d8       0x5c ../../libDaisy/build/libdaisy.a(usbd_core.o)
                0x000000000800d4d8                USBD_LL_SetupStage
 .text.USBD_LL_DataOutStage
                0x000000000800d534       0x7c ../../libDaisy/build/libdaisy.a(usbd_core.o)
                0x000000000800d534                USBD_LL_DataOutStage
 .text.USBD_LL_DataInStage
                0x000000000800d5b0       0xcc ../../libDaisy/build/libdaisy.a(usbd_core.o)
                0x000000000800d5b0                USBD_LL_DataInStage
 .text.USBD_LL_Reset
                0x000000000800d67c       0x50 ../../libDaisy/build/libdaisy.a(usbd_core.o)
                0x000000000800d67c                USBD_LL_Reset
 .text.USBD_LL_SetSpeed
                0x000000000800d6cc        0x8 ../../libDaisy/build/libdaisy.a(usbd_core.o)
                0x000000000800d6cc                USBD_LL_SetSpeed
 .text.USBD_LL_Suspend
                0x000000000800d6d4       0x14 ../../libDaisy/build/libdaisy.a(usbd_core.o)
                0x000000000800d6d4                USBD_LL_Suspend
 .text.USBD_LL_Resume
                0x000000000800d6e8       0x10 ../../libDaisy/build/libdaisy.a(usbd_core.o)
                0x000000000800d6e8                USBD_LL_Resume
 .text.USBD_LL_SOF
                0x000000000800d6f8       0x1c ../../libDaisy/build/libdaisy.a(usbd_core.o)
                0x000000000800d6f8                USBD_LL_SOF
 .text.USBD_LL_IsoINIncomplete
                0x000000000800d714        0x4 ../../libDaisy/build/libdaisy.a(usbd_core.o)
                0x000000000800d714                USBD_LL_IsoINIncomplete
 .text.USBD_LL_IsoOUTIncomplete
                0x000000000800d718        0x4 ../../libDaisy/build/libdaisy.a(usbd_core.o)
                0x000000000800d718                USBD_LL_IsoOUTIncomplete
 .text.USBD_LL_DevConnected
                0x000000000800d71c        0x4 ../../libDaisy/build/libdaisy.a(usbd_core.o)
                0x000000000800d71c                USBD_LL_DevConnected
 .text.USBD_LL_DevDisconnected
                0x000000000800d720       0x18 ../../libDaisy/build/libdaisy.a(usbd_core.o)
                0x000000000800d720                USBD_LL_DevDisconnected
 .text.USBD_StdDevReq
                0x000000000800d738      0x304 ../../libDaisy/build/libdaisy.a(usbd_ctlreq.o)
                0x000000000800d738                USBD_StdDevReq
 .text.USBD_StdItfReq
                0x000000000800da3c       0x68 ../../libDaisy/build/libdaisy.a(usbd_ctlreq.o)
                0x000000000800da3c                USBD_StdItfReq
 .text.USBD_StdEPReq
                0x000000000800daa4      0x13c ../../libDaisy/build/libdaisy.a(usbd_ctlreq.o)
                0x000000000800daa4                USBD_StdEPReq
 .text.USBD_ParseSetupRequest
                0x000000000800dbe0       0x28 ../../libDaisy/build/libdaisy.a(usbd_ctlreq.o)
                0x000000000800dbe0                USBD_ParseSetupRequest
 .text.USBD_CtlError
                0x000000000800dc08       0x18 ../../libDaisy/build/libdaisy.a(usbd_ctlreq.o)
                0x000000000800dc08                USBD_CtlError
 .text.USBD_GetString
                0x000000000800dc20       0x54 ../../libDaisy/build/libdaisy.a(usbd_ctlreq.o)
                0x000000000800dc20                USBD_GetString
 .text.USBD_CtlSendData
                0x000000000800dc74       0x1c ../../libDaisy/build/libdaisy.a(usbd_ioreq.o)
                0x000000000800dc74                USBD_CtlSendData
 .text.USBD_CtlContinueSendData
                0x000000000800dc90       0x14 ../../libDaisy/build/libdaisy.a(usbd_ioreq.o)
                0x000000000800dc90                USBD_CtlContinueSendData
 .text.USBD_CtlPrepareRx
                0x000000000800dca4       0x1c ../../libDaisy/build/libdaisy.a(usbd_ioreq.o)
                0x000000000800dca4                USBD_CtlPrepareRx
 .text.USBD_CtlContinueRx
                0x000000000800dcc0       0x14 ../../libDaisy/build/libdaisy.a(usbd_ioreq.o)
                0x000000000800dcc0                USBD_CtlContinueRx
 .text.USBD_CtlSendStatus
                0x000000000800dcd4       0x18 ../../libDaisy/build/libdaisy.a(usbd_ioreq.o)
                0x000000000800dcd4                USBD_CtlSendStatus
 .text.USBD_CtlReceiveStatus
                0x000000000800dcec       0x18 ../../libDaisy/build/libdaisy.a(usbd_ioreq.o)
                0x000000000800dcec                USBD_CtlReceiveStatus
 .text.USBH_LL_IncTimer
                0x000000000800dd04       0x20 ../../libDaisy/build/libdaisy.a(usbh_core.o)
                0x000000000800dd04                USBH_LL_IncTimer
 .text.USBH_LL_PortEnabled
                0x000000000800dd24        0x8 ../../libDaisy/build/libdaisy.a(usbh_core.o)
                0x000000000800dd24                USBH_LL_PortEnabled
 .text.USBH_LL_PortDisabled
                0x000000000800dd2c        0x8 ../../libDaisy/build/libdaisy.a(usbh_core.o)
                0x000000000800dd2c                USBH_LL_PortDisabled
 .text.USBH_LL_Connect
                0x000000000800dd34       0x18 ../../libDaisy/build/libdaisy.a(usbh_core.o)
                0x000000000800dd34                USBH_LL_Connect
 .text.USBH_LL_Disconnect
                0x000000000800dd4c       0x2c ../../libDaisy/build/libdaisy.a(usbh_core.o)
                0x000000000800dd4c                USBH_LL_Disconnect
 .text.USBH_FreePipe
                0x000000000800dd78       0x18 ../../libDaisy/build/libdaisy.a(usbh_pipes.o)
                0x000000000800dd78                USBH_FreePipe
 .text._ZN5daisy6Random4InitEv
                0x000000000800dd90       0x3c ../../libDaisy/build/libdaisy.a(rng.o)
                0x000000000800dd90                daisy::Random::Init()
 .text._ZN5daisy9SpiHandle4Impl7InitDmaEv
                0x000000000800ddcc       0xec ../../libDaisy/build/libdaisy.a(spi.o)
                0x000000000800ddcc                daisy::SpiHandle::Impl::InitDma()
 .text._ZN5daisy9SpiHandle4Impl10StartDmaTxEPhjPFvPvEPFvS3_NS0_6ResultEES3_
                0x000000000800deb8       0xc8 ../../libDaisy/build/libdaisy.a(spi.o)
                0x000000000800deb8                daisy::SpiHandle::Impl::StartDmaTx(unsigned char*, unsigned int, void (*)(void*), void (*)(void*, daisy::SpiHandle::Result), void*)
 .text._ZN5daisy9SpiHandle4Impl10StartDmaRxEPhjPFvPvEPFvS3_NS0_6ResultEES3_
                0x000000000800df80       0xc8 ../../libDaisy/build/libdaisy.a(spi.o)
                0x000000000800df80                daisy::SpiHandle::Impl::StartDmaRx(unsigned char*, unsigned int, void (*)(void*), void (*)(void*, daisy::SpiHandle::Result), void*)
 .text._ZN5daisy9SpiHandle4Impl12StartDmaRxTxEPhS2_jPFvPvEPFvS3_NS0_6ResultEES3_
                0x000000000800e048       0xcc ../../libDaisy/build/libdaisy.a(spi.o)
                0x000000000800e048                daisy::SpiHandle::Impl::StartDmaRxTx(unsigned char*, unsigned char*, unsigned int, void (*)(void*), void (*)(void*, daisy::SpiHandle::Result), void*)
 .text._ZN5daisy9SpiHandle4Impl8InitPinsEv
                0x000000000800e114      0x274 ../../libDaisy/build/libdaisy.a(spi.o)
                0x000000000800e114                daisy::SpiHandle::Impl::InitPins()
 .text.HAL_SPI_MspInit
                0x000000000800e388      0x1a8 ../../libDaisy/build/libdaisy.a(spi.o)
                0x000000000800e388                HAL_SPI_MspInit
 .text.dsy_spi_global_init
                0x000000000800e530       0x80 ../../libDaisy/build/libdaisy.a(spi.o)
                0x000000000800e530                dsy_spi_global_init
 .text.SPI1_IRQHandler
                0x000000000800e5b0        0xc ../../libDaisy/build/libdaisy.a(spi.o)
                0x000000000800e5b0                SPI1_IRQHandler
 .text.SPI2_IRQHandler
                0x000000000800e5bc        0xc ../../libDaisy/build/libdaisy.a(spi.o)
                0x000000000800e5bc                SPI2_IRQHandler
 .text.SPI3_IRQHandler
                0x000000000800e5c8        0xc ../../libDaisy/build/libdaisy.a(spi.o)
                0x000000000800e5c8                SPI3_IRQHandler
 .text.SPI4_IRQHandler
                0x000000000800e5d4        0xc ../../libDaisy/build/libdaisy.a(spi.o)
                0x000000000800e5d4                SPI4_IRQHandler
 .text.SPI5_IRQHandler
                0x000000000800e5e0        0xc ../../libDaisy/build/libdaisy.a(spi.o)
                0x000000000800e5e0                SPI5_IRQHandler
 .text.DMA2_Stream2_IRQHandler
                0x000000000800e5ec       0x34 ../../libDaisy/build/libdaisy.a(spi.o)
                0x000000000800e5ec                DMA2_Stream2_IRQHandler
 .text.DMA2_Stream3_IRQHandler
                0x000000000800e620       0x38 ../../libDaisy/build/libdaisy.a(spi.o)
                0x000000000800e620                DMA2_Stream3_IRQHandler
 .text.HAL_SPI_TxCpltCallback
                0x000000000800e658       0xc4 ../../libDaisy/build/libdaisy.a(spi.o)
                0x000000000800e658                HAL_SPI_TxCpltCallback
 .text.HAL_SPI_RxCpltCallback
                0x000000000800e71c       0xc4 ../../libDaisy/build/libdaisy.a(spi.o)
                0x000000000800e71c                HAL_SPI_RxCpltCallback
 .text.HAL_SPI_TxRxCpltCallback
                0x000000000800e7e0       0xc4 ../../libDaisy/build/libdaisy.a(spi.o)
                0x000000000800e7e0                HAL_SPI_TxRxCpltCallback
 .text.HAL_SPI_ErrorCallback
                0x000000000800e8a4       0xc8 ../../libDaisy/build/libdaisy.a(spi.o)
                0x000000000800e8a4                HAL_SPI_ErrorCallback
 .text.startup._GLOBAL__sub_I__Z19MapInstanceToHandleP11SPI_TypeDef
                0x000000000800e96c      0x1b0 ../../libDaisy/build/libdaisy.a(spi.o)
 .text.HAL_TIM_Base_MspInit
                0x000000000800eb1c      0x1e0 ../../libDaisy/build/libdaisy.a(tim.o)
                0x000000000800eb1c                HAL_TIM_Base_MspInit
 .text.HAL_TIM_PeriodElapsedCallback
                0x000000000800ecfc       0x44 ../../libDaisy/build/libdaisy.a(tim.o)
                0x000000000800ecfc                HAL_TIM_PeriodElapsedCallback
 .text.TIM2_IRQHandler
                0x000000000800ed40        0xc ../../libDaisy/build/libdaisy.a(tim.o)
                0x000000000800ed40                TIM2_IRQHandler
 .text.TIM3_IRQHandler
                0x000000000800ed4c        0xc ../../libDaisy/build/libdaisy.a(tim.o)
                0x000000000800ed4c                TIM3_IRQHandler
 .text.TIM4_IRQHandler
                0x000000000800ed58        0xc ../../libDaisy/build/libdaisy.a(tim.o)
                0x000000000800ed58                TIM4_IRQHandler
 .text.TIM5_IRQHandler
                0x000000000800ed64        0xc ../../libDaisy/build/libdaisy.a(tim.o)
                0x000000000800ed64                TIM5_IRQHandler
 .text._ZN5daisy11TimerHandle4InitERKNS0_6ConfigE
                0x000000000800ed70       0xd0 ../../libDaisy/build/libdaisy.a(tim.o)
                0x000000000800ed70                daisy::TimerHandle::Init(daisy::TimerHandle::Config const&)
 .text._ZN5daisy11TimerHandle5StartEv
                0x000000000800ee40       0x24 ../../libDaisy/build/libdaisy.a(tim.o)
                0x000000000800ee40                daisy::TimerHandle::Start()
 .text._ZN5daisy11TimerHandle7DelayUsEm
                0x000000000800ee64       0x34 ../../libDaisy/build/libdaisy.a(tim.o)
                0x000000000800ee64                daisy::TimerHandle::DelayUs(unsigned long)
 .text.startup._GLOBAL__sub_I__ZN5daisy11TimerHandle4Impl4InitERKNS0_6ConfigE
                0x000000000800ee98       0x38 ../../libDaisy/build/libdaisy.a(tim.o)
 .text._ZL20UART_CheckRxListenerPN5daisy11UartHandler4ImplE
                0x000000000800eed0       0x84 ../../libDaisy/build/libdaisy.a(uart.o)
 .text._ZN5daisy11UartHandler4Impl10StartDmaTxEPhjPFvPvEPFvS3_NS0_6ResultEES3_
                0x000000000800ef54      0x184 ../../libDaisy/build/libdaisy.a(uart.o)
                0x000000000800ef54                daisy::UartHandler::Impl::StartDmaTx(unsigned char*, unsigned int, void (*)(void*), void (*)(void*, daisy::UartHandler::Result), void*)
 .text._ZN5daisy11UartHandler4Impl10StartDmaRxEPhjPFvPvEPFvS3_NS0_6ResultEES3_
                0x000000000800f0d8      0x184 ../../libDaisy/build/libdaisy.a(uart.o)
                0x000000000800f0d8                daisy::UartHandler::Impl::StartDmaRx(unsigned char*, unsigned int, void (*)(void*), void (*)(void*, daisy::UartHandler::Result), void*)
 .text._ZN5daisy11UartHandler4Impl19DmaTransferFinishedEP20__UART_HandleTypeDefNS0_6ResultE
                0x000000000800f25c       0xc0 ../../libDaisy/build/libdaisy.a(uart.o)
                0x000000000800f25c                daisy::UartHandler::Impl::DmaTransferFinished(__UART_HandleTypeDef*, daisy::UartHandler::Result)
 .text._ZN5daisy11UartHandler4Impl8InitPinsEv
                0x000000000800f31c      0x154 ../../libDaisy/build/libdaisy.a(uart.o)
                0x000000000800f31c                daisy::UartHandler::Impl::InitPins()
 .text.HAL_UART_MspInit
                0x000000000800f470      0x210 ../../libDaisy/build/libdaisy.a(uart.o)
                0x000000000800f470                HAL_UART_MspInit
 .text.dsy_uart_global_init
                0x000000000800f680       0xfc ../../libDaisy/build/libdaisy.a(uart.o)
                0x000000000800f680                dsy_uart_global_init
 .text.USART1_IRQHandler
                0x000000000800f77c       0x2c ../../libDaisy/build/libdaisy.a(uart.o)
                0x000000000800f77c                USART1_IRQHandler
 .text.USART2_IRQHandler
                0x000000000800f7a8       0x34 ../../libDaisy/build/libdaisy.a(uart.o)
                0x000000000800f7a8                USART2_IRQHandler
 .text.USART3_IRQHandler
                0x000000000800f7dc       0x34 ../../libDaisy/build/libdaisy.a(uart.o)
                0x000000000800f7dc                USART3_IRQHandler
 .text.UART4_IRQHandler
                0x000000000800f810       0x34 ../../libDaisy/build/libdaisy.a(uart.o)
                0x000000000800f810                UART4_IRQHandler
 .text.UART5_IRQHandler
                0x000000000800f844       0x34 ../../libDaisy/build/libdaisy.a(uart.o)
                0x000000000800f844                UART5_IRQHandler
 .text.USART6_IRQHandler
                0x000000000800f878       0x34 ../../libDaisy/build/libdaisy.a(uart.o)
                0x000000000800f878                USART6_IRQHandler
 .text.UART7_IRQHandler
                0x000000000800f8ac       0x34 ../../libDaisy/build/libdaisy.a(uart.o)
                0x000000000800f8ac                UART7_IRQHandler
 .text.UART8_IRQHandler
                0x000000000800f8e0       0x34 ../../libDaisy/build/libdaisy.a(uart.o)
                0x000000000800f8e0                UART8_IRQHandler
 .text.LPUART1_IRQHandler
                0x000000000800f914       0x34 ../../libDaisy/build/libdaisy.a(uart.o)
                0x000000000800f914                LPUART1_IRQHandler
 .text.DMA1_Stream5_IRQHandler
                0x000000000800f948       0x34 ../../libDaisy/build/libdaisy.a(uart.o)
                0x000000000800f948                DMA1_Stream5_IRQHandler
 .text.DMA2_Stream4_IRQHandler
                0x000000000800f97c       0x38 ../../libDaisy/build/libdaisy.a(uart.o)
                0x000000000800f97c                DMA2_Stream4_IRQHandler
 .text.HAL_UART_TxCpltCallback
                0x000000000800f9b4        0x8 ../../libDaisy/build/libdaisy.a(uart.o)
                0x000000000800f9b4                HAL_UART_TxCpltCallback
 .text.HAL_UART_RxCpltCallback
                0x000000000800f9bc       0x94 ../../libDaisy/build/libdaisy.a(uart.o)
                0x000000000800f9bc                HAL_UART_RxCpltCallback
 .text.HAL_UART_RxHalfCpltCallback
                0x000000000800fa50       0x90 ../../libDaisy/build/libdaisy.a(uart.o)
                0x000000000800fa50                HAL_UART_RxHalfCpltCallback
 .text.HAL_UART_ErrorCallback
                0x000000000800fae0        0x8 ../../libDaisy/build/libdaisy.a(uart.o)
                0x000000000800fae0                HAL_UART_ErrorCallback
 .text.startup._GLOBAL__sub_I__Z19MapInstanceToHandleP13USART_TypeDef
                0x000000000800fae8      0x194 ../../libDaisy/build/libdaisy.a(uart.o)
 .text.dsy_dma_init
                0x000000000800fc7c      0x100 ../../libDaisy/build/libdaisy.a(dma.o)
                0x000000000800fc7c                dsy_dma_init
 .text.dsy_dma_invalidate_cache_for_buffer
                0x000000000800fd7c       0x2c ../../libDaisy/build/libdaisy.a(dma.o)
                0x000000000800fd7c                dsy_dma_invalidate_cache_for_buffer
 .text.HAL_MDMA_Abort_IT
                0x000000000800fda8       0x2c ../../libDaisy/build/libdaisy.a(stm32h7xx_hal_mdma.o)
                0x000000000800fda8                HAL_MDMA_Abort_IT
 .text.SPI_CloseTransfer
                0x000000000800fdd4       0xb8 ../../libDaisy/build/libdaisy.a(stm32h7xx_hal_spi.o)
 .text.HAL_SPI_Init
                0x000000000800fe8c      0x15c ../../libDaisy/build/libdaisy.a(stm32h7xx_hal_spi.o)
                0x000000000800fe8c                HAL_SPI_Init
 .text.HAL_SPI_Transmit_DMA
                0x000000000800ffe8      0x170 ../../libDaisy/build/libdaisy.a(stm32h7xx_hal_spi.o)
                0x000000000800ffe8                HAL_SPI_Transmit_DMA
 .text.HAL_SPI_TransmitReceive_DMA
                0x0000000008010158      0x218 ../../libDaisy/build/libdaisy.a(stm32h7xx_hal_spi.o)
                0x0000000008010158                HAL_SPI_TransmitReceive_DMA
 .text.HAL_SPI_Receive_DMA
                0x0000000008010370      0x1b4 ../../libDaisy/build/libdaisy.a(stm32h7xx_hal_spi.o)
                0x0000000008010370                HAL_SPI_Receive_DMA
 .text.SPI_DMATransmitCplt
                0x0000000008010524       0x28 ../../libDaisy/build/libdaisy.a(stm32h7xx_hal_spi.o)
 .text.SPI_DMAReceiveCplt
                0x000000000801054c       0x28 ../../libDaisy/build/libdaisy.a(stm32h7xx_hal_spi.o)
 .text.SPI_DMATransmitReceiveCplt
                0x0000000008010574       0x28 ../../libDaisy/build/libdaisy.a(stm32h7xx_hal_spi.o)
 .text.HAL_SPI_TxHalfCpltCallback
                0x000000000801059c        0x4 ../../libDaisy/build/libdaisy.a(stm32h7xx_hal_spi.o)
                0x000000000801059c                HAL_SPI_TxHalfCpltCallback
 .text.SPI_DMAHalfTransmitCplt
                0x00000000080105a0        0xc ../../libDaisy/build/libdaisy.a(stm32h7xx_hal_spi.o)
 .text.HAL_SPI_RxHalfCpltCallback
                0x00000000080105ac        0x4 ../../libDaisy/build/libdaisy.a(stm32h7xx_hal_spi.o)